command-line param: r1=0.12
command-line param: r2=0.2456985640859301
init-params: initializing eigensolver data
Computing 8 bands with 1.000000e-07 tolerance.
Working in 3 dimensions.
Grid size is 32 x 32 x 128.
Solving for 8 bands at a time.
Creating Maxwell data...
Mesh size is 3.
Lattice vectors:
     (1, 0, 0)
     (0.5, 0.866025, 0)
     (0, 0, 4)
Cell volume = 3.4641
Reciprocal lattice vectors (/ 2 pi):
     (1, -0.57735, 0)
     (-0, 1.1547, -0)
     (0, -0, 0.25)
Geometric objects:
     block, center = (0,0,0)
          size (1,1,0.5)
          axes (1,0,0), (0,1,0), (0,0,1)
          epsilon = 9.61, mu = 1
     cylinder, center = (0.333333,0.333333,0)
          radius 0.12, height 0.5, axis (0, 0, 1)
          epsilon = 1, mu = 1
     cylinder, center = (0.666667,0.666667,0)
          radius 0.245699, height 0.5, axis (0, 0, 1)
          epsilon = 1, mu = 1
Geometric object tree has depth 4 and 36 object nodes (vs. 3 actual objects)
Initializing epsilon function...
Allocating fields...
22 k-points:
     (0,0,0)
     (0.0047619,0.00238095,0)
     (0.00952381,0.0047619,0)
     (0.0142857,0.00714286,0)
     (0.0190476,0.00952381,0)
     (0.0238095,0.0119048,0)
     (0.0285714,0.0142857,0)
     (0.0333333,0.0166667,0)
     (0.0380952,0.0190476,0)
     (0.0428571,0.0214286,0)
     (0.047619,0.0238095,0)
     (0.052381,0.0261905,0)
     (0.0571429,0.0285714,0)
     (0.0619048,0.0309524,0)
     (0.0666667,0.0333333,0)
     (0.0714286,0.0357143,0)
     (0.0761905,0.0380952,0)
     (0.0809524,0.0404762,0)
     (0.0857143,0.0428571,0)
     (0.0904762,0.0452381,0)
     (0.0952381,0.047619,0)
     (0.1,0.05,0)
Solving for band polarization: zodd.
Initializing fields to random numbers...
elapsed time for initialization: 0 seconds.
epsilon: 1-9.61, mean 1.78595, harm. mean 1.09758, 10.3027% > 1, 9.12836% "fill"
Outputting simulation_slab_opt_along_x-epsilon...
solve_kpoint (0,0,0):
zoddfreqs:, k index, k1, k2, k3, kmag/2pi, zodd band 1, zodd band 2, zodd band 3, zodd band 4, zodd band 5, zodd band 6, zodd band 7, zodd band 8
Solving for bands 2 to 8...
    linmin: converged after 9 iterations.
    linmin: converged after 10 iterations.
    linmin: converged after 5 iterations.
    linmin: converged after 4 iterations.
    linmin: converged after 4 iterations.
    linmin: converged after 4 iterations.
    linmin: converged after 5 iterations.
    linmin: converged after 4 iterations.
    linmin: converged after 3 iterations.
    linmin: converged after 4 iterations.
    linmin: converged after 4 iterations.
    linmin: converged after 3 iterations.
    linmin: converged after 3 iterations.
    linmin: converged after 3 iterations.
    linmin: converged after 3 iterations.
    linmin: converged after 4 iterations.
    linmin: converged after 4 iterations.
    linmin: converged after 4 iterations.
    linmin: converged after 4 iterations.
    linmin: converged after 2 iterations.
    linmin: converged after 2 iterations.
    linmin: converged after 2 iterations.
    linmin: converged after 2 iterations.
    linmin: converged after 2 iterations.
    linmin: converged after 2 iterations.
    linmin: converged after 2 iterations.
    linmin: converged after 2 iterations.
    linmin: converged after 2 iterations.
    linmin: converged after 2 iterations.
Finished solving for bands 2 to 8 after 29 iterations.
zoddfreqs:, 1, 0, 0, 0, 0, 0, 0.238891, 0.238892, 0.401454, 0.401464, 0.510562, 0.51064, 0.510659
elapsed time for k point: 1 seconds.
Fixing e-field (band 1) phase by 1 + -0i; max ampl. = 0
Fixing e-field (band 2) phase by -0.194306 + -0.980941i; max ampl. = 0.669521
Fixing e-field (band 3) phase by -0.32504 + 0.9457i; max ampl. = 0.669795
Fixing e-field (band 4) phase by -0.882261 + 0.470761i; max ampl. = 0.766345
Fixing e-field (band 5) phase by -0.820214 + 0.572057i; max ampl. = 0.783901
Fixing e-field (band 6) phase by 0.358503 + -0.933529i; max ampl. = 1.33899
Fixing e-field (band 7) phase by -0.844473 + -0.535598i; max ampl. = 1.24476
Fixing e-field (band 8) phase by -0.899462 + 0.437i; max ampl. = 1.19571
Outputting fields to simulation_slab_opt_along_x-e.v.k01.b01.z.zodd...
Outputting fields to simulation_slab_opt_along_x-e.v.k01.b02.z.zodd...
Outputting fields to simulation_slab_opt_along_x-e.v.k01.b03.z.zodd...
Outputting fields to simulation_slab_opt_along_x-e.v.k01.b04.z.zodd...
Outputting fields to simulation_slab_opt_along_x-e.v.k01.b05.z.zodd...
Outputting fields to simulation_slab_opt_along_x-e.v.k01.b06.z.zodd...
Outputting fields to simulation_slab_opt_along_x-e.v.k01.b07.z.zodd...
Outputting fields to simulation_slab_opt_along_x-e.v.k01.b08.z.zodd...
Outputting fields to simulation_slab_opt_along_x-h.v.k01.b01.y.zodd...
Outputting fields to simulation_slab_opt_along_x-h.v.k01.b02.y.zodd...
Outputting fields to simulation_slab_opt_along_x-h.v.k01.b03.y.zodd...
Outputting fields to simulation_slab_opt_along_x-h.v.k01.b04.y.zodd...
Outputting fields to simulation_slab_opt_along_x-h.v.k01.b05.y.zodd...
Outputting fields to simulation_slab_opt_along_x-h.v.k01.b06.y.zodd...
Outputting fields to simulation_slab_opt_along_x-h.v.k01.b07.y.zodd...
Outputting fields to simulation_slab_opt_along_x-h.v.k01.b08.y.zodd...
solve_kpoint (0.0047619,0.00238095,0):
Solving for bands 1 to 8...
    linmin: converged after 3 iterations.
    linmin: converged after 3 iterations.
    linmin: converged after 3 iterations.
    linmin: converged after 3 iterations.
    linmin: converged after 3 iterations.
    linmin: converged after 2 iterations.
    linmin: converged after 3 iterations.
    linmin: converged after 2 iterations.
Finished solving for bands 1 to 8 after 8 iterations.
zoddfreqs:, 2, 0.0047619, 0.00238095, 0, 0.0047619, 0.00450877, 0.238923, 0.238934, 0.401469, 0.401479, 0.509727, 0.510629, 0.511485
elapsed time for k point: 0 seconds.
Fixing e-field (band 1) phase by -1 + 1.88065e-06i; max ampl. = 0.660524
Fixing e-field (band 2) phase by 0.000767862 + 1i; max ampl. = 0.700998
Fixing e-field (band 3) phase by -0.519047 + 0.854745i; max ampl. = 0.701379
Fixing e-field (band 4) phase by 0.00258554 + 0.999997i; max ampl. = 0.744283
Fixing e-field (band 5) phase by 0.00846511 + -0.999964i; max ampl. = 0.760931
Fixing e-field (band 6) phase by 0.10339 + -0.994641i; max ampl. = 0.774354
Fixing e-field (band 7) phase by 0.533303 + 0.845924i; max ampl. = 1.26491
Fixing e-field (band 8) phase by 0.0497226 + 0.998763i; max ampl. = 0.81047
Outputting fields to simulation_slab_opt_along_x-e.v.k02.b01.z.zodd...
Outputting fields to simulation_slab_opt_along_x-e.v.k02.b02.z.zodd...
Outputting fields to simulation_slab_opt_along_x-e.v.k02.b03.z.zodd...
Outputting fields to simulation_slab_opt_along_x-e.v.k02.b04.z.zodd...
Outputting fields to simulation_slab_opt_along_x-e.v.k02.b05.z.zodd...
Outputting fields to simulation_slab_opt_along_x-e.v.k02.b06.z.zodd...
Outputting fields to simulation_slab_opt_along_x-e.v.k02.b07.z.zodd...
Outputting fields to simulation_slab_opt_along_x-e.v.k02.b08.z.zodd...
Outputting fields to simulation_slab_opt_along_x-h.v.k02.b01.y.zodd...
Outputting fields to simulation_slab_opt_along_x-h.v.k02.b02.y.zodd...
Outputting fields to simulation_slab_opt_along_x-h.v.k02.b03.y.zodd...
Outputting fields to simulation_slab_opt_along_x-h.v.k02.b04.y.zodd...
Outputting fields to simulation_slab_opt_along_x-h.v.k02.b05.y.zodd...
Outputting fields to simulation_slab_opt_along_x-h.v.k02.b06.y.zodd...
Outputting fields to simulation_slab_opt_along_x-h.v.k02.b07.y.zodd...
Outputting fields to simulation_slab_opt_along_x-h.v.k02.b08.y.zodd...
solve_kpoint (0.00952381,0.0047619,0):
Solving for bands 1 to 8...
    linmin: converged after 3 iterations.
    linmin: converged after 3 iterations.
    linmin: converged after 3 iterations.
    linmin: converged after 3 iterations.
    linmin: converged after 3 iterations.
    linmin: converged after 2 iterations.
    linmin: converged after 3 iterations.
    linmin: converged after 2 iterations.
Finished solving for bands 1 to 8 after 8 iterations.
zoddfreqs:, 3, 0.00952381, 0.0047619, 0, 0.00952381, 0.00901717, 0.23902, 0.23906, 0.401515, 0.401524, 0.508836, 0.510597, 0.512345
elapsed time for k point: 0 seconds.
Fixing e-field (band 1) phase by 1 + -4.25685e-06i; max ampl. = 0.660522
Fixing e-field (band 2) phase by -0.00184176 + -0.999998i; max ampl. = 0.700876
Fixing e-field (band 3) phase by -0.846576 + 0.532267i; max ampl. = 0.701621
Fixing e-field (band 4) phase by -0.0043334 + -0.999991i; max ampl. = 0.632891
Fixing e-field (band 5) phase by -0.00560099 + 0.999984i; max ampl. = 0.644313
Fixing e-field (band 6) phase by -0.0433609 + 0.999059i; max ampl. = 0.788051
Fixing e-field (band 7) phase by -0.99367 + -0.112336i; max ampl. = 1.2641
Fixing e-field (band 8) phase by 0.0359977 + 0.999352i; max ampl. = 0.79577
Outputting fields to simulation_slab_opt_along_x-e.v.k03.b01.z.zodd...
Outputting fields to simulation_slab_opt_along_x-e.v.k03.b02.z.zodd...
Outputting fields to simulation_slab_opt_along_x-e.v.k03.b03.z.zodd...
Outputting fields to simulation_slab_opt_along_x-e.v.k03.b04.z.zodd...
Outputting fields to simulation_slab_opt_along_x-e.v.k03.b05.z.zodd...
Outputting fields to simulation_slab_opt_along_x-e.v.k03.b06.z.zodd...
Outputting fields to simulation_slab_opt_along_x-e.v.k03.b07.z.zodd...
Outputting fields to simulation_slab_opt_along_x-e.v.k03.b08.z.zodd...
Outputting fields to simulation_slab_opt_along_x-h.v.k03.b01.y.zodd...
Outputting fields to simulation_slab_opt_along_x-h.v.k03.b02.y.zodd...
Outputting fields to simulation_slab_opt_along_x-h.v.k03.b03.y.zodd...
Outputting fields to simulation_slab_opt_along_x-h.v.k03.b04.y.zodd...
Outputting fields to simulation_slab_opt_along_x-h.v.k03.b05.y.zodd...
Outputting fields to simulation_slab_opt_along_x-h.v.k03.b06.y.zodd...
Outputting fields to simulation_slab_opt_along_x-h.v.k03.b07.y.zodd...
Outputting fields to simulation_slab_opt_along_x-h.v.k03.b08.y.zodd...
solve_kpoint (0.0142857,0.00714286,0):
Solving for bands 1 to 8...
    linmin: converged after 3 iterations.
    linmin: converged after 2 iterations.
    linmin: converged after 3 iterations.
    linmin: converged after 3 iterations.
    linmin: converged after 3 iterations.
    linmin: converged after 2 iterations.
    linmin: converged after 3 iterations.
    linmin: converged after 2 iterations.
Finished solving for bands 1 to 8 after 8 iterations.
zoddfreqs:, 4, 0.0142857, 0.00714286, 0, 0.0142857, 0.0135251, 0.239181, 0.239269, 0.40159, 0.401601, 0.507937, 0.510543, 0.513194
elapsed time for k point: 0 seconds.
Fixing e-field (band 1) phase by 1 + -5.3768e-06i; max ampl. = 0.660854
Fixing e-field (band 2) phase by -0.00201765 + -0.999998i; max ampl. = 0.700211
Fixing e-field (band 3) phase by -0.999662 + -0.0259786i; max ampl. = 0.701559
Fixing e-field (band 4) phase by -0.0202238 + -0.999795i; max ampl. = 0.762877
Fixing e-field (band 5) phase by -0.00203336 + -0.999998i; max ampl. = 0.751078
Fixing e-field (band 6) phase by 0.0276279 + -0.999618i; max ampl. = 0.79532
Fixing e-field (band 7) phase by -0.998544 + -0.0539363i; max ampl. = 1.26271
Fixing e-field (band 8) phase by -0.0331882 + -0.999449i; max ampl. = 0.787468
Outputting fields to simulation_slab_opt_along_x-e.v.k04.b01.z.zodd...
Outputting fields to simulation_slab_opt_along_x-e.v.k04.b02.z.zodd...
Outputting fields to simulation_slab_opt_along_x-e.v.k04.b03.z.zodd...
Outputting fields to simulation_slab_opt_along_x-e.v.k04.b04.z.zodd...
Outputting fields to simulation_slab_opt_along_x-e.v.k04.b05.z.zodd...
Outputting fields to simulation_slab_opt_along_x-e.v.k04.b06.z.zodd...
Outputting fields to simulation_slab_opt_along_x-e.v.k04.b07.z.zodd...
Outputting fields to simulation_slab_opt_along_x-e.v.k04.b08.z.zodd...
Outputting fields to simulation_slab_opt_along_x-h.v.k04.b01.y.zodd...
Outputting fields to simulation_slab_opt_along_x-h.v.k04.b02.y.zodd...
Outputting fields to simulation_slab_opt_along_x-h.v.k04.b03.y.zodd...
Outputting fields to simulation_slab_opt_along_x-h.v.k04.b04.y.zodd...
Outputting fields to simulation_slab_opt_along_x-h.v.k04.b05.y.zodd...
Outputting fields to simulation_slab_opt_along_x-h.v.k04.b06.y.zodd...
Outputting fields to simulation_slab_opt_along_x-h.v.k04.b07.y.zodd...
Outputting fields to simulation_slab_opt_along_x-h.v.k04.b08.y.zodd...
solve_kpoint (0.0190476,0.00952381,0):
Solving for bands 1 to 8...
    linmin: converged after 3 iterations.
    linmin: converged after 2 iterations.
    linmin: converged after 3 iterations.
    linmin: converged after 2 iterations.
    linmin: converged after 2 iterations.
    linmin: converged after 2 iterations.
    linmin: converged after 3 iterations.
    linmin: converged after 2 iterations.
Finished solving for bands 1 to 8 after 8 iterations.
zoddfreqs:, 5, 0.0190476, 0.00952381, 0, 0.0190476, 0.0180322, 0.239406, 0.239562, 0.401692, 0.401711, 0.507031, 0.510468, 0.51403
elapsed time for k point: 0 seconds.
Fixing e-field (band 1) phase by 1 + -6.11734e-06i; max ampl. = 0.661292
Fixing e-field (band 2) phase by -0.002093 + -0.999998i; max ampl. = 0.699258
Fixing e-field (band 3) phase by -0.983124 + -0.182943i; max ampl. = 0.701446
Fixing e-field (band 4) phase by 0.0575531 + 0.998342i; max ampl. = 0.827912
Fixing e-field (band 5) phase by -0.00447254 + -0.99999i; max ampl. = 0.804266
Fixing e-field (band 6) phase by -0.0171285 + 0.999853i; max ampl. = 0.800707
Fixing e-field (band 7) phase by 0.99952 + 0.0309651i; max ampl. = 1.26076
Fixing e-field (band 8) phase by -0.0279701 + -0.999609i; max ampl. = 0.781446
Outputting fields to simulation_slab_opt_along_x-e.v.k05.b01.z.zodd...
Outputting fields to simulation_slab_opt_along_x-e.v.k05.b02.z.zodd...
Outputting fields to simulation_slab_opt_along_x-e.v.k05.b03.z.zodd...
Outputting fields to simulation_slab_opt_along_x-e.v.k05.b04.z.zodd...
Outputting fields to simulation_slab_opt_along_x-e.v.k05.b05.z.zodd...
Outputting fields to simulation_slab_opt_along_x-e.v.k05.b06.z.zodd...
Outputting fields to simulation_slab_opt_along_x-e.v.k05.b07.z.zodd...
Outputting fields to simulation_slab_opt_along_x-e.v.k05.b08.z.zodd...
Outputting fields to simulation_slab_opt_along_x-h.v.k05.b01.y.zodd...
Outputting fields to simulation_slab_opt_along_x-h.v.k05.b02.y.zodd...
Outputting fields to simulation_slab_opt_along_x-h.v.k05.b03.y.zodd...
Outputting fields to simulation_slab_opt_along_x-h.v.k05.b04.y.zodd...
Outputting fields to simulation_slab_opt_along_x-h.v.k05.b05.y.zodd...
Outputting fields to simulation_slab_opt_along_x-h.v.k05.b06.y.zodd...
Outputting fields to simulation_slab_opt_along_x-h.v.k05.b07.y.zodd...
Outputting fields to simulation_slab_opt_along_x-h.v.k05.b08.y.zodd...
solve_kpoint (0.0238095,0.0119048,0):
Solving for bands 1 to 8...
    linmin: converged after 3 iterations.
    linmin: converged after 2 iterations.
    linmin: converged after 3 iterations.
    linmin: converged after 2 iterations.
    linmin: converged after 2 iterations.
    linmin: converged after 2 iterations.
    linmin: converged after 2 iterations.
    linmin: converged after 2 iterations.
Finished solving for bands 1 to 8 after 8 iterations.
zoddfreqs:, 6, 0.0238095, 0.0119048, 0, 0.0238095, 0.0225383, 0.239695, 0.239939, 0.401822, 0.401853, 0.50612, 0.510371, 0.514849
elapsed time for k point: 0 seconds.
Fixing e-field (band 1) phase by 1 + -6.66961e-06i; max ampl. = 0.661809
Fixing e-field (band 2) phase by -0.00211613 + -0.999998i; max ampl. = 0.698054
Fixing e-field (band 3) phase by -0.975204 + -0.22131i; max ampl. = 0.701297
Fixing e-field (band 4) phase by 0.117492 + 0.993074i; max ampl. = 0.84437
Fixing e-field (band 5) phase by -0.00541301 + -0.999985i; max ampl. = 0.820612
Fixing e-field (band 6) phase by 0.0106188 + -0.999944i; max ampl. = 0.80526
Fixing e-field (band 7) phase by -0.999801 + -0.019957i; max ampl. = 1.25827
Fixing e-field (band 8) phase by -0.0231028 + -0.999733i; max ampl. = 0.775693
Outputting fields to simulation_slab_opt_along_x-e.v.k06.b01.z.zodd...
Outputting fields to simulation_slab_opt_along_x-e.v.k06.b02.z.zodd...
Outputting fields to simulation_slab_opt_along_x-e.v.k06.b03.z.zodd...
Outputting fields to simulation_slab_opt_along_x-e.v.k06.b04.z.zodd...
Outputting fields to simulation_slab_opt_along_x-e.v.k06.b05.z.zodd...
Outputting fields to simulation_slab_opt_along_x-e.v.k06.b06.z.zodd...
Outputting fields to simulation_slab_opt_along_x-e.v.k06.b07.z.zodd...
Outputting fields to simulation_slab_opt_along_x-e.v.k06.b08.z.zodd...
Outputting fields to simulation_slab_opt_along_x-h.v.k06.b01.y.zodd...
Outputting fields to simulation_slab_opt_along_x-h.v.k06.b02.y.zodd...
Outputting fields to simulation_slab_opt_along_x-h.v.k06.b03.y.zodd...
Outputting fields to simulation_slab_opt_along_x-h.v.k06.b04.y.zodd...
Outputting fields to simulation_slab_opt_along_x-h.v.k06.b05.y.zodd...
Outputting fields to simulation_slab_opt_along_x-h.v.k06.b06.y.zodd...
Outputting fields to simulation_slab_opt_along_x-h.v.k06.b07.y.zodd...
Outputting fields to simulation_slab_opt_along_x-h.v.k06.b08.y.zodd...
solve_kpoint (0.0285714,0.0142857,0):
Solving for bands 1 to 8...
    linmin: converged after 3 iterations.
    linmin: converged after 2 iterations.
    linmin: converged after 3 iterations.
    linmin: converged after 2 iterations.
    linmin: converged after 2 iterations.
    linmin: converged after 2 iterations.
    linmin: converged after 2 iterations.
    linmin: converged after 2 iterations.
Finished solving for bands 1 to 8 after 8 iterations.
zoddfreqs:, 7, 0.0285714, 0.0142857, 0, 0.0285714, 0.027043, 0.240048, 0.240397, 0.401981, 0.402028, 0.505203, 0.510253, 0.515652
elapsed time for k point: 0 seconds.
Fixing e-field (band 1) phase by 1 + -7.14503e-06i; max ampl. = 0.662416
Fixing e-field (band 2) phase by -0.00209645 + -0.999998i; max ampl. = 0.696584
Fixing e-field (band 3) phase by -0.97889 + -0.204389i; max ampl. = 0.701113
Fixing e-field (band 4) phase by 0.201598 + 0.979468i; max ampl. = 0.849635
Fixing e-field (band 5) phase by -0.00601431 + -0.999982i; max ampl. = 0.82569
Fixing e-field (band 6) phase by 0.00593764 + -0.999982i; max ampl. = 0.809343
Fixing e-field (band 7) phase by -0.999915 + -0.0130312i; max ampl. = 1.25524
Fixing e-field (band 8) phase by -0.0173373 + -0.99985i; max ampl. = 0.769847
Outputting fields to simulation_slab_opt_along_x-e.v.k07.b01.z.zodd...
Outputting fields to simulation_slab_opt_along_x-e.v.k07.b02.z.zodd...
Outputting fields to simulation_slab_opt_along_x-e.v.k07.b03.z.zodd...
Outputting fields to simulation_slab_opt_along_x-e.v.k07.b04.z.zodd...
Outputting fields to simulation_slab_opt_along_x-e.v.k07.b05.z.zodd...
Outputting fields to simulation_slab_opt_along_x-e.v.k07.b06.z.zodd...
Outputting fields to simulation_slab_opt_along_x-e.v.k07.b07.z.zodd...
Outputting fields to simulation_slab_opt_along_x-e.v.k07.b08.z.zodd...
Outputting fields to simulation_slab_opt_along_x-h.v.k07.b01.y.zodd...
Outputting fields to simulation_slab_opt_along_x-h.v.k07.b02.y.zodd...
Outputting fields to simulation_slab_opt_along_x-h.v.k07.b03.y.zodd...
Outputting fields to simulation_slab_opt_along_x-h.v.k07.b04.y.zodd...
Outputting fields to simulation_slab_opt_along_x-h.v.k07.b05.y.zodd...
Outputting fields to simulation_slab_opt_along_x-h.v.k07.b06.y.zodd...
Outputting fields to simulation_slab_opt_along_x-h.v.k07.b07.y.zodd...
Outputting fields to simulation_slab_opt_along_x-h.v.k07.b08.y.zodd...
solve_kpoint (0.0333333,0.0166667,0):
Solving for bands 1 to 8...
    linmin: converged after 3 iterations.
    linmin: converged after 2 iterations.
    linmin: converged after 3 iterations.
    linmin: converged after 2 iterations.
    linmin: converged after 2 iterations.
    linmin: converged after 2 iterations.
    linmin: converged after 2 iterations.
    linmin: converged after 2 iterations.
    linmin: converged after 2 iterations.
Finished solving for bands 1 to 8 after 9 iterations.
zoddfreqs:, 8, 0.0333333, 0.0166667, 0, 0.0333333, 0.0315462, 0.240464, 0.240938, 0.402168, 0.402234, 0.504281, 0.510114, 0.516437
elapsed time for k point: 0 seconds.
Fixing e-field (band 1) phase by 1 + -8.28391e-06i; max ampl. = 0.66382
Fixing e-field (band 2) phase by -0.00233298 + -0.999997i; max ampl. = 0.694856
Fixing e-field (band 3) phase by -0.998985 + -0.0450526i; max ampl. = 0.700877
Fixing e-field (band 4) phase by 0.30573 + 0.952118i; max ampl. = 0.851565
Fixing e-field (band 5) phase by -0.00716018 + -0.999974i; max ampl. = 0.827101
Fixing e-field (band 6) phase by -0.00146781 + 0.999999i; max ampl. = 0.813107
Fixing e-field (band 7) phase by 0.999976 + 0.00690056i; max ampl. = 1.25168
Fixing e-field (band 8) phase by -0.0102292 + -0.999948i; max ampl. = 0.764082
Outputting fields to simulation_slab_opt_along_x-e.v.k08.b01.z.zodd...
Outputting fields to simulation_slab_opt_along_x-e.v.k08.b02.z.zodd...
Outputting fields to simulation_slab_opt_along_x-e.v.k08.b03.z.zodd...
Outputting fields to simulation_slab_opt_along_x-e.v.k08.b04.z.zodd...
Outputting fields to simulation_slab_opt_along_x-e.v.k08.b05.z.zodd...
Outputting fields to simulation_slab_opt_along_x-e.v.k08.b06.z.zodd...
Outputting fields to simulation_slab_opt_along_x-e.v.k08.b07.z.zodd...
Outputting fields to simulation_slab_opt_along_x-e.v.k08.b08.z.zodd...
Outputting fields to simulation_slab_opt_along_x-h.v.k08.b01.y.zodd...
Outputting fields to simulation_slab_opt_along_x-h.v.k08.b02.y.zodd...
Outputting fields to simulation_slab_opt_along_x-h.v.k08.b03.y.zodd...
Outputting fields to simulation_slab_opt_along_x-h.v.k08.b04.y.zodd...
Outputting fields to simulation_slab_opt_along_x-h.v.k08.b05.y.zodd...
Outputting fields to simulation_slab_opt_along_x-h.v.k08.b06.y.zodd...
Outputting fields to simulation_slab_opt_along_x-h.v.k08.b07.y.zodd...
Outputting fields to simulation_slab_opt_along_x-h.v.k08.b08.y.zodd...
solve_kpoint (0.0380952,0.0190476,0):
Solving for bands 1 to 8...
    linmin: converged after 3 iterations.
    linmin: converged after 2 iterations.
    linmin: converged after 3 iterations.
    linmin: converged after 2 iterations.
    linmin: converged after 2 iterations.
    linmin: converged after 2 iterations.
    linmin: converged after 2 iterations.
    linmin: converged after 2 iterations.
    linmin: converged after 2 iterations.
Finished solving for bands 1 to 8 after 9 iterations.
zoddfreqs:, 9, 0.0380952, 0.0190476, 0, 0.0380952, 0.0360474, 0.240943, 0.24156, 0.402384, 0.402473, 0.503356, 0.509955, 0.517201
elapsed time for k point: 1 seconds.
Fixing e-field (band 1) phase by 1 + -8.90065e-06i; max ampl. = 0.66473
Fixing e-field (band 2) phase by -0.00224103 + -0.999997i; max ampl. = 0.692866
Fixing e-field (band 3) phase by -0.870252 + -0.492607i; max ampl. = 0.700618
Fixing e-field (band 4) phase by 0.413676 + 0.910424i; max ampl. = 0.85219
Fixing e-field (band 5) phase by -0.00791824 + -0.999969i; max ampl. = 0.8273
Fixing e-field (band 6) phase by -0.00332315 + 0.999994i; max ampl. = 0.816676
Fixing e-field (band 7) phase by 0.999993 + 0.00360994i; max ampl. = 1.24769
Fixing e-field (band 8) phase by 0.0128654 + -0.999917i; max ampl. = 0.761208
Outputting fields to simulation_slab_opt_along_x-e.v.k09.b01.z.zodd...
Outputting fields to simulation_slab_opt_along_x-e.v.k09.b02.z.zodd...
Outputting fields to simulation_slab_opt_along_x-e.v.k09.b03.z.zodd...
Outputting fields to simulation_slab_opt_along_x-e.v.k09.b04.z.zodd...
Outputting fields to simulation_slab_opt_along_x-e.v.k09.b05.z.zodd...
Outputting fields to simulation_slab_opt_along_x-e.v.k09.b06.z.zodd...
Outputting fields to simulation_slab_opt_along_x-e.v.k09.b07.z.zodd...
Outputting fields to simulation_slab_opt_along_x-e.v.k09.b08.z.zodd...
Outputting fields to simulation_slab_opt_along_x-h.v.k09.b01.y.zodd...
Outputting fields to simulation_slab_opt_along_x-h.v.k09.b02.y.zodd...
Outputting fields to simulation_slab_opt_along_x-h.v.k09.b03.y.zodd...
Outputting fields to simulation_slab_opt_along_x-h.v.k09.b04.y.zodd...
Outputting fields to simulation_slab_opt_along_x-h.v.k09.b05.y.zodd...
Outputting fields to simulation_slab_opt_along_x-h.v.k09.b06.y.zodd...
Outputting fields to simulation_slab_opt_along_x-h.v.k09.b07.y.zodd...
Outputting fields to simulation_slab_opt_along_x-h.v.k09.b08.y.zodd...
solve_kpoint (0.0428571,0.0214286,0):
Solving for bands 1 to 8...
    linmin: converged after 3 iterations.
    linmin: converged after 2 iterations.
    linmin: converged after 3 iterations.
    linmin: converged after 2 iterations.
    linmin: converged after 2 iterations.
    linmin: converged after 2 iterations.
    linmin: converged after 2 iterations.
    linmin: converged after 2 iterations.
    linmin: converged after 2 iterations.
    linmin: converged after 2 iterations.
Finished solving for bands 1 to 8 after 10 iterations.
zoddfreqs:, 10, 0.0428571, 0.0214286, 0, 0.0428571, 0.0405465, 0.241484, 0.242263, 0.402629, 0.402743, 0.502428, 0.509774, 0.517943
elapsed time for k point: 0 seconds.
Fixing e-field (band 1) phase by 1 + -1.10802e-05i; max ampl. = 0.66551
Fixing e-field (band 2) phase by -0.00231803 + -0.999997i; max ampl. = 0.690623
Fixing e-field (band 3) phase by -0.844725 + -0.535201i; max ampl. = 0.700342
Fixing e-field (band 4) phase by 0.547451 + 0.836838i; max ampl. = 0.85221
Fixing e-field (band 5) phase by 0.00906185 + 0.999959i; max ampl. = 0.827173
Fixing e-field (band 6) phase by 0.00473186 + 0.999989i; max ampl. = 0.82022
Fixing e-field (band 7) phase by 0.999999 + -0.00150251i; max ampl. = 1.24338
Fixing e-field (band 8) phase by 0.991676 + -0.128761i; max ampl. = 0.985792
Outputting fields to simulation_slab_opt_along_x-e.v.k10.b01.z.zodd...
Outputting fields to simulation_slab_opt_along_x-e.v.k10.b02.z.zodd...
Outputting fields to simulation_slab_opt_along_x-e.v.k10.b03.z.zodd...
Outputting fields to simulation_slab_opt_along_x-e.v.k10.b04.z.zodd...
Outputting fields to simulation_slab_opt_along_x-e.v.k10.b05.z.zodd...
Outputting fields to simulation_slab_opt_along_x-e.v.k10.b06.z.zodd...
Outputting fields to simulation_slab_opt_along_x-e.v.k10.b07.z.zodd...
Outputting fields to simulation_slab_opt_along_x-e.v.k10.b08.z.zodd...
Outputting fields to simulation_slab_opt_along_x-h.v.k10.b01.y.zodd...
Outputting fields to simulation_slab_opt_along_x-h.v.k10.b02.y.zodd...
Outputting fields to simulation_slab_opt_along_x-h.v.k10.b03.y.zodd...
Outputting fields to simulation_slab_opt_along_x-h.v.k10.b04.y.zodd...
Outputting fields to simulation_slab_opt_along_x-h.v.k10.b05.y.zodd...
Outputting fields to simulation_slab_opt_along_x-h.v.k10.b06.y.zodd...
Outputting fields to simulation_slab_opt_along_x-h.v.k10.b07.y.zodd...
Outputting fields to simulation_slab_opt_along_x-h.v.k10.b08.y.zodd...
solve_kpoint (0.047619,0.0238095,0):
Solving for bands 1 to 8...
    linmin: converged after 3 iterations.
    linmin: converged after 2 iterations.
    linmin: converged after 3 iterations.
    linmin: converged after 2 iterations.
    linmin: converged after 2 iterations.
    linmin: converged after 2 iterations.
    linmin: converged after 2 iterations.
    linmin: converged after 2 iterations.
    linmin: converged after 2 iterations.
    linmin: converged after 2 iterations.
Finished solving for bands 1 to 8 after 10 iterations.
zoddfreqs:, 11, 0.047619, 0.0238095, 0, 0.047619, 0.0450432, 0.242087, 0.243046, 0.402902, 0.403045, 0.501497, 0.509574, 0.518661
elapsed time for k point: 0 seconds.
Fixing e-field (band 1) phase by 1 + -1.12008e-05i; max ampl. = 0.666707
Fixing e-field (band 2) phase by -0.00227297 + -0.999997i; max ampl. = 0.688134
Fixing e-field (band 3) phase by -1 + 0.00061455i; max ampl. = 0.700016
Fixing e-field (band 4) phase by 0.695818 + 0.718218i; max ampl. = 0.851828
Fixing e-field (band 5) phase by 0.00971864 + 0.999953i; max ampl. = 0.826172
Fixing e-field (band 6) phase by -0.0137758 + -0.999905i; max ampl. = 0.823553
Fixing e-field (band 7) phase by 0.999989 + -0.00476634i; max ampl. = 1.23857
Fixing e-field (band 8) phase by -0.999071 + 0.0431024i; max ampl. = 0.989549
Outputting fields to simulation_slab_opt_along_x-e.v.k11.b01.z.zodd...
Outputting fields to simulation_slab_opt_along_x-e.v.k11.b02.z.zodd...
Outputting fields to simulation_slab_opt_along_x-e.v.k11.b03.z.zodd...
Outputting fields to simulation_slab_opt_along_x-e.v.k11.b04.z.zodd...
Outputting fields to simulation_slab_opt_along_x-e.v.k11.b05.z.zodd...
Outputting fields to simulation_slab_opt_along_x-e.v.k11.b06.z.zodd...
Outputting fields to simulation_slab_opt_along_x-e.v.k11.b07.z.zodd...
Outputting fields to simulation_slab_opt_along_x-e.v.k11.b08.z.zodd...
Outputting fields to simulation_slab_opt_along_x-h.v.k11.b01.y.zodd...
Outputting fields to simulation_slab_opt_along_x-h.v.k11.b02.y.zodd...
Outputting fields to simulation_slab_opt_along_x-h.v.k11.b03.y.zodd...
Outputting fields to simulation_slab_opt_along_x-h.v.k11.b04.y.zodd...
Outputting fields to simulation_slab_opt_along_x-h.v.k11.b05.y.zodd...
Outputting fields to simulation_slab_opt_along_x-h.v.k11.b06.y.zodd...
Outputting fields to simulation_slab_opt_along_x-h.v.k11.b07.y.zodd...
Outputting fields to simulation_slab_opt_along_x-h.v.k11.b08.y.zodd...
solve_kpoint (0.052381,0.0261905,0):
Solving for bands 1 to 8...
    linmin: converged after 3 iterations.
    linmin: converged after 2 iterations.
    linmin: converged after 3 iterations.
    linmin: converged after 2 iterations.
    linmin: converged after 2 iterations.
    linmin: converged after 2 iterations.
    linmin: converged after 2 iterations.
    linmin: converged after 2 iterations.
    linmin: converged after 2 iterations.
    linmin: converged after 2 iterations.
    linmin: converged after 2 iterations.
Finished solving for bands 1 to 8 after 11 iterations.
zoddfreqs:, 12, 0.052381, 0.0261905, 0, 0.052381, 0.0495371, 0.242751, 0.243907, 0.403203, 0.40338, 0.500564, 0.509354, 0.519355
elapsed time for k point: 0 seconds.
Fixing e-field (band 1) phase by 1 + -1.29369e-05i; max ampl. = 0.66566
Fixing e-field (band 2) phase by -0.00222411 + -0.999998i; max ampl. = 0.685432
Fixing e-field (band 3) phase by -0.940465 + 0.33989i; max ampl. = 0.699685
Fixing e-field (band 4) phase by 0.820024 + 0.572329i; max ampl. = 0.851221
Fixing e-field (band 5) phase by 0.0110071 + 0.999939i; max ampl. = 0.824812
Fixing e-field (band 6) phase by -0.02784 + -0.999612i; max ampl. = 0.826828
Fixing e-field (band 7) phase by 0.999948 + -0.0101883i; max ampl. = 1.23357
Fixing e-field (band 8) phase by -0.999594 + 0.028476i; max ampl. = 0.992738
Outputting fields to simulation_slab_opt_along_x-e.v.k12.b01.z.zodd...
Outputting fields to simulation_slab_opt_along_x-e.v.k12.b02.z.zodd...
Outputting fields to simulation_slab_opt_along_x-e.v.k12.b03.z.zodd...
Outputting fields to simulation_slab_opt_along_x-e.v.k12.b04.z.zodd...
Outputting fields to simulation_slab_opt_along_x-e.v.k12.b05.z.zodd...
Outputting fields to simulation_slab_opt_along_x-e.v.k12.b06.z.zodd...
Outputting fields to simulation_slab_opt_along_x-e.v.k12.b07.z.zodd...
Outputting fields to simulation_slab_opt_along_x-e.v.k12.b08.z.zodd...
Outputting fields to simulation_slab_opt_along_x-h.v.k12.b01.y.zodd...
Outputting fields to simulation_slab_opt_along_x-h.v.k12.b02.y.zodd...
Outputting fields to simulation_slab_opt_along_x-h.v.k12.b03.y.zodd...
Outputting fields to simulation_slab_opt_along_x-h.v.k12.b04.y.zodd...
Outputting fields to simulation_slab_opt_along_x-h.v.k12.b05.y.zodd...
Outputting fields to simulation_slab_opt_along_x-h.v.k12.b06.y.zodd...
Outputting fields to simulation_slab_opt_along_x-h.v.k12.b07.y.zodd...
Outputting fields to simulation_slab_opt_along_x-h.v.k12.b08.y.zodd...
solve_kpoint (0.0571429,0.0285714,0):
Solving for bands 1 to 8...
    linmin: converged after 3 iterations.
    linmin: converged after 2 iterations.
    linmin: converged after 3 iterations.
    linmin: converged after 2 iterations.
    linmin: converged after 2 iterations.
    linmin: converged after 2 iterations.
    linmin: converged after 2 iterations.
    linmin: converged after 2 iterations.
    linmin: converged after 2 iterations.
    linmin: converged after 2 iterations.
    linmin: converged after 2 iterations.
Finished solving for bands 1 to 8 after 11 iterations.
zoddfreqs:, 13, 0.0571429, 0.0285714, 0, 0.0571429, 0.054028, 0.243476, 0.244847, 0.403533, 0.403746, 0.499629, 0.509114, 0.520022
elapsed time for k point: 1 seconds.
Fixing e-field (band 1) phase by 1 + -1.31959e-05i; max ampl. = 0.667001
Fixing e-field (band 2) phase by -0.00220859 + -0.999998i; max ampl. = 0.682462
Fixing e-field (band 3) phase by -0.975306 + -0.220858i; max ampl. = 0.69929
Fixing e-field (band 4) phase by 0.833769 + 0.552114i; max ampl. = 0.850399
Fixing e-field (band 5) phase by 0.0117043 + 0.999932i; max ampl. = 0.823253
Fixing e-field (band 6) phase by 0.0135119 + 0.999909i; max ampl. = 0.830038
Fixing e-field (band 7) phase by -0.999952 + 0.00982811i; max ampl. = 1.22803
Fixing e-field (band 8) phase by -0.999585 + 0.0287951i; max ampl. = 0.995449
Outputting fields to simulation_slab_opt_along_x-e.v.k13.b01.z.zodd...
Outputting fields to simulation_slab_opt_along_x-e.v.k13.b02.z.zodd...
Outputting fields to simulation_slab_opt_along_x-e.v.k13.b03.z.zodd...
Outputting fields to simulation_slab_opt_along_x-e.v.k13.b04.z.zodd...
Outputting fields to simulation_slab_opt_along_x-e.v.k13.b05.z.zodd...
Outputting fields to simulation_slab_opt_along_x-e.v.k13.b06.z.zodd...
Outputting fields to simulation_slab_opt_along_x-e.v.k13.b07.z.zodd...
Outputting fields to simulation_slab_opt_along_x-e.v.k13.b08.z.zodd...
Outputting fields to simulation_slab_opt_along_x-h.v.k13.b01.y.zodd...
Outputting fields to simulation_slab_opt_along_x-h.v.k13.b02.y.zodd...
Outputting fields to simulation_slab_opt_along_x-h.v.k13.b03.y.zodd...
Outputting fields to simulation_slab_opt_along_x-h.v.k13.b04.y.zodd...
Outputting fields to simulation_slab_opt_along_x-h.v.k13.b05.y.zodd...
Outputting fields to simulation_slab_opt_along_x-h.v.k13.b06.y.zodd...
Outputting fields to simulation_slab_opt_along_x-h.v.k13.b07.y.zodd...
Outputting fields to simulation_slab_opt_along_x-h.v.k13.b08.y.zodd...
solve_kpoint (0.0619048,0.0309524,0):
Solving for bands 1 to 8...
    linmin: converged after 3 iterations.
    linmin: converged after 2 iterations.
    linmin: converged after 3 iterations.
    linmin: converged after 2 iterations.
    linmin: converged after 2 iterations.
    linmin: converged after 2 iterations.
    linmin: converged after 2 iterations.
    linmin: converged after 2 iterations.
    linmin: converged after 2 iterations.
    linmin: converged after 2 iterations.
    linmin: converged after 2 iterations.
Finished solving for bands 1 to 8 after 11 iterations.
zoddfreqs:, 14, 0.0619048, 0.0309524, 0, 0.0619048, 0.0585154, 0.244261, 0.245863, 0.403891, 0.404145, 0.498693, 0.508856, 0.520662
elapsed time for k point: 1 seconds.
Fixing e-field (band 1) phase by 1 + -1.36168e-05i; max ampl. = 0.668309
Fixing e-field (band 2) phase by -0.00194704 + -0.999998i; max ampl. = 0.679258
Fixing e-field (band 3) phase by -0.992131 + -0.125204i; max ampl. = 0.698856
Fixing e-field (band 4) phase by 0.889691 + 0.456562i; max ampl. = 0.849411
Fixing e-field (band 5) phase by 0.0116914 + 0.999932i; max ampl. = 0.821488
Fixing e-field (band 6) phase by 0.0162797 + 0.999867i; max ampl. = 0.833216
Fixing e-field (band 7) phase by -0.999935 + 0.0114434i; max ampl. = 1.22217
Fixing e-field (band 8) phase by -0.999741 + 0.0227484i; max ampl. = 0.997433
Outputting fields to simulation_slab_opt_along_x-e.v.k14.b01.z.zodd...
Outputting fields to simulation_slab_opt_along_x-e.v.k14.b02.z.zodd...
Outputting fields to simulation_slab_opt_along_x-e.v.k14.b03.z.zodd...
Outputting fields to simulation_slab_opt_along_x-e.v.k14.b04.z.zodd...
Outputting fields to simulation_slab_opt_along_x-e.v.k14.b05.z.zodd...
Outputting fields to simulation_slab_opt_along_x-e.v.k14.b06.z.zodd...
Outputting fields to simulation_slab_opt_along_x-e.v.k14.b07.z.zodd...
Outputting fields to simulation_slab_opt_along_x-e.v.k14.b08.z.zodd...
Outputting fields to simulation_slab_opt_along_x-h.v.k14.b01.y.zodd...
Outputting fields to simulation_slab_opt_along_x-h.v.k14.b02.y.zodd...
Outputting fields to simulation_slab_opt_along_x-h.v.k14.b03.y.zodd...
Outputting fields to simulation_slab_opt_along_x-h.v.k14.b04.y.zodd...
Outputting fields to simulation_slab_opt_along_x-h.v.k14.b05.y.zodd...
Outputting fields to simulation_slab_opt_along_x-h.v.k14.b06.y.zodd...
Outputting fields to simulation_slab_opt_along_x-h.v.k14.b07.y.zodd...
Outputting fields to simulation_slab_opt_along_x-h.v.k14.b08.y.zodd...
solve_kpoint (0.0666667,0.0333333,0):
Solving for bands 1 to 8...
    linmin: converged after 3 iterations.
    linmin: converged after 2 iterations.
    linmin: converged after 3 iterations.
    linmin: converged after 2 iterations.
    linmin: converged after 2 iterations.
    linmin: converged after 2 iterations.
    linmin: converged after 2 iterations.
    linmin: converged after 2 iterations.
    linmin: converged after 2 iterations.
    linmin: converged after 2 iterations.
    linmin: converged after 2 iterations.
Finished solving for bands 1 to 8 after 11 iterations.
zoddfreqs:, 15, 0.0666667, 0.0333333, 0, 0.0666667, 0.0629992, 0.245105, 0.246956, 0.404277, 0.404576, 0.497757, 0.508578, 0.521274
elapsed time for k point: 1 seconds.
Fixing e-field (band 1) phase by 1 + -1.40199e-05i; max ampl. = 0.669709
Fixing e-field (band 2) phase by -0.0017146 + -0.999999i; max ampl. = 0.675825
Fixing e-field (band 3) phase by -0.997393 + -0.0721548i; max ampl. = 0.698384
Fixing e-field (band 4) phase by 0.926533 + 0.376215i; max ampl. = 0.848277
Fixing e-field (band 5) phase by 0.0117825 + 0.999931i; max ampl. = 0.819528
Fixing e-field (band 6) phase by 0.0175279 + 0.999846i; max ampl. = 0.836361
Fixing e-field (band 7) phase by -0.999921 + 0.0125804i; max ampl. = 1.21602
Fixing e-field (band 8) phase by -0.999832 + 0.0183403i; max ampl. = 0.998586
Outputting fields to simulation_slab_opt_along_x-e.v.k15.b01.z.zodd...
Outputting fields to simulation_slab_opt_along_x-e.v.k15.b02.z.zodd...
Outputting fields to simulation_slab_opt_along_x-e.v.k15.b03.z.zodd...
Outputting fields to simulation_slab_opt_along_x-e.v.k15.b04.z.zodd...
Outputting fields to simulation_slab_opt_along_x-e.v.k15.b05.z.zodd...
Outputting fields to simulation_slab_opt_along_x-e.v.k15.b06.z.zodd...
Outputting fields to simulation_slab_opt_along_x-e.v.k15.b07.z.zodd...
Outputting fields to simulation_slab_opt_along_x-e.v.k15.b08.z.zodd...
Outputting fields to simulation_slab_opt_along_x-h.v.k15.b01.y.zodd...
Outputting fields to simulation_slab_opt_along_x-h.v.k15.b02.y.zodd...
Outputting fields to simulation_slab_opt_along_x-h.v.k15.b03.y.zodd...
Outputting fields to simulation_slab_opt_along_x-h.v.k15.b04.y.zodd...
Outputting fields to simulation_slab_opt_along_x-h.v.k15.b05.y.zodd...
Outputting fields to simulation_slab_opt_along_x-h.v.k15.b06.y.zodd...
Outputting fields to simulation_slab_opt_along_x-h.v.k15.b07.y.zodd...
Outputting fields to simulation_slab_opt_along_x-h.v.k15.b08.y.zodd...
solve_kpoint (0.0714286,0.0357143,0):
Solving for bands 1 to 8...
    linmin: converged after 3 iterations.
    linmin: converged after 2 iterations.
    linmin: converged after 3 iterations.
    linmin: converged after 2 iterations.
    linmin: converged after 2 iterations.
    linmin: converged after 2 iterations.
    linmin: converged after 2 iterations.
    linmin: converged after 2 iterations.
    linmin: converged after 2 iterations.
    linmin: converged after 2 iterations.
    linmin: converged after 2 iterations.
Finished solving for bands 1 to 8 after 11 iterations.
zoddfreqs:, 16, 0.0714286, 0.0357143, 0, 0.0714286, 0.0674789, 0.246008, 0.248122, 0.404691, 0.405039, 0.49682, 0.508282, 0.521857
elapsed time for k point: 0 seconds.
Fixing e-field (band 1) phase by 1 + -1.4368e-05i; max ampl. = 0.671219
Fixing e-field (band 2) phase by -0.00151168 + -0.999999i; max ampl. = 0.672169
Fixing e-field (band 3) phase by 0.99974 + 0.0227974i; max ampl. = 0.697872
Fixing e-field (band 4) phase by 0.951459 + 0.307776i; max ampl. = 0.847007
Fixing e-field (band 5) phase by 0.0118876 + 0.999929i; max ampl. = 0.817345
Fixing e-field (band 6) phase by -0.0186306 + -0.999826i; max ampl. = 0.839482
Fixing e-field (band 7) phase by -0.999907 + 0.0136217i; max ampl. = 1.2096
Fixing e-field (band 8) phase by -0.999894 + 0.0145523i; max ampl. = 0.998859
Outputting fields to simulation_slab_opt_along_x-e.v.k16.b01.z.zodd...
Outputting fields to simulation_slab_opt_along_x-e.v.k16.b02.z.zodd...
Outputting fields to simulation_slab_opt_along_x-e.v.k16.b03.z.zodd...
Outputting fields to simulation_slab_opt_along_x-e.v.k16.b04.z.zodd...
Outputting fields to simulation_slab_opt_along_x-e.v.k16.b05.z.zodd...
Outputting fields to simulation_slab_opt_along_x-e.v.k16.b06.z.zodd...
Outputting fields to simulation_slab_opt_along_x-e.v.k16.b07.z.zodd...
Outputting fields to simulation_slab_opt_along_x-e.v.k16.b08.z.zodd...
Outputting fields to simulation_slab_opt_along_x-h.v.k16.b01.y.zodd...
Outputting fields to simulation_slab_opt_along_x-h.v.k16.b02.y.zodd...
Outputting fields to simulation_slab_opt_along_x-h.v.k16.b03.y.zodd...
Outputting fields to simulation_slab_opt_along_x-h.v.k16.b04.y.zodd...
Outputting fields to simulation_slab_opt_along_x-h.v.k16.b05.y.zodd...
Outputting fields to simulation_slab_opt_along_x-h.v.k16.b06.y.zodd...
Outputting fields to simulation_slab_opt_along_x-h.v.k16.b07.y.zodd...
Outputting fields to simulation_slab_opt_along_x-h.v.k16.b08.y.zodd...
solve_kpoint (0.0761905,0.0380952,0):
Solving for bands 1 to 8...
    linmin: converged after 3 iterations.
    linmin: converged after 2 iterations.
    linmin: converged after 3 iterations.
    linmin: converged after 2 iterations.
    linmin: converged after 2 iterations.
    linmin: converged after 2 iterations.
    linmin: converged after 2 iterations.
    linmin: converged after 2 iterations.
    linmin: converged after 2 iterations.
    linmin: converged after 2 iterations.
    linmin: converged after 2 iterations.
Finished solving for bands 1 to 8 after 11 iterations.
zoddfreqs:, 17, 0.0761905, 0.0380952, 0, 0.0761905, 0.0719543, 0.246968, 0.249362, 0.405133, 0.405535, 0.495882, 0.507968, 0.522412
elapsed time for k point: 0 seconds.
Fixing e-field (band 1) phase by 1 + -1.4694e-05i; max ampl. = 0.672838
Fixing e-field (band 2) phase by -0.00127756 + -0.999999i; max ampl. = 0.668295
Fixing e-field (band 3) phase by 0.999496 + -0.0317461i; max ampl. = 0.697318
Fixing e-field (band 4) phase by 0.968776 + 0.247939i; max ampl. = 0.845602
Fixing e-field (band 5) phase by 0.0118665 + 0.99993i; max ampl. = 0.814989
Fixing e-field (band 6) phase by -0.0193522 + -0.999813i; max ampl. = 0.842589
Fixing e-field (band 7) phase by -0.999896 + 0.0144167i; max ampl. = 1.20294
Fixing e-field (band 8) phase by -0.999938 + 0.0111326i; max ampl. = 0.998241
Outputting fields to simulation_slab_opt_along_x-e.v.k17.b01.z.zodd...
Outputting fields to simulation_slab_opt_along_x-e.v.k17.b02.z.zodd...
Outputting fields to simulation_slab_opt_along_x-e.v.k17.b03.z.zodd...
Outputting fields to simulation_slab_opt_along_x-e.v.k17.b04.z.zodd...
Outputting fields to simulation_slab_opt_along_x-e.v.k17.b05.z.zodd...
Outputting fields to simulation_slab_opt_along_x-e.v.k17.b06.z.zodd...
Outputting fields to simulation_slab_opt_along_x-e.v.k17.b07.z.zodd...
Outputting fields to simulation_slab_opt_along_x-e.v.k17.b08.z.zodd...
Outputting fields to simulation_slab_opt_along_x-h.v.k17.b01.y.zodd...
Outputting fields to simulation_slab_opt_along_x-h.v.k17.b02.y.zodd...
Outputting fields to simulation_slab_opt_along_x-h.v.k17.b03.y.zodd...
Outputting fields to simulation_slab_opt_along_x-h.v.k17.b04.y.zodd...
Outputting fields to simulation_slab_opt_along_x-h.v.k17.b05.y.zodd...
Outputting fields to simulation_slab_opt_along_x-h.v.k17.b06.y.zodd...
Outputting fields to simulation_slab_opt_along_x-h.v.k17.b07.y.zodd...
Outputting fields to simulation_slab_opt_along_x-h.v.k17.b08.y.zodd...
solve_kpoint (0.0809524,0.0404762,0):
Solving for bands 1 to 8...
    linmin: converged after 3 iterations.
    linmin: converged after 2 iterations.
    linmin: converged after 3 iterations.
    linmin: converged after 2 iterations.
    linmin: converged after 2 iterations.
    linmin: converged after 2 iterations.
    linmin: converged after 2 iterations.
    linmin: converged after 2 iterations.
    linmin: converged after 2 iterations.
    linmin: converged after 2 iterations.
    linmin: converged after 2 iterations.
Finished solving for bands 1 to 8 after 11 iterations.
zoddfreqs:, 18, 0.0809524, 0.0404762, 0, 0.0809524, 0.0764248, 0.247984, 0.250673, 0.405603, 0.406063, 0.494945, 0.507636, 0.522938
elapsed time for k point: 0 seconds.
Fixing e-field (band 1) phase by 1 + -1.49677e-05i; max ampl. = 0.674573
Fixing e-field (band 2) phase by -0.00111029 + -0.999999i; max ampl. = 0.664211
Fixing e-field (band 3) phase by 0.996161 + -0.0875422i; max ampl. = 0.696723
Fixing e-field (band 4) phase by 0.98034 + 0.197315i; max ampl. = 0.844067
Fixing e-field (band 5) phase by 0.0119068 + 0.999929i; max ampl. = 0.812397
Fixing e-field (band 6) phase by -0.0202677 + -0.999795i; max ampl. = 0.845687
Fixing e-field (band 7) phase by -0.999884 + 0.015226i; max ampl. = 1.19608
Fixing e-field (band 8) phase by -0.999968 + 0.00797686i; max ampl. = 0.996753
Outputting fields to simulation_slab_opt_along_x-e.v.k18.b01.z.zodd...
Outputting fields to simulation_slab_opt_along_x-e.v.k18.b02.z.zodd...
Outputting fields to simulation_slab_opt_along_x-e.v.k18.b03.z.zodd...
Outputting fields to simulation_slab_opt_along_x-e.v.k18.b04.z.zodd...
Outputting fields to simulation_slab_opt_along_x-e.v.k18.b05.z.zodd...
Outputting fields to simulation_slab_opt_along_x-e.v.k18.b06.z.zodd...
Outputting fields to simulation_slab_opt_along_x-e.v.k18.b07.z.zodd...
Outputting fields to simulation_slab_opt_along_x-e.v.k18.b08.z.zodd...
Outputting fields to simulation_slab_opt_along_x-h.v.k18.b01.y.zodd...
Outputting fields to simulation_slab_opt_along_x-h.v.k18.b02.y.zodd...
Outputting fields to simulation_slab_opt_along_x-h.v.k18.b03.y.zodd...
Outputting fields to simulation_slab_opt_along_x-h.v.k18.b04.y.zodd...
Outputting fields to simulation_slab_opt_along_x-h.v.k18.b05.y.zodd...
Outputting fields to simulation_slab_opt_along_x-h.v.k18.b06.y.zodd...
Outputting fields to simulation_slab_opt_along_x-h.v.k18.b07.y.zodd...
Outputting fields to simulation_slab_opt_along_x-h.v.k18.b08.y.zodd...
solve_kpoint (0.0857143,0.0428571,0):
Solving for bands 1 to 8...
    linmin: converged after 3 iterations.
    linmin: converged after 2 iterations.
    linmin: converged after 3 iterations.
    linmin: converged after 2 iterations.
    linmin: converged after 2 iterations.
    linmin: converged after 2 iterations.
    linmin: converged after 2 iterations.
    linmin: converged after 2 iterations.
    linmin: converged after 2 iterations.
    linmin: converged after 2 iterations.
    linmin: converged after 2 iterations.
Finished solving for bands 1 to 8 after 11 iterations.
zoddfreqs:, 19, 0.0857143, 0.0428571, 0, 0.0857143, 0.0808903, 0.249057, 0.252056, 0.4061, 0.406624, 0.494009, 0.507287, 0.523437
elapsed time for k point: 0 seconds.
Fixing e-field (band 1) phase by 1 + -1.52239e-05i; max ampl. = 0.676418
Fixing e-field (band 2) phase by -0.000880761 + -1i; max ampl. = 0.659921
Fixing e-field (band 3) phase by 0.989447 + -0.144896i; max ampl. = 0.696085
Fixing e-field (band 4) phase by 0.988184 + 0.153271i; max ampl. = 0.842398
Fixing e-field (band 5) phase by 0.0117567 + 0.999931i; max ampl. = 0.809644
Fixing e-field (band 6) phase by -0.0206298 + -0.999787i; max ampl. = 0.848786
Fixing e-field (band 7) phase by -0.999876 + 0.015759i; max ampl. = 1.18904
Fixing e-field (band 8) phase by -0.999987 + 0.00507122i; max ampl. = 0.994444
Outputting fields to simulation_slab_opt_along_x-e.v.k19.b01.z.zodd...
Outputting fields to simulation_slab_opt_along_x-e.v.k19.b02.z.zodd...
Outputting fields to simulation_slab_opt_along_x-e.v.k19.b03.z.zodd...
Outputting fields to simulation_slab_opt_along_x-e.v.k19.b04.z.zodd...
Outputting fields to simulation_slab_opt_along_x-e.v.k19.b05.z.zodd...
Outputting fields to simulation_slab_opt_along_x-e.v.k19.b06.z.zodd...
Outputting fields to simulation_slab_opt_along_x-e.v.k19.b07.z.zodd...
Outputting fields to simulation_slab_opt_along_x-e.v.k19.b08.z.zodd...
Outputting fields to simulation_slab_opt_along_x-h.v.k19.b01.y.zodd...
Outputting fields to simulation_slab_opt_along_x-h.v.k19.b02.y.zodd...
Outputting fields to simulation_slab_opt_along_x-h.v.k19.b03.y.zodd...
Outputting fields to simulation_slab_opt_along_x-h.v.k19.b04.y.zodd...
Outputting fields to simulation_slab_opt_along_x-h.v.k19.b05.y.zodd...
Outputting fields to simulation_slab_opt_along_x-h.v.k19.b06.y.zodd...
Outputting fields to simulation_slab_opt_along_x-h.v.k19.b07.y.zodd...
Outputting fields to simulation_slab_opt_along_x-h.v.k19.b08.y.zodd...
solve_kpoint (0.0904762,0.0452381,0):
Solving for bands 1 to 8...
    linmin: converged after 3 iterations.
    linmin: converged after 2 iterations.
    linmin: converged after 3 iterations.
    linmin: converged after 2 iterations.
    linmin: converged after 2 iterations.
    linmin: converged after 2 iterations.
    linmin: converged after 2 iterations.
    linmin: converged after 2 iterations.
    linmin: converged after 2 iterations.
    linmin: converged after 2 iterations.
    linmin: converged after 2 iterations.
Finished solving for bands 1 to 8 after 11 iterations.
zoddfreqs:, 20, 0.0904762, 0.0452381, 0, 0.0904762, 0.0853502, 0.250185, 0.253507, 0.406625, 0.407217, 0.493073, 0.506921, 0.523909
elapsed time for k point: 0 seconds.
Fixing e-field (band 1) phase by 1 + -1.54286e-05i; max ampl. = 0.678382
Fixing e-field (band 2) phase by -0.000751008 + -1i; max ampl. = 0.655433
Fixing e-field (band 3) phase by 0.978313 + -0.207133i; max ampl. = 0.695402
Fixing e-field (band 4) phase by 0.993324 + 0.115362i; max ampl. = 0.840597
Fixing e-field (band 5) phase by 0.0117316 + 0.999931i; max ampl. = 0.806639
Fixing e-field (band 6) phase by -0.0214744 + -0.999769i; max ampl. = 0.851891
Fixing e-field (band 7) phase by -0.999865 + 0.0164077i; max ampl. = 1.18184
Fixing e-field (band 8) phase by -0.999997 + 0.00234585i; max ampl. = 0.991386
Outputting fields to simulation_slab_opt_along_x-e.v.k20.b01.z.zodd...
Outputting fields to simulation_slab_opt_along_x-e.v.k20.b02.z.zodd...
Outputting fields to simulation_slab_opt_along_x-e.v.k20.b03.z.zodd...
Outputting fields to simulation_slab_opt_along_x-e.v.k20.b04.z.zodd...
Outputting fields to simulation_slab_opt_along_x-e.v.k20.b05.z.zodd...
Outputting fields to simulation_slab_opt_along_x-e.v.k20.b06.z.zodd...
Outputting fields to simulation_slab_opt_along_x-e.v.k20.b07.z.zodd...
Outputting fields to simulation_slab_opt_along_x-e.v.k20.b08.z.zodd...
Outputting fields to simulation_slab_opt_along_x-h.v.k20.b01.y.zodd...
Outputting fields to simulation_slab_opt_along_x-h.v.k20.b02.y.zodd...
Outputting fields to simulation_slab_opt_along_x-h.v.k20.b03.y.zodd...
Outputting fields to simulation_slab_opt_along_x-h.v.k20.b04.y.zodd...
Outputting fields to simulation_slab_opt_along_x-h.v.k20.b05.y.zodd...
Outputting fields to simulation_slab_opt_along_x-h.v.k20.b06.y.zodd...
Outputting fields to simulation_slab_opt_along_x-h.v.k20.b07.y.zodd...
Outputting fields to simulation_slab_opt_along_x-h.v.k20.b08.y.zodd...
solve_kpoint (0.0952381,0.047619,0):
Solving for bands 1 to 8...
    linmin: converged after 3 iterations.
    linmin: converged after 2 iterations.
    linmin: converged after 3 iterations.
    linmin: converged after 2 iterations.
    linmin: converged after 2 iterations.
    linmin: converged after 2 iterations.
    linmin: converged after 2 iterations.
    linmin: converged after 2 iterations.
    linmin: converged after 2 iterations.
    linmin: converged after 2 iterations.
    linmin: converged after 2 iterations.
Finished solving for bands 1 to 8 after 11 iterations.
zoddfreqs:, 21, 0.0952381, 0.047619, 0, 0.0952381, 0.0898041, 0.251367, 0.255025, 0.407177, 0.407843, 0.492139, 0.506539, 0.524356
elapsed time for k point: 1 seconds.
Fixing e-field (band 1) phase by 1 + -1.56121e-05i; max ampl. = 0.680456
Fixing e-field (band 2) phase by -0.000521375 + -1i; max ampl. = 0.650753
Fixing e-field (band 3) phase by 0.967443 + -0.253087i; max ampl. = 0.694672
Fixing e-field (band 4) phase by 0.996463 + 0.0840314i; max ampl. = 0.838657
Fixing e-field (band 5) phase by 0.0114608 + 0.999934i; max ampl. = 0.803461
Fixing e-field (band 6) phase by -0.0215371 + -0.999768i; max ampl. = 0.85501
Fixing e-field (band 7) phase by -0.999859 + 0.0167651i; max ampl. = 1.17451
Fixing e-field (band 8) phase by -1 + -0.000187501i; max ampl. = 0.987668
Outputting fields to simulation_slab_opt_along_x-e.v.k21.b01.z.zodd...
Outputting fields to simulation_slab_opt_along_x-e.v.k21.b02.z.zodd...
Outputting fields to simulation_slab_opt_along_x-e.v.k21.b03.z.zodd...
Outputting fields to simulation_slab_opt_along_x-e.v.k21.b04.z.zodd...
Outputting fields to simulation_slab_opt_along_x-e.v.k21.b05.z.zodd...
Outputting fields to simulation_slab_opt_along_x-e.v.k21.b06.z.zodd...
Outputting fields to simulation_slab_opt_along_x-e.v.k21.b07.z.zodd...
Outputting fields to simulation_slab_opt_along_x-e.v.k21.b08.z.zodd...
Outputting fields to simulation_slab_opt_along_x-h.v.k21.b01.y.zodd...
Outputting fields to simulation_slab_opt_along_x-h.v.k21.b02.y.zodd...
Outputting fields to simulation_slab_opt_along_x-h.v.k21.b03.y.zodd...
Outputting fields to simulation_slab_opt_along_x-h.v.k21.b04.y.zodd...
Outputting fields to simulation_slab_opt_along_x-h.v.k21.b05.y.zodd...
Outputting fields to simulation_slab_opt_along_x-h.v.k21.b06.y.zodd...
Outputting fields to simulation_slab_opt_along_x-h.v.k21.b07.y.zodd...
Outputting fields to simulation_slab_opt_along_x-h.v.k21.b08.y.zodd...
solve_kpoint (0.1,0.05,0):
Solving for bands 1 to 8...
    linmin: converged after 2 iterations.
    linmin: converged after 2 iterations.
    linmin: converged after 3 iterations.
    linmin: converged after 2 iterations.
    linmin: converged after 2 iterations.
    linmin: converged after 2 iterations.
    linmin: converged after 2 iterations.
    linmin: converged after 2 iterations.
    linmin: converged after 2 iterations.
    linmin: converged after 2 iterations.
    linmin: converged after 2 iterations.
Finished solving for bands 1 to 8 after 11 iterations.
zoddfreqs:, 22, 0.1, 0.05, 0, 0.1, 0.0942516, 0.252602, 0.25661, 0.407756, 0.408502, 0.491206, 0.506141, 0.524779
elapsed time for k point: 0 seconds.
Fixing e-field (band 1) phase by 1 + -1.57559e-05i; max ampl. = 0.682653
Fixing e-field (band 2) phase by -0.00040665 + -1i; max ampl. = 0.645887
Fixing e-field (band 3) phase by 0.950375 + -0.311107i; max ampl. = 0.693896
Fixing e-field (band 4) phase by 0.998451 + 0.0556387i; max ampl. = 0.836577
Fixing e-field (band 5) phase by 0.0113418 + 0.999936i; max ampl. = 0.800029
Fixing e-field (band 6) phase by -0.0222697 + -0.999752i; max ampl. = 0.858146
Fixing e-field (band 7) phase by -0.999851 + 0.0172747i; max ampl. = 1.16707
Fixing e-field (band 8) phase by -0.999997 + -0.00258908i; max ampl. = 0.983389
Outputting fields to simulation_slab_opt_along_x-e.v.k22.b01.z.zodd...
Outputting fields to simulation_slab_opt_along_x-e.v.k22.b02.z.zodd...
Outputting fields to simulation_slab_opt_along_x-e.v.k22.b03.z.zodd...
Outputting fields to simulation_slab_opt_along_x-e.v.k22.b04.z.zodd...
Outputting fields to simulation_slab_opt_along_x-e.v.k22.b05.z.zodd...
Outputting fields to simulation_slab_opt_along_x-e.v.k22.b06.z.zodd...
Outputting fields to simulation_slab_opt_along_x-e.v.k22.b07.z.zodd...
Outputting fields to simulation_slab_opt_along_x-e.v.k22.b08.z.zodd...
Outputting fields to simulation_slab_opt_along_x-h.v.k22.b01.y.zodd...
Outputting fields to simulation_slab_opt_along_x-h.v.k22.b02.y.zodd...
Outputting fields to simulation_slab_opt_along_x-h.v.k22.b03.y.zodd...
Outputting fields to simulation_slab_opt_along_x-h.v.k22.b04.y.zodd...
Outputting fields to simulation_slab_opt_along_x-h.v.k22.b05.y.zodd...
Outputting fields to simulation_slab_opt_along_x-h.v.k22.b06.y.zodd...
Outputting fields to simulation_slab_opt_along_x-h.v.k22.b07.y.zodd...
Outputting fields to simulation_slab_opt_along_x-h.v.k22.b08.y.zodd...
Band 1 range: 0.0 at #(0.0 0.0 0.0) to 0.09425159696362743 at #(0.1 0.05000000000000002 0.0)
Band 2 range: 0.23889117293270068 at #(0.0 0.0 0.0) to 0.2526017261503648 at #(0.1 0.05000000000000002 0.0)
Band 3 range: 0.2388922312064055 at #(0.0 0.0 0.0) to 0.25660978682700697 at #(0.1 0.05000000000000002 0.0)
Band 4 range: 0.40145386806836425 at #(0.0 0.0 0.0) to 0.4077562031063641 at #(0.1 0.05000000000000002 0.0)
Band 5 range: 0.4014639342384622 at #(0.0 0.0 0.0) to 0.40850237841528275 at #(0.1 0.05000000000000002 0.0)
Band 6 range: 0.49120570227779475 at #(0.1 0.05000000000000002 0.0) to 0.5105617334375346 at #(0.0 0.0 0.0)
Band 7 range: 0.5061406096153672 at #(0.1 0.05000000000000002 0.0) to 0.5106401896814443 at #(0.0 0.0 0.0)
Band 8 range: 0.5106593805099001 at #(0.0 0.0 0.0) to 0.5247785441674228 at #(0.1 0.05000000000000002 0.0)
Gap from band 1 (0.09425159696362743) to band 2 (0.23889117293270068), 86.83338738768614%
Gap from band 3 (0.25660978682700697) to band 4 (0.40145386806836425), 44.021297989595475%
Gap from band 5 (0.40850237841528275) to band 6 (0.49120570227779475), 18.384479507798275%
Gap from band 7 (0.5106401896814443) to band 8 (0.5106593805099001), 0.003758119363980687%
total elapsed time for run: 5 minutes, 55 seconds.
done.

------------------------------------------------------------
Sender: LSF System <lsfadmin@hpc.dtu.dk>
Subject: Job 24278041: <simulation_slab_opt_along_x> in cluster <dcc> Done

Job <simulation_slab_opt_along_x> was submitted from host <gbarlogin2> by user <s232699> in cluster <dcc> at Tue Mar  4 21:31:58 2025
Job was executed on host(s) <16*n-62-12-80>, in queue <fotonano>, as user <s232699> in cluster <dcc> at Tue Mar  4 21:32:00 2025
                            <16*n-62-12-78>
</zhome/2f/7/202918> was used as the home directory.
</zhome/2f/7/202918/phc_nzi/simulations/simulation_slab_opt_along_x> was used as the working directory.
Started at Tue Mar  4 21:32:00 2025
Terminated at Tue Mar  4 21:38:03 2025
Results reported at Tue Mar  4 21:38:03 2025

Your job looked like:

------------------------------------------------------------
# LSBATCH: User input
#!/bin/bash
#BSUB -J simulation_slab_opt_along_x
#BSUB -q fotonano
#BSUB -n 32
#BSUB -W 24:00
#BSUB -R "rusage[mem=4GB]"
#BSUB -R "span[block=16]"
#BSUB -oo simulation_slab_opt_along_x.out
#BSUB -eo simulation_slab_opt_along_x.err

source /dtu/sw/dcc/dcc-sw.bash && module load mpb/1.11.1 && mpirun -np $LSB_DJOB_NUMPROC mpb-mpi r1=0.12 r2=0.2456985640859301 simulation_slab_opt_along_x.ctl
------------------------------------------------------------

Successfully completed.

Resource usage summary:

    CPU time :                                   3719.00 sec.
    Max Memory :                                 6449 MB
    Average Memory :                             5781.80 MB
    Total Requested Memory :                     131072.00 MB
    Delta Memory :                               124623.00 MB
    Max Swap :                                   -
    Max Processes :                              37
    Max Threads :                                651
    Run time :                                   381 sec.
    Turnaround time :                            365 sec.

The output (if any) is above this job summary.



PS:

Read file <simulation_slab_opt_along_x.err> for stderr output of this job.

