r1: 0.10928778352565255, r2: 0.2713311749885645, cost: 0.004149000000000069, freq_dirac: 0.515235
r1: 0.09968820097995867, r2: 0.23445384003876968, cost: 0.0016460000000000363, freq_dirac: 0.504242
r1: 0.12612741005720612, r2: 0.2676145045766257, cost: 0.0013289999999999136, freq_dirac: 0.517749
r1: 0.08088707459570682, r2: 0.24711783353183667, cost: 0.005179000000000045, freq_dirac: 0.503841
r1: 0.09201150675138929, r2: 0.3872170390369381, cost: 0.017683999999999922, freq_dirac: 0.570773
r1: 0.10592572147940836, r2: 0.37975108829657656, cost: 0.014114000000000071, freq_dirac: 0.567559
r1: 0.0512231409274949, r2: 0.2521692261950649, cost: 0.008125000000000049, freq_dirac: 0.500371
r1: 0.07261116656305514, r2: 0.30961393079313226, cost: 0.011785999999999963, freq_dirac: 0.519921
r1: 0.1454614432191328, r2: 0.38824960414949705, cost: 0.0026530000000000165, freq_dirac: 0.580756
r1: 0.13767808402083864, r2: 0.3020016581719531, cost: 0.0029009999999999314, freq_dirac: 0.532604
r1: 0.06071287019323161, r2: 0.2899383972394759, cost: 0.010772000000000004, freq_dirac: 0.511133
r1: 0.054204517929578075, r2: 0.2614797791593809, cost: 0.008730000000000016, freq_dirac: 0.502791
r1: 0.11372413204522441, r2: 0.24292331524086178, cost: 0.0006960000000000299, freq_dirac: 0.50875
r1: 0.11051210580003776, r2: 0.27938310647761083, cost: 0.0048960000000000115, freq_dirac: 0.517962
r1: 0.0702520825214969, r2: 0.2947353284153484, cost: 0.010564000000000018, freq_dirac: 0.514302
r1: 0.06777939361262383, r2: 0.22566226627230995, cost: 0.004516999999999993, freq_dirac: 0.497753
r1: 0.0577819752525503, r2: 0.21140412477515486, cost: 0.004313000000000011, freq_dirac: 0.494231
r1: 0.06437841008767935, r2: 0.2054344245738522, cost: 0.0030870000000000064, freq_dirac: 0.494106
r1: 0.13093817659400617, r2: 0.3742477507494008, cost: 0.006460000000000021, freq_dirac: 0.568518
r1: 0.10090169382480049, r2: 0.215711327651085, cost: 0.00028100000000008674, freq_dirac: 0.50092
r1: 0.14998221294494563, r2: 0.22227303074322702, cost: 0.006187000000000054, freq_dirac: 0.511199
r1: 0.11791748228359909, r2: 0.36852087410481793, cost: 0.010639999999999983, freq_dirac: 0.561826
r1: 0.08919280181289764, r2: 0.3574010707775815, cost: 0.015329999999999955, freq_dirac: 0.547494
r1: 0.11996220262579221, r2: 0.28519954474695597, cost: 0.004117999999999955, freq_dirac: 0.521975
r1: 0.13729629047165975, r2: 0.39640155883172434, cost: 0.0003420000000000645, freq_dirac: 0.586147
r1: 0.07532836408660143, r2: 0.31298659197361484, cost: 0.011933000000000082, freq_dirac: 0.521783
r1: 0.08495098119118069, r2: 0.3546171759611775, cost: 0.015595000000000026, freq_dirac: 0.544746
r1: 0.13154121145309025, r2: 0.34259162968613743, cost: 0.0066910000000000025, freq_dirac: 0.549447
r1: 0.1241384956326012, r2: 0.34851831044370696, cost: 0.008553000000000033, freq_dirac: 0.550858
r1: 0.14365552304575746, r2: 0.3281239469333661, cost: 0.0032929999999999904, freq_dirac: 0.545407
r1: 0.08286078378184324, r2: 0.33415637180654784, cost: 0.013514000000000026, freq_dirac: 0.532933
r1: 0.09512578191541082, r2: 0.31976427255420287, cost: 0.010738000000000025, freq_dirac: 0.529032
r1: 0.10877407888443612, r2: 0.27807104578866526, cost: 0.0049080000000000235, freq_dirac: 0.517116
r1: 0.1262220464866806, r2: 0.252553115323878, cost: 0.000280000000000058, freq_dirac: 0.513501
r1: 0.11791748228359909, r2: 0.26943324924979856, cost: 0.0027599999999999847, freq_dirac: 0.516523
r1: 0.1346238883845244, r2: 0.2597033188743657, cost: 0.0006580000000000474, freq_dirac: 0.517495
r1: 0.1454614432191328, r2: 0.31039534930243556, cost: 0.0019939999999999403, freq_dirac: 0.537973
r1: 0.07875569029888092, r2: 0.27321628441389634, cost: 0.007916999999999952, freq_dirac: 0.509771
r1: 0.07418090011851268, r2: 0.2244930779356003, cost: 0.003758000000000039, freq_dirac: 0.498417
r1: 0.07007526224806272, r2: 0.29219667720921616, cost: 0.010372000000000048, freq_dirac: 0.513525
r1: 0.1473906609219264, r2: 0.3819614180151285, cost: 0.0022170000000000245, freq_dirac: 0.57658
r1: 0.1475710255932969, r2: 0.3787815896358228, cost: 0.001603000000000021, freq_dirac: 0.574394
r1: 0.12996147544437509, r2: 0.35484315985038684, cost: 0.007321000000000022, freq_dirac: 0.555918
r1: 0.08840673250431931, r2: 0.3028084430765524, cost: 0.009732999999999992, freq_dirac: 0.520815
r1: 0.05937214742431552, r2: 0.22822480094909864, cost: 0.005534999999999957, freq_dirac: 0.497053
r1: 0.10592572147940836, r2: 0.2577268903856966, cost: 0.0032209999999999184, freq_dirac: 0.510867
r1: 0.06469279714452911, r2: 0.39640155883172434, cost: 0.023104000000000013, freq_dirac: 0.57374
r1: 0.11042337689983348, r2: 0.258467503294857, cost: 0.0027719999999999967, freq_dirac: 0.512039
r1: 0.13950370715234395, r2: 0.36928246062056835, cost: 0.003481999999999985, freq_dirac: 0.566818
r1: 0.08495098119118069, r2: 0.27180263823112033, cost: 0.00712999999999997, freq_dirac: 0.51051
r1: 0.13566037654855095, r2: 0.33794367706858375, cost: 0.005516999999999994, freq_dirac: 0.54814
r1: 0.0922236569656421, r2: 0.29040059715289, cost: 0.008165000000000089, freq_dirac: 0.517461
r1: 0.07237890950501817, r2: 0.38939670660904446, cost: 0.02130999999999994, freq_dirac: 0.568446
r1: 0.06834067008819616, r2: 0.22227303074322702, cost: 0.004188999999999998, freq_dirac: 0.49728
r1: 0.050069612105518344, r2: 0.2991749476702108, cost: 0.012170000000000014, freq_dirac: 0.512207
r1: 0.11847534650622088, r2: 0.2054344245738522, cost: 0.0035690000000000444, freq_dirac: 0.501884
r1: 0.05458222181579529, r2: 0.3117673261656618, cost: 0.013108000000000009, freq_dirac: 0.517279
r1: 0.08168548849616719, r2: 0.21196060983989903, cost: 0.0018660000000000343, freq_dirac: 0.497426
r1: 0.14704691282128007, r2: 0.32683116542388563, cost: 0.00237900000000002, freq_dirac: 0.545694
r1: 0.09402949550980001, r2: 0.33797999977880805, cost: 0.012699000000000016, freq_dirac: 0.5374
r1: 0.1337498421290818, r2: 0.33415637180654784, cost: 0.005816000000000043, freq_dirac: 0.545765
r1: 0.08386153042383092, r2: 0.3541197275804278, cost: 0.015675000000000106, freq_dirac: 0.544221
r1: 0.11888723926091825, r2: 0.35753866873241924, cost: 0.010248000000000035, freq_dirac: 0.554963
r1: 0.10090169382480049, r2: 0.229654331186239, cost: 0.0010980000000000434, freq_dirac: 0.503548
r1: 0.1333948880120845, r2: 0.26070963282008364, cost: 0.00035200000000001896, freq_dirac: 0.517532
r1: 0.1448048274929722, r2: 0.24711783353183667, cost: 0.003326999999999969, freq_dirac: 0.516415
r1: 0.07653767091192581, r2: 0.2163391817493588, cost: 0.0027719999999999967, freq_dirac: 0.497335
r1: 0.127549027541719, r2: 0.2244930779356003, cost: 0.003074999999999939, freq_dirac: 0.50719
r1: 0.11843318433317483, r2: 0.21434353473028356, cost: 0.002770999999999968, freq_dirac: 0.503533
r1: 0.08689768406812151, r2: 0.29592827965713797, cost: 0.00927100000000003, freq_dirac: 0.518114
r1: 0.12804851693689526, r2: 0.27180263823112033, cost: 0.0016169999999999796, freq_dirac: 0.519613
r1: 0.13154121145309025, r2: 0.2826140796855709, cost: 0.0021459999999999813, freq_dirac: 0.523946
r1: 0.13333721318511693, r2: 0.29325630253594237, cost: 0.002882000000000051, freq_dirac: 0.528131
r1: 0.09237766553550333, r2: 0.3904284605385846, cost: 0.017867999999999995, freq_dirac: 0.573743
r1: 0.06111729555489522, r2: 0.290123317448342, cost: 0.010746000000000033, freq_dirac: 0.511254
r1: 0.07792518088857145, r2: 0.26673119544642243, cost: 0.007286000000000015, freq_dirac: 0.507822
r1: 0.12496950645915704, r2: 0.3180062847782605, cost: 0.006360000000000032, freq_dirac: 0.535765
r1: 0.07791523961607201, r2: 0.23422995468933785, cost: 0.004223000000000032, freq_dirac: 0.500659
r1: 0.10811284283073609, r2: 0.3787815896358228, cost: 0.01345200000000002, freq_dirac: 0.567154
r1: 0.0681147464823746, r2: 0.3822493442406235, cost: 0.02073400000000003, freq_dirac: 0.560997
r1: 0.06817823098055686, r2: 0.3193158343956068, cost: 0.013085999999999931, freq_dirac: 0.522867
r1: 0.11372413204522441, r2: 0.21731212739621106, cost: 0.0018919999999998938, freq_dirac: 0.503288
r1: 0.05567944656562549, r2: 0.2676145045766257, cost: 0.009212999999999971, freq_dirac: 0.504445
r1: 0.0642029501746122, r2: 0.23712197193382079, cost: 0.00583800000000001, freq_dirac: 0.499259
r1: 0.1343135227652322, r2: 0.21196060983989903, cost: 0.0050840000000000884, freq_dirac: 0.505854
r1: 0.1111444777143014, r2: 0.22227303074322702, cost: 0.0009860000000000424, freq_dirac: 0.503882
r1: 0.123427021521995, r2: 0.21140412477515486, cost: 0.0037559999999999816, freq_dirac: 0.503775
r1: 0.09295362980275512, r2: 0.2968035500141886, cost: 0.008680999999999939, freq_dirac: 0.519632
r1: 0.0922236569656421, r2: 0.28862793903203493, cost: 0.007927000000000017, freq_dirac: 0.516797
r1: 0.061717451754038886, r2: 0.29807860729472724, cost: 0.011408000000000085, freq_dirac: 0.513799
r1: 0.06437841008767935, r2: 0.3046554518394749, cost: 0.01176199999999994, freq_dirac: 0.51647
r1: 0.08993821731683163, r2: 0.258467503294857, cost: 0.005203999999999986, freq_dirac: 0.507971
r1: 0.08926436642337765, r2: 0.33415637180654784, cost: 0.012813000000000074, freq_dirac: 0.534394
r1: 0.07178865082776988, r2: 0.3418034385549974, cost: 0.01516699999999993, freq_dirac: 0.534003
r1: 0.0732623822116885, r2: 0.3571999020187593, cost: 0.01694300000000004, freq_dirac: 0.543486
r1: 0.06671371222542083, r2: 0.22940912975878658, cost: 0.004971000000000003, freq_dirac: 0.49826
r1: 0.08213663070596125, r2: 0.26347647315379413, cost: 0.0066150000000000375, freq_dirac: 0.507857
r1: 0.14236496146895097, r2: 0.37711044250725784, cost: 0.0012929999999999886, freq_dirac: 0.572394
r1: 0.07100575341909383, r2: 0.26451745423331824, cost: 0.007709999999999995, freq_dirac: 0.506077
r1: 0.05025795401790448, r2: 0.2551258585200345, cost: 0.00844900000000004, freq_dirac: 0.500918
r1: 0.13341072259380504, r2: 0.23712197193382079, cost: 0.0026490000000000125, freq_dirac: 0.511345
r1: 0.05357270493691343, r2: 0.20374619487264506, cost: 0.004025999999999974, freq_dirac: 0.492679
r1: 0.12179608457461867, r2: 0.31039534930243556, cost: 0.006288999999999989, freq_dirac: 0.531731
r1: 0.14155299167004953, r2: 0.38837343704145916, cost: 0.0005720000000000169, freq_dirac: 0.580373
r1: 0.07924413295105914, r2: 0.2492140884773993, cost: 0.005570999999999993, freq_dirac: 0.504015
r1: 0.08249720384816994, r2: 0.3720091129506737, cost: 0.017863000000000073, freq_dirac: 0.556144
r1: 0.1111444777143014, r2: 0.3781222589157922, cost: 0.01273599999999997, freq_dirac: 0.567416
r1: 0.127549027541719, r2: 0.3390379263506675, cost: 0.007458999999999993, freq_dirac: 0.546609
r1: 0.11957937629138027, r2: 0.22537364857016715, cost: 0.0019140000000000823, freq_dirac: 0.505917
r1: 0.14060220133326493, r2: 0.27381365530948376, cost: 0.000152000000000041, freq_dirac: 0.523349
r1: 0.14830406605384994, r2: 0.290423390051016, cost: 6.60000000000105e-05, freq_dirac: 0.531105
r1: 0.12946487648454424, r2: 0.34566161003634055, cost: 0.007284999999999986, freq_dirac: 0.550712
r1: 0.11646506345252905, r2: 0.2842448474895856, cost: 0.004496999999999973, freq_dirac: 0.520885
r1: 0.13154121145309025, r2: 0.31163870305640307, cost: 0.0048080000000000345, freq_dirac: 0.534861
r1: 0.07661651133309448, r2: 0.3740441456078669, cost: 0.01870000000000005, freq_dirac: 0.55624
r1: 0.11071183985192272, r2: 0.29503168174839034, cost: 0.0064950000000000285, freq_dirac: 0.523222
r1: 0.10029242629630074, r2: 0.25991358958505606, cost: 0.0041120000000000045, freq_dirac: 0.510252
r1: 0.1475710255932969, r2: 0.21767932470736218, cost: 0.0062349999999999905, freq_dirac: 0.509631
r1: 0.05273171697934468, r2: 0.3443837053099635, cost: 0.016509999999999914, freq_dirac: 0.531549
r1: 0.09117307924803196, r2: 0.25821523587067496, cost: 0.005078999999999945, freq_dirac: 0.508181
r1: 0.10552903656171941, r2: 0.2175268357223501, cost: 0.0007770000000000277, freq_dirac: 0.501955
r1: 0.0922236569656421, r2: 0.21691262408259315, cost: 0.0009399999999999964, freq_dirac: 0.49971
r1: 0.06016591823833969, r2: 0.3230491039313843, cost: 0.013900999999999941, freq_dirac: 0.522753
r1: 0.05665133070334254, r2: 0.2970027843698623, cost: 0.011675999999999909, freq_dirac: 0.512572
r1: 0.08238760505245399, r2: 0.2929961885794381, cost: 0.009427000000000074, freq_dirac: 0.516248
r1: 0.14080864497847012, r2: 0.33415637180654784, cost: 0.0040999999999999925, freq_dirac: 0.547585
r1: 0.14556170561073498, r2: 0.32034528518000516, cost: 0.0024939999999999962, freq_dirac: 0.542333
r1: 0.1262220464866806, r2: 0.2237889422693447, cost: 0.003077999999999914, freq_dirac: 0.506702
r1: 0.10365090407524823, r2: 0.39934398923949144, cost: 0.014701000000000075, freq_dirac: 0.584341
r1: 0.1375803234650415, r2: 0.26943324924979856, cost: 0.00010900000000002574, freq_dirac: 0.521183
r1: 0.12266653113106149, r2: 0.26070963282008364, cost: 0.0011750000000000371, freq_dirac: 0.515052
r1: 0.13104857427680572, r2: 0.3892235620936758, cost: 0.004650000000000043, freq_dirac: 0.579449
r1: 0.08215525516514417, r2: 0.2776258207245891, cost: 0.007943000000000033, freq_dirac: 0.511535
r1: 0.09237081214069551, r2: 0.23054505702409994, cost: 0.002203000000000066, freq_dirac: 0.502299
r1: 0.10156263071534993, r2: 0.3351773830660624, cost: 0.011612999999999984, freq_dirac: 0.537986
r1: 0.11736759616323023, r2: 0.24018967426559595, cost: 0.00017499999999992522, freq_dirac: 0.508802
r1: 0.14348333511683065, r2: 0.30109158035140926, cost: 0.0018060000000000853, freq_dirac: 0.533769
r1: 0.14155299167004953, r2: 0.3863435840381513, cost: 0.00012500000000004174, freq_dirac: 0.578854
r1: 0.1034019033104127, r2: 0.28921729243765587, cost: 0.0067869999999999875, freq_dirac: 0.519529
r1: 0.12612741005720612, r2: 0.31869441643820673, cost: 0.006185999999999914, freq_dirac: 0.536319
r1: 0.14080864497847012, r2: 0.2639185287187558, cost: 0.0011470000000000091, freq_dirac: 0.520265
r1: 0.14060220133326493, r2: 0.2617639837920036, cost: 0.0013529999999999376, freq_dirac: 0.519576
r1: 0.0785208563504412, r2: 0.2842448474895856, cost: 0.008822999999999914, freq_dirac: 0.512717
r1: 0.10756372251764175, r2: 0.2773862524755726, cost: 0.0049680000000000835, freq_dirac: 0.516623
r1: 0.1124721877145658, r2: 0.23038199112387597, cost: 0.00040200000000001346, freq_dirac: 0.505757
r1: 0.08850672253466521, r2: 0.24216378847594558, cost: 0.003807000000000005, freq_dirac: 0.503983
r1: 0.071511886590732, r2: 0.36514757103311424, cost: 0.017947999999999964, freq_dirac: 0.548322
r1: 0.11042337689983348, r2: 0.3752546358152378, cost: 0.012956999999999996, freq_dirac: 0.565134
r1: 0.12376837452127637, r2: 0.22227303074322702, cost: 0.0028170000000000694, freq_dirac: 0.506004
r1: 0.12112082988950439, r2: 0.21691262408259315, cost: 0.002935000000000021, freq_dirac: 0.50446
r1: 0.13096232819530312, r2: 0.34464016447353174, cost: 0.0069430000000000325, freq_dirac: 0.550558
r1: 0.05357270493691343, r2: 0.38647047400122037, cost: 0.02241599999999999, freq_dirac: 0.561572
r1: 0.05776360619883529, r2: 0.38633297105932607, cost: 0.02214500000000008, freq_dirac: 0.562384
r1: 0.07791523961607201, r2: 0.20848066079745703, cost: 0.001951000000000036, freq_dirac: 0.496303
r1: 0.06294412128850621, r2: 0.32857529447051437, cost: 0.014244000000000034, freq_dirac: 0.525713
r1: 0.11372413204522441, r2: 0.26990370003254055, cost: 0.003446999999999978, freq_dirac: 0.515803
r1: 0.1145382978435608, r2: 0.25097193975707266, cost: 0.0013720000000000399, freq_dirac: 0.510828
r1: 0.10028423200778072, r2: 0.34494025494920055, cost: 0.01266300000000009, freq_dirac: 0.542805
r1: 0.0880497331700823, r2: 0.2591382944774947, cost: 0.005506999999999929, freq_dirac: 0.507778
r1: 0.1069012225552924, r2: 0.2642139687268197, cost: 0.0037599999999999856, freq_dirac: 0.512741
r1: 0.14124738424522, r2: 0.26070963282008364, cost: 0.0015080000000000648, freq_dirac: 0.519472
r1: 0.13934352718657464, r2: 0.2622676016430345, cost: 0.0010729999999999906, freq_dirac: 0.519415
r1: 0.09503796500805063, r2: 0.30649087899323757, cost: 0.009372999999999965, freq_dirac: 0.523544
r1: 0.12037880087887627, r2: 0.2445792169958044, cost: 8.099999999999774e-05, freq_dirac: 0.510482
r1: 0.10348963465605385, r2: 0.2612011542285478, cost: 0.003894000000000064, freq_dirac: 0.511273
r1: 0.0946740560990321, r2: 0.22497713837449346, cost: 0.0013270000000000781, freq_dirac: 0.501529
r1: 0.11635632167015615, r2: 0.22369885021665512, cost: 0.001647000000000065, freq_dirac: 0.505007
r1: 0.09237081214069551, r2: 0.2021334946038435, cost: 0.0004669999999999952, freq_dirac: 0.497314
r1: 0.12371220030067998, r2: 0.3036549110698516, cost: 0.005310000000000037, freq_dirac: 0.529528
r1: 0.13502529057049667, r2: 0.2884225072270998, cost: 0.0020620000000000083, freq_dirac: 0.526737
r1: 0.07477426120642713, r2: 0.30446348641027254, cost: 0.011109000000000036, freq_dirac: 0.51852
r1: 0.12229983373944364, r2: 0.242425417162753, cost: 0.0006369999999999987, freq_dirac: 0.510236
r1: 0.1050425238927642, r2: 0.27914909523510223, cost: 0.005511000000000044, freq_dirac: 0.516594
r1: 0.12815984321479335, r2: 0.3620199323422643, cost: 0.007854000000000028, freq_dirac: 0.559883
r1: 0.141771912128728, r2: 0.2564725364935416, cost: 0.0019740000000000313, freq_dirac: 0.518396
r1: 0.12826874054552762, r2: 0.2572159161415683, cost: 9.300000000000974e-05, freq_dirac: 0.51543
r1: 0.107800818543134, r2: 0.25177559953924733, cost: 0.0023130000000000095, freq_dirac: 0.509639
r1: 0.11606915568410205, r2: 0.23398658796739355, cost: 0.0006199999999999539, freq_dirac: 0.507122
r1: 0.12612741005720612, r2: 0.34443321882350403, cost: 0.007879999999999998, freq_dirac: 0.549023
r1: 0.08473993476120929, r2: 0.34479080763547737, cost: 0.014506000000000019, freq_dirac: 0.538971
r1: 0.09824500033367721, r2: 0.21425518875307847, cost: 0.00010699999999996823, freq_dirac: 0.500182
r1: 0.05208369592368157, r2: 0.21773460147458965, cost: 0.005281999999999953, freq_dirac: 0.494488
r1: 0.14080864497847012, r2: 0.2879328978570381, cost: 0.0010809999999999986, freq_dirac: 0.528103
r1: 0.1318763487871719, r2: 0.3152481639498906, cost: 0.004994000000000054, freq_dirac: 0.536471
r1: 0.09959079736449376, r2: 0.20374619487264506, cost: 0.0012520000000000309, freq_dirac: 0.498636
r1: 0.09629372170922483, r2: 0.31961107314471604, cost: 0.01072099999999998, freq_dirac: 0.529344
r1: 0.14351336636995538, r2: 0.3110895228716472, cost: 0.0024799999999999267, freq_dirac: 0.537801
r1: 0.08103412651353437, r2: 0.29849433833601813, cost: 0.010072999999999999, freq_dirac: 0.517785
r1: 0.0848350785206881, r2: 0.2826140796855709, cost: 0.008175000000000043, freq_dirac: 0.513526
r1: 0.10916319247327047, r2: 0.33516452114388434, cost: 0.010460000000000025, freq_dirac: 0.539885
r1: 0.07009031954133374, r2: 0.33322019181192764, cost: 0.01436000000000004, freq_dirac: 0.529341
r1: 0.09289352163201567, r2: 0.21649916004509306, cost: 0.0007920000000000149, freq_dirac: 0.499725
r1: 0.13592924897078942, r2: 0.28460735419596866, cost: 0.0016249999999999876, freq_dirac: 0.525731
r1: 0.12037880087887627, r2: 0.25259258395643863, cost: 0.0007400000000000739, freq_dirac: 0.512482
r1: 0.0771995803729197, r2: 0.24311943842260936, cost: 0.005149000000000015, freq_dirac: 0.502348
r1: 0.07887783555315092, r2: 0.22417768503500077, cost: 0.0032819999999999516, freq_dirac: 0.499073
r1: 0.11346760056395556, r2: 0.21140412477515486, cost: 0.0023620000000000863, freq_dirac: 0.502187
r1: 0.11357722688527049, r2: 0.26070963282008364, cost: 0.0025040000000000617, freq_dirac: 0.51321
r1: 0.14016254829270164, r2: 0.20595354644601258, cost: 0.006249999999999978, freq_dirac: 0.505725
r1: 0.07600325686115775, r2: 0.2877781339449852, cost: 0.009400000000000075, freq_dirac: 0.513309
r1: 0.0892880577417887, r2: 0.3061495683407654, cost: 0.009974000000000038, freq_dirac: 0.522231
r1: 0.09718046055050457, r2: 0.28661481846166736, cost: 0.007232999999999934, freq_dirac: 0.51724
r1: 0.09959079736449376, r2: 0.2589299038289618, cost: 0.004125999999999963, freq_dirac: 0.509896
r1: 0.08326051569840731, r2: 0.3959037358085726, cost: 0.02022400000000002, freq_dirac: 0.577324
r1: 0.09237081214069551, r2: 0.251137386150415, cost: 0.004198999999999953, freq_dirac: 0.506651
r1: 0.11606915568410205, r2: 0.2388532611491045, cost: 7.199999999996098e-05, freq_dirac: 0.508306
r1: 0.09409970354859382, r2: 0.2385996794657381, cost: 0.0027810000000000334, freq_dirac: 0.504205
r1: 0.11240662873949482, r2: 0.23883248782261768, cost: 0.0005119999999999569, freq_dirac: 0.507618
r1: 0.12872069762780114, r2: 0.36456636326465197, cost: 0.007641000000000009, freq_dirac: 0.5616
r1: 0.09629922489228313, r2: 0.21691262408259315, cost: 0.00044200000000005346, freq_dirac: 0.500357
r1: 0.10249918343162996, r2: 0.21954844130471035, cost: 0.00015199999999992997, freq_dirac: 0.501871
r1: 0.09298512953935836, r2: 0.21650045094448744, cost: 0.0007780000000000009, freq_dirac: 0.499736
r1: 0.12076594915726943, r2: 0.2912884141214121, cost: 0.004660999999999915, freq_dirac: 0.524307
r1: 0.13729629047165975, r2: 0.22568829805633614, cost: 0.0042639999999999345, freq_dirac: 0.509438
r1: 0.13959143535888013, r2: 0.22595606085556086, cost: 0.0045600000000000085, freq_dirac: 0.509925
r1: 0.10868236846011119, r2: 0.3009701335129725, cost: 0.007232999999999934, freq_dirac: 0.524828
r1: 0.11538392097375151, r2: 0.2842448474895856, cost: 0.004655000000000076, freq_dirac: 0.520627
r1: 0.10005332458414057, r2: 0.31607791912199096, cost: 0.009840999999999989, freq_dirac: 0.528666
r1: 0.1164125275419395, r2: 0.2650318926879606, cost: 0.0025569999999999204, freq_dirac: 0.514955
r1: 0.0728148458253397, r2: 0.3265793188208147, cost: 0.013479999999999936, freq_dirac: 0.526902
r1: 0.11349875264285943, r2: 0.25528943642956753, cost: 0.0019839999999999858, freq_dirac: 0.511801
r1: 0.118446781818792, r2: 0.2520029302080944, cost: 0.0009480000000000599, freq_dirac: 0.511905
r1: 0.06620714228356053, r2: 0.26720149295953277, cost: 0.00839899999999999, freq_dirac: 0.506019
r1: 0.13088013058037898, r2: 0.32032296943286465, cost: 0.005638000000000032, freq_dirac: 0.538518
r1: 0.13592924897078942, r2: 0.2598541049360039, cost: 0.0008209999999999607, freq_dirac: 0.517856
r1: 0.13971464665295913, r2: 0.26070963282008364, cost: 0.0013139999999999263, freq_dirac: 0.519015
r1: 0.11402022678935393, r2: 0.24375901675386294, cost: 0.0007329999999999837, freq_dirac: 0.508997
r1: 0.10783986750762453, r2: 0.23893560984728732, cost: 0.0010809999999999986, freq_dirac: 0.506703
r1: 0.11130011630697631, r2: 0.2168356008590573, cost: 0.0015560000000000018, freq_dirac: 0.502817
r1: 0.12087225778230647, r2: 0.24880911497940453, cost: 0.00027999999999994696, freq_dirac: 0.511571
r1: 0.1235445592798932, r2: 0.23453893645453333, cost: 0.0016539999999999333, freq_dirac: 0.508577
r1: 0.1022809537202543, r2: 0.21007102213938195, cost: 0.0009870000000000712, freq_dirac: 0.500164
r1: 0.1346238883845244, r2: 0.2582313790893818, cost: 0.0007899999999999574, freq_dirac: 0.517107
r1: 0.1457991575915387, r2: 0.383225608683116, cost: 0.0016739999999999533, freq_dirac: 0.577212
r1: 0.11664398105904616, r2: 0.39640155883172434, cost: 0.009747000000000061, freq_dirac: 0.583371
r1: 0.12037880087887627, r2: 0.28032105132193, cost: 0.003591000000000011, freq_dirac: 0.520509
r1: 0.09629922489228313, r2: 0.277076085424842, cost: 0.0064030000000000475, freq_dirac: 0.514157
r1: 0.14974896338593183, r2: 0.28258525491027836, cost: 0.0010140000000000704, freq_dirac: 0.528572
r1: 0.11646506345252905, r2: 0.3816799430352248, cost: 0.011008000000000018, freq_dirac: 0.571185
r1: 0.11764300284801632, r2: 0.2575560253557457, cost: 0.001583000000000001, freq_dirac: 0.513179
r1: 0.12913892963865276, r2: 0.24657486355001612, cost: 0.0011280000000000179, freq_dirac: 0.51276
r1: 0.06447784078003915, r2: 0.39999384437625296, cost: 0.023812999999999973, freq_dirac: 0.577686
r1: 0.12545279823745187, r2: 0.24595208500435414, cost: 0.0007650000000000157, freq_dirac: 0.511734
r1: 0.1380886006596659, r2: 0.24651679176177912, cost: 0.002363000000000004, freq_dirac: 0.514761
r1: 0.09796556059947982, r2: 0.22363830790999895, cost: 0.0008390000000000342, freq_dirac: 0.501847
r1: 0.09358188113745033, r2: 0.37820788709560493, cost: 0.016651000000000082, freq_dirac: 0.56348
r1: 0.13782494057420094, r2: 0.24779428113780838, cost: 0.002222999999999975, freq_dirac: 0.515007
r1: 0.09555913042549397, r2: 0.2101838459398991, cost: 5.6000000000000494e-05, freq_dirac: 0.499162
r1: 0.10583285978639315, r2: 0.21789562269626167, cost: 0.0007810000000000317, freq_dirac: 0.502084
r1: 0.09237081214069551, r2: 0.26124046356252356, cost: 0.005198000000000036, freq_dirac: 0.509075
r1: 0.12301656626404474, r2: 0.34397487706763735, cost: 0.008624999999999994, freq_dirac: 0.548007
r1: 0.10809331737927567, r2: 0.3111086344484625, cost: 0.00829599999999997, freq_dirac: 0.528579
r1: 0.09105386734422412, r2: 0.21912832876360955, cost: 0.0013340000000000019, freq_dirac: 0.499952
r1: 0.08759870940274467, r2: 0.36044448966999953, cost: 0.015801999999999983, freq_dirac: 0.549105
r1: 0.12846681937815946, r2: 0.28210783048556015, cost: 0.0025609999999999244, freq_dirac: 0.522999
r1: 0.11797845260340689, r2: 0.3390992668286258, cost: 0.009260999999999964, freq_dirac: 0.54416
r1: 0.10096258657714965, r2: 0.23253253311617467, cost: 0.0013720000000000399, freq_dirac: 0.504141
r1: 0.10450860127017844, r2: 0.23241558190567746, cost: 0.0008810000000000207, freq_dirac: 0.504683
r1: 0.1333948880120845, r2: 0.37174192280734436, cost: 0.005718999999999919, freq_dirac: 0.56732
r1: 0.13784307319941477, r2: 0.26953928638988395, cost: 0.00010799999999999699, freq_dirac: 0.521306
r1: 0.11646506345252905, r2: 0.23226089878007716, cost: 0.0008340000000000014, freq_dirac: 0.50684
r1: 0.11807798179738709, r2: 0.2414546235768679, cost: 0.00016099999999996673, freq_dirac: 0.509211
r1: 0.09534285385311471, r2: 0.2208235801404288, cost: 0.0008679999999999799, freq_dirac: 0.50086
r1: 0.0774713893116788, r2: 0.30109158035140926, cost: 0.01057000000000008, freq_dirac: 0.517882
r1: 0.08503152532408369, r2: 0.37711044250725784, cost: 0.018024999999999958, freq_dirac: 0.560758
r1: 0.13592924897078942, r2: 0.3198735703334918, cost: 0.004573999999999967, freq_dirac: 0.539633
r1: 0.10552903656171941, r2: 0.30667460654161494, cost: 0.008210999999999968, freq_dirac: 0.526194
r1: 0.07084040123185817, r2: 0.2826140796855709, cost: 0.009356000000000031, freq_dirac: 0.510755
r1: 0.12913892963865276, r2: 0.39259535103412957, cost: 0.004898999999999987, freq_dirac: 0.581865
r1: 0.14282166504068455, r2: 0.2805791136349475, cost: 0.00015799999999999148, freq_dirac: 0.526054
r1: 0.11979341341375571, r2: 0.2574252926730886, cost: 0.0013019999999999143, freq_dirac: 0.513629
r1: 0.11733196230074397, r2: 0.23964648060598334, cost: 0.00021300000000001873, freq_dirac: 0.508685
r1: 0.13351619809324572, r2: 0.2575560253557457, cost: 0.0006669999999999732, freq_dirac: 0.516694
r1: 0.12826874054552762, r2: 0.24495826197028886, cost: 0.0011480000000000379, freq_dirac: 0.512184
r1: 0.1262220464866806, r2: 0.2355819666636082, cost: 0.001910999999999996, freq_dirac: 0.50937
r1: 0.11867793678421758, r2: 0.2256907598888841, cost: 0.0017260000000000053, freq_dirac: 0.50587
r1: 0.09298512953935836, r2: 0.22240964055814827, cost: 0.0013610000000000566, freq_dirac: 0.500835
r1: 0.05610515102658947, r2: 0.37849523424659826, cost: 0.021001000000000047, freq_dirac: 0.555143
r1: 0.09613934649123629, r2: 0.2021334946038435, cost: 0.0009170000000000011, freq_dirac: 0.497862
r1: 0.12254011216740607, r2: 0.21954844130471035, cost: 0.0028850000000000264, freq_dirac: 0.505233
r1: 0.1119301231326054, r2: 0.3096117007723329, cost: 0.007753999999999928, freq_dirac: 0.529034
r1: 0.08127630275068698, r2: 0.362462899853754, cost: 0.01680400000000004, freq_dirac: 0.548912
r1: 0.14912919701151187, r2: 0.356492453728519, cost: 0.0009710000000000552, freq_dirac: 0.561202
r1: 0.09079024676570227, r2: 0.32342232809285576, cost: 0.011619999999999964, freq_dirac: 0.52964
r1: 0.11670983477061904, r2: 0.2648429024926596, cost: 0.0024880000000000457, freq_dirac: 0.514966
r1: 0.14032919884738518, r2: 0.290423390051016, cost: 0.0014730000000000576, freq_dirac: 0.528984
r1: 0.11534862989538378, r2: 0.23456859640035096, cost: 0.0004450000000000287, freq_dirac: 0.507145
r1: 0.08795474331046645, r2: 0.2101838459398991, cost: 0.0009300000000000419, freq_dirac: 0.497995
r1: 0.13729629047165975, r2: 0.2950535292429267, cost: 0.0023539999999999672, freq_dirac: 0.529807
r1: 0.13592924897078942, r2: 0.3052153120841352, cost: 0.0034650000000000514, freq_dirac: 0.533352
r1: 0.14107671418227802, r2: 0.2805791136349475, cost: 0.0004870000000000152, freq_dirac: 0.52569
r1: 0.1029615983054645, r2: 0.2459461830088278, cost: 0.0024680000000000257, freq_dirac: 0.507456
r1: 0.12199655637229367, r2: 0.2207860190923686, cost: 0.0026889999999999414, freq_dirac: 0.505387
r1: 0.13351619809324572, r2: 0.3987492545121497, cost: 0.0014480000000000048, freq_dirac: 0.587567
r1: 0.10603660460988419, r2: 0.37711044250725784, cost: 0.013977000000000017, freq_dirac: 0.565501
r1: 0.10969266402935665, r2: 0.21007102213938195, cost: 0.0020120000000000138, freq_dirac: 0.50131
r1: 0.07988901646812697, r2: 0.2414546235768679, cost: 0.0047719999999999985, freq_dirac: 0.502504
r1: 0.14356129544446056, r2: 0.28142498024424606, cost: 0.00010500000000002174, freq_dirac: 0.526568
r1: 0.08814711155913052, r2: 0.3697615828639291, cost: 0.01673799999999992, freq_dirac: 0.555721
r1: 0.10590297037987859, r2: 0.30197488375811865, cost: 0.007739000000000051, freq_dirac: 0.524568
r1: 0.1304345214564103, r2: 0.27892247934089026, cost: 0.001960000000000073, freq_dirac: 0.522417
r1: 0.08005023382258739, r2: 0.2926974152291381, cost: 0.009633000000000003, freq_dirac: 0.515693
r1: 0.12278921290867166, r2: 0.27319540690678634, cost: 0.0024840000000000417, freq_dirac: 0.518792
r1: 0.1346238883845244, r2: 0.2598880692875662, cost: 0.0006439999999999779, freq_dirac: 0.517537
r1: 0.14039780840202762, r2: 0.2593008533044095, cost: 0.0015380000000000393, freq_dirac: 0.518799
r1: 0.11846602557839049, r2: 0.2572159161415683, cost: 0.0015050000000000896, freq_dirac: 0.513349
r1: 0.10963689515814719, r2: 0.24926600596789922, cost: 0.0018380000000000063, freq_dirac: 0.509405
r1: 0.12570529551340925, r2: 0.26157801148796095, cost: 0.0007329999999999837, freq_dirac: 0.515881
r1: 0.12913892963865276, r2: 0.2526639111122953, cost: 0.0005499999999999394, freq_dirac: 0.514335
r1: 0.12314838986893671, r2: 0.25022850564410665, cost: 5.299999999996974e-05, freq_dirac: 0.512334
r1: 0.11736759616323023, r2: 0.24633895042462384, cost: 0.0005060000000000064, freq_dirac: 0.510256
r1: 0.10005854493371524, r2: 0.23964648060598334, cost: 0.0021700000000000053, freq_dirac: 0.505469
r1: 0.1075861390121352, r2: 0.20686028029874381, cost: 0.0020879999999999788, freq_dirac: 0.500334
r1: 0.13784307319941477, r2: 0.35370288070384975, cost: 0.005099000000000076, freq_dirac: 0.557218
r1: 0.1406366928404157, r2: 0.21954844130471035, cost: 0.005222999999999978, freq_dirac: 0.508706
r1: 0.13154121145309025, r2: 0.21470942194375015, cost: 0.004511000000000043, freq_dirac: 0.505911
r1: 0.08040786285791113, r2: 0.36011823395324394, cost: 0.016643999999999992, freq_dirac: 0.547084
r1: 0.1439524586089054, r2: 0.3267854310745829, cost: 0.0031610000000000804, freq_dirac: 0.544857
r1: 0.08255101921848908, r2: 0.3108982291794952, cost: 0.011155999999999944, freq_dirac: 0.522586
r1: 0.07557668336413931, r2: 0.3325262294998351, cost: 0.013892000000000015, freq_dirac: 0.530297
r1: 0.13521286045994146, r2: 0.3916191482410123, cost: 0.0020799999999999708, freq_dirac: 0.58186
r1: 0.13455498912102318, r2: 0.2672982985408252, cost: 0.00015900000000002024, freq_dirac: 0.51975
r1: 0.12495934283729355, r2: 0.24051124090146547, cost: 0.0012459999999999694, freq_dirac: 0.510306
r1: 0.13845576173189805, r2: 0.26881523835244253, cost: 0.00028200000000000447, freq_dirac: 0.521218
r1: 0.13729629047165975, r2: 0.23654844255150193, cost: 0.0032369999999999344, freq_dirac: 0.512028
r1: 0.12479840752066461, r2: 0.2482135219063829, cost: 0.00044800000000000395, freq_dirac: 0.512161
r1: 0.1037660065515066, r2: 0.2388532611491045, cost: 0.0016699999999999493, freq_dirac: 0.506004
r1: 0.13693110509810458, r2: 0.2653218279290083, cost: 0.00038599999999999746, freq_dirac: 0.519758
r1: 0.13592924897078942, r2: 0.22047866825992735, cost: 0.0045680000000000165, freq_dirac: 0.507953
r1: 0.13264414887500106, r2: 0.2714537858668716, cost: 0.0008700000000000374, freq_dirac: 0.520598
r1: 0.09120862164111346, r2: 0.2520029302080944, cost: 0.004438000000000053, freq_dirac: 0.50666
r1: 0.13284311305582383, r2: 0.27381365530948376, cost: 0.0010860000000000314, freq_dirac: 0.521377
r1: 0.08100705541459578, r2: 0.2445792169958044, cost: 0.004931000000000019, freq_dirac: 0.503316
r1: 0.1279450654872317, r2: 0.25147031512238555, cost: 0.0004959999999999409, freq_dirac: 0.51373
r1: 0.12881341094526916, r2: 0.25712115428244525, cost: 6.300000000003525e-05, freq_dirac: 0.515513
r1: 0.10564685018094992, r2: 0.21028917967373828, cost: 0.0014440000000000008, freq_dirac: 0.500713
r1: 0.12075806571273197, r2: 0.25249612227270957, cost: 0.0006350000000000522, freq_dirac: 0.512472
r1: 0.14648303706158272, r2: 0.2794989760930141, cost: 0.0006899999999999684, freq_dirac: 0.526621
r1: 0.11061995287846949, r2: 0.2805791136349475, cost: 0.0050200000000000244, freq_dirac: 0.518405
r1: 0.13734987038496924, r2: 0.26818579108607105, cost: 0.00017300000000008975, freq_dirac: 0.520776
r1: 0.14830406605384994, r2: 0.24664172969955378, cost: 0.0038559999999999706, freq_dirac: 0.517106
r1: 0.0780132222554124, r2: 0.38666041167604487, cost: 0.020065, freq_dirac: 0.567187
r1: 0.14731099517807314, r2: 0.22742419498235222, cost: 0.005415999999999976, freq_dirac: 0.511897
r1: 0.0844982267641234, r2: 0.33769458625262555, cost: 0.013751000000000069, freq_dirac: 0.535078
r1: 0.13804103600849688, r2: 0.2175268357223501, cost: 0.0050720000000000764, freq_dirac: 0.507767
r1: 0.09298512953935836, r2: 0.21200919270653323, cost: 0.00041000000000002146, freq_dirac: 0.499001
r1: 0.09141177871010939, r2: 0.2112892185505662, cost: 0.0005850000000000022, freq_dirac: 0.498683
r1: 0.07798322827503759, r2: 0.3769553056279981, cost: 0.018844000000000083, freq_dirac: 0.558845
r1: 0.13990997521319495, r2: 0.26623623405270047, cost: 0.0007599999999999829, freq_dirac: 0.520773
r1: 0.14744632088384502, r2: 0.3264872024740949, cost: 0.002259000000000011, freq_dirac: 0.545636
r1: 0.13154121145309025, r2: 0.35901058546192854, cost: 0.006938, freq_dirac: 0.558821
r1: 0.12500312483057457, r2: 0.3721813540255284, cost: 0.00852799999999998, freq_dirac: 0.56583
r1: 0.11305792166065304, r2: 0.39640155883172434, cost: 0.011240999999999945, freq_dirac: 0.582901
r1: 0.1333948880120845, r2: 0.25557350664605016, cost: 0.0008350000000000302, freq_dirac: 0.516121
r1: 0.13592924897078942, r2: 0.23836845099606063, cost: 0.0028850000000000264, freq_dirac: 0.512159
r1: 0.11358392480060378, r2: 0.22442424640176878, cost: 0.0011740000000000084, freq_dirac: 0.504689
r1: 0.12790407060269088, r2: 0.25034686527131034, cost: 0.0006019999999999914, freq_dirac: 0.513422
r1: 0.11744428842582111, r2: 0.24581784494054143, cost: 0.0004450000000000287, freq_dirac: 0.510136
r1: 0.118446781818792, r2: 0.24095674809881212, cost: 0.00016199999999999548, freq_dirac: 0.509243
r1: 0.09423966983973077, r2: 0.22322160274893948, cost: 0.0012500000000000289, freq_dirac: 0.501165
r1: 0.06361814207861016, r2: 0.29301243592800197, cost: 0.010804000000000036, freq_dirac: 0.51254
r1: 0.12846433097073928, r2: 0.2826140796855709, cost: 0.0026089999999999725, freq_dirac: 0.52315
r1: 0.14353550312494986, r2: 0.26881523835244253, cost: 0.0010930000000000106, freq_dirac: 0.522462
r1: 0.10749681855095694, r2: 0.2572159161415683, cost: 0.0029330000000000744, freq_dirac: 0.51103
r1: 0.134517586790915, r2: 0.25646334220331035, cost: 0.0009329999999999616, freq_dirac: 0.516608
r1: 0.12997601815550874, r2: 0.2506557638055396, cost: 0.0008949999999999791, freq_dirac: 0.51396
r1: 0.14060220133326493, r2: 0.23585656960047452, cost: 0.003758000000000039, freq_dirac: 0.512532
r1: 0.12742732827957046, r2: 0.24755634062927934, cost: 0.0007850000000000357, freq_dirac: 0.512632
r1: 0.11736759616323023, r2: 0.23267033532476883, cost: 0.0009500000000000064, freq_dirac: 0.507061
r1: 0.11022780408249302, r2: 0.23494972967386746, cost: 0.0004110000000000502, freq_dirac: 0.506327
r1: 0.11182837405160573, r2: 0.2308398389023428, cost: 0.0002649999999999597, freq_dirac: 0.505739
r1: 0.10552903656171941, r2: 0.23379770131454342, cost: 0.0008460000000000134, freq_dirac: 0.505117
r1: 0.09427382470124626, r2: 0.21662754299996018, cost: 0.0006120000000000014, freq_dirac: 0.499943
r1: 0.10958225144149546, r2: 0.227643336687649, cost: 0.00034400000000001096, freq_dirac: 0.504627
r1: 0.11606915568410205, r2: 0.3563487283614685, cost: 0.010745000000000005, freq_dirac: 0.553555
r1: 0.10365630067184471, r2: 0.21512349850784768, cost: 0.0007389999999999342, freq_dirac: 0.501224
r1: 0.13176366095940883, r2: 0.2101838459398991, cost: 0.004885000000000028, freq_dirac: 0.50509
r1: 0.06232157284369454, r2: 0.29466245163609306, cost: 0.011044999999999972, freq_dirac: 0.512808
r1: 0.11114181159682428, r2: 0.21417822903298006, cost: 0.0017779999999999463, freq_dirac: 0.502306
r1: 0.09893520911535518, r2: 0.21023899919826208, cost: 0.0005530000000000257, freq_dirac: 0.499626
r1: 0.14708966650662209, r2: 0.2970016404049859, cost: 0.0007289999999999797, freq_dirac: 0.533063
r1: 0.09610773278778495, r2: 0.2021334946038435, cost: 0.0009129999999999971, freq_dirac: 0.497858
r1: 0.07828623072985051, r2: 0.3185179083332087, cost: 0.012220000000000009, freq_dirac: 0.524667
r1: 0.14423332722055898, r2: 0.28396987636764104, cost: 0.00020799999999998597, freq_dirac: 0.527645
r1: 0.11201198935319188, r2: 0.23358410677259706, cost: 4.300000000001525e-05, freq_dirac: 0.506323
r1: 0.11233926000190453, r2: 0.23540996590528274, cost: 0.00014700000000000824, freq_dirac: 0.506811
r1: 0.12432106247778127, r2: 0.24992611117184668, cost: 0.0002209999999999157, freq_dirac: 0.512464
r1: 0.11324636903538053, r2: 0.23259525236455592, cost: 0.0003209999999999047, freq_dirac: 0.506356
r1: 0.13243789719233023, r2: 0.2658361079474789, cost: 0.0003849999999999687, freq_dirac: 0.518838
r1: 0.10632563781206573, r2: 0.22339680109392912, cost: 0.00031400000000003647, freq_dirac: 0.503226
r1: 0.11606915568410205, r2: 0.20235491021318935, cost: 0.0035760000000000236, freq_dirac: 0.500902
r1: 0.1443176821521761, r2: 0.279421660334397, cost: 0.00032200000000004447, freq_dirac: 0.52605
r1: 0.1443600544017648, r2: 0.2791796780176538, cost: 0.00033199999999999896, freq_dirac: 0.526006
r1: 0.11318740187819308, r2: 0.2532512455792638, cost: 0.0018340000000000023, freq_dirac: 0.511225
r1: 0.13387859979101768, r2: 0.252553115323878, cost: 0.0012619999999999854, freq_dirac: 0.515298
r1: 0.10552903656171941, r2: 0.22749591941290442, cost: 0.0002469999999999972, freq_dirac: 0.503865
r1: 0.09807212824605759, r2: 0.21294573903663816, cost: 0.00019000000000002348, freq_dirac: 0.499954
r1: 0.10841664403224958, r2: 0.2445792169958044, cost: 0.0015490000000000226, freq_dirac: 0.508063
r1: 0.10945241287626453, r2: 0.22918172970769285, cost: 0.00017999999999995797, freq_dirac: 0.504913
r1: 0.13680059139368916, r2: 0.25712115428244525, cost: 0.0011689999999999756, freq_dirac: 0.51739
r1: 0.1347667429306142, r2: 0.2865385937953872, cost: 0.0019620000000000193, freq_dirac: 0.526047
r1: 0.09298512953935836, r2: 0.20275232644117136, cost: 0.0005040000000000044, freq_dirac: 0.497484
r1: 0.10958225144149546, r2: 0.2435719586791797, cost: 0.0012670000000000181, freq_dirac: 0.508052
r1: 0.10680693649454315, r2: 0.21492607143999803, cost: 0.001214999999999966, freq_dirac: 0.501668
r1: 0.12826874054552762, r2: 0.25138442567419395, cost: 0.0005399999999999849, freq_dirac: 0.513797
r1: 0.12228028577921629, r2: 0.24823943885461602, cost: 3.900000000001125e-05, freq_dirac: 0.511696
r1: 0.12224900367319672, r2: 0.24729661646041684, cost: 0.00011200000000000099, freq_dirac: 0.511462
r1: 0.08946164108161322, r2: 0.20291363743045993, cost: 6.299999999997974e-05, freq_dirac: 0.497036
r1: 0.09220658161007797, r2: 0.2057490134257255, cost: 0.00011100000000002774, freq_dirac: 0.497887
r1: 0.12272454171549405, r2: 0.34647997705289607, cost: 0.00884000000000007, freq_dirac: 0.549395
r1: 0.14073117488284603, r2: 0.3001778903415854, cost: 0.0022019999999999262, freq_dirac: 0.532671
r1: 0.13794947609867783, r2: 0.309169788683102, cost: 0.0034450000000000314, freq_dirac: 0.535608
r1: 0.05737739363083627, r2: 0.23494972967386746, cost: 0.00630200000000003, freq_dirac: 0.497972
r1: 0.12290793645487803, r2: 0.3207576522898372, cost: 0.007009999999999961, freq_dirac: 0.536513
r1: 0.08794361109668539, r2: 0.204969736406784, cost: 0.00042599999999998195, freq_dirac: 0.497121
r1: 0.08714952183474017, r2: 0.25022850564410665, cost: 0.004774999999999974, freq_dirac: 0.50553
r1: 0.13545843263778598, r2: 0.26543779264231004, cost: 0.00016300000000002424, freq_dirac: 0.519394
r1: 0.1492531361573995, r2: 0.28273964604286916, cost: 0.0008950000000000902, freq_dirac: 0.528517
r1: 0.12432106247778127, r2: 0.2471279499724175, cost: 0.00045799999999995844, freq_dirac: 0.511805
r1: 0.1277412552584694, r2: 0.257837559099412, cost: 0.00021199999999998997, freq_dirac: 0.515447
r1: 0.14605948935367968, r2: 0.27809602204715106, cost: 0.0007009999999999517, freq_dirac: 0.5261
r1: 0.14282166504068455, r2: 0.2734960533327366, cost: 0.0005499999999999394, freq_dirac: 0.523835
r1: 0.11540793282702269, r2: 0.23926371062971385, cost: 0.00010699999999996823, freq_dirac: 0.508196
r1: 0.12479840752066461, r2: 0.24130601336401336, cost: 0.0011480000000000379, freq_dirac: 0.510445
r1: 0.0994925812328208, r2: 0.21620039005770803, cost: 9.700000000001374e-05, freq_dirac: 0.500725
r1: 0.1004043703567015, r2: 0.20291363743045993, cost: 0.0014590000000000436, freq_dirac: 0.49859
r1: 0.1333659331326657, r2: 0.2638070420960173, cost: 2.0999999999937735e-05, freq_dirac: 0.51845
r1: 0.14579864732330497, r2: 0.28724606573872896, cost: 0.00015799999999999148, freq_dirac: 0.529114
r1: 0.12224900367319672, r2: 0.28442322216066457, cost: 0.0036879999999999136, freq_dirac: 0.522257
r1: 0.09824500033367721, r2: 0.28588562433300696, cost: 0.007009999999999961, freq_dirac: 0.517216
r1: 0.1266233634102976, r2: 0.25343646664003583, cost: 0.00010900000000002574, freq_dirac: 0.514013
r1: 0.12314838986893671, r2: 0.2661736479695306, cost: 0.001699000000000006, freq_dirac: 0.516767
r1: 0.12865239053176558, r2: 0.2595405165138459, cost: 0.00022999999999995246, freq_dirac: 0.516102
r1: 0.12488019393129067, r2: 0.25712115428244525, cost: 0.00044999999999995044, freq_dirac: 0.514549
r1: 0.13832027198827018, r2: 0.2723252418972424, cost: 9.899999999996023e-05, freq_dirac: 0.522286
r1: 0.13717025678648526, r2: 0.27324651240906983, cost: 0.00040600000000001746, freq_dirac: 0.522336
r1: 0.10445293107353526, r2: 0.2572159161415683, cost: 0.003382999999999914, freq_dirac: 0.510459
r1: 0.10569657295402357, r2: 0.22545332870742363, cost: 6.900000000009676e-05, freq_dirac: 0.503485
r1: 0.1211486500750118, r2: 0.24557170873761125, cost: 9.899999999996023e-05, freq_dirac: 0.510854
r1: 0.08225605587869217, r2: 0.233197185381666, cost: 0.003705000000000014, freq_dirac: 0.501221
r1: 0.11711684203293751, r2: 0.23738120732598733, cost: 0.0004009999999999847, freq_dirac: 0.508137
r1: 0.10825684971556578, r2: 0.22855346009032074, cost: 9.199999999998099e-05, freq_dirac: 0.50458
r1: 0.06934512904700055, r2: 0.22749591941290442, cost: 0.00453899999999996, freq_dirac: 0.498288
r1: 0.11022780408249302, r2: 0.227374015356479, cost: 0.0003770000000000717, freq_dirac: 0.504747
r1: 0.10945241287626453, r2: 0.2010497808961128, cost: 0.002825999999999995, freq_dirac: 0.499651
r1: 0.1422508511035451, r2: 0.2812536761394144, cost: 0.00032399999999999096, freq_dirac: 0.52615
r1: 0.08576521869208492, r2: 0.3117645436520748, cost: 0.010975999999999986, freq_dirac: 0.523687
r1: 0.12228028577921629, r2: 0.2731822591149119, cost: 0.0025689999999999324, freq_dirac: 0.518687
r1: 0.13830395191165162, r2: 0.2712362947319808, cost: 1.2999999999929734e-05, freq_dirac: 0.521941
r1: 0.1450242795159186, r2: 0.2791093729697959, cost: 0.0004549999999999832, freq_dirac: 0.526145
r1: 0.12476610863698753, r2: 0.2546373561075666, cost: 0.00023600000000001398, freq_dirac: 0.513869
r1: 0.1282038253081761, r2: 0.26881523835244253, cost: 0.001274999999999915, freq_dirac: 0.518722
r1: 0.10569657295402357, r2: 0.2794552485001536, cost: 0.005435999999999996, freq_dirac: 0.51681
r1: 0.1162938539859565, r2: 0.2101838459398991, cost: 0.002874999999999961, freq_dirac: 0.502415
r1: 0.0743060790388983, r2: 0.2626771868908018, cost: 0.007259999999999933, freq_dirac: 0.506239
r1: 0.12741480252674564, r2: 0.2525814909259194, cost: 0.00032200000000004447, freq_dirac: 0.513901
r1: 0.11109344120254504, r2: 0.2277048089922517, cost: 0.00046199999999996244, freq_dirac: 0.504961
r1: 0.09946583490371946, r2: 0.20291363743045993, cost: 0.0013139999999999818, freq_dirac: 0.498464
r1: 0.10182241118967617, r2: 0.21822092991531722, cost: 0.00019100000000005224, freq_dirac: 0.501488
r1: 0.12114551089570641, r2: 0.2448522975680188, cost: 0.00017900000000004024, freq_dirac: 0.51067
r1: 0.13791904296582394, r2: 0.25022850564410665, cost: 0.0020240000000000258, freq_dirac: 0.515679
r1: 0.12889233255931573, r2: 0.25599677034016755, cost: 0.00016300000000002424, freq_dirac: 0.515219
r1: 0.12789950387099297, r2: 0.2547909648707807, cost: 0.00014700000000000824, freq_dirac: 0.514691
r1: 0.13266380881939208, r2: 0.26035258423443197, cost: 0.00028799999999995496, freq_dirac: 0.517255
r1: 0.12182760788908754, r2: 0.24870898493537902, cost: 0.00011299999999991872, freq_dirac: 0.511716
r1: 0.12625889116250216, r2: 0.25069943699237257, cost: 0.00044800000000000395, freq_dirac: 0.513077
r1: 0.12138577847635325, r2: 0.2437190444934189, cost: 0.0003389999999999782, freq_dirac: 0.510432
r1: 0.11224030578829487, r2: 0.23192490947752842, cost: 0.00023700000000004273, freq_dirac: 0.506018
r1: 0.09930324073185659, r2: 0.21623935288848734, cost: 9.300000000000974e-05, freq_dirac: 0.500658
r1: 0.09758642140085473, r2: 0.21055999694611566, cost: 0.0003230000000000177, freq_dirac: 0.499488
r1: 0.10945241287626453, r2: 0.2501620014346653, cost: 0.0019460000000000033, freq_dirac: 0.50957
r1: 0.11187890539592736, r2: 0.2342993299948103, cost: 5.900000000003125e-05, freq_dirac: 0.506422
r1: 0.08808236992979644, r2: 0.20292783312975937, cost: 0.00021199999999998997, freq_dirac: 0.496813
r1: 0.07490086104834615, r2: 0.2239038239880679, cost: 0.0036249999999999893, freq_dirac: 0.498398
r1: 0.11007699080202221, r2: 0.22707334303031274, cost: 0.00037999999999993594, freq_dirac: 0.504669
r1: 0.14060220133326493, r2: 0.2160813282399425, cost: 0.005534999999999957, freq_dirac: 0.507892
r1: 0.12037880087887627, r2: 0.2094047996415066, cost: 0.0034569999999999323, freq_dirac: 0.502976
r1: 0.11438700145562936, r2: 0.23632374033980733, cost: 9.500000000006725e-05, freq_dirac: 0.507404
r1: 0.055741514544869995, r2: 0.29335197763960436, cost: 0.011436999999999975, freq_dirac: 0.511369
r1: 0.12104095780008513, r2: 0.2638070420960173, cost: 0.0017959999999999088, freq_dirac: 0.515654
r1: 0.1333659331326657, r2: 0.3022778275819529, cost: 0.003686999999999996, freq_dirac: 0.531553
r1: 0.07360393574036501, r2: 0.2915965682424616, cost: 0.010047000000000028, freq_dirac: 0.514042
r1: 0.1159182220831432, r2: 0.24189657062439196, cost: 0.0002340000000000675, freq_dirac: 0.508868
r1: 0.06848676083867505, r2: 0.26543779264231004, cost: 0.00805699999999998, freq_dirac: 0.50591
r1: 0.1366008404419954, r2: 0.23259525236455592, cost: 0.003549999999999942, freq_dirac: 0.510883
r1: 0.09944252919959135, r2: 0.21597019262593908, cost: 0.00010900000000002574, freq_dirac: 0.500683
r1: 0.09364008290501906, r2: 0.20904281232611613, cost: 4.4000000000044004e-05, freq_dirac: 0.498592
r1: 0.12314838986893671, r2: 0.29041952434460067, cost: 0.004168999999999978, freq_dirac: 0.524545
r1: 0.14060220133326493, r2: 0.30538063567240503, cost: 0.002622999999999931, freq_dirac: 0.534689
r1: 0.10090169382480049, r2: 0.2765944778952029, cost: 0.005825999999999998, freq_dirac: 0.515055
r1: 0.13499633233870015, r2: 0.2694736895067131, cost: 0.00027399999999999647, freq_dirac: 0.520493
r1: 0.13845576173189805, r2: 0.2853384753644648, cost: 0.001290999999999931, freq_dirac: 0.526656
r1: 0.050912221770561324, r2: 0.30131236115060445, cost: 0.01231199999999999, freq_dirac: 0.513029
r1: 0.12187943952143332, r2: 0.2342993299948103, cost: 0.0014059999999999073, freq_dirac: 0.508236
r1: 0.14887709470269322, r2: 0.2547909648707807, cost: 0.00323400000000007, freq_dirac: 0.519564
r1: 0.1239356513325014, r2: 0.25064481362189694, cost: 8.699999999994823e-05, freq_dirac: 0.512594
r1: 0.11819887669916901, r2: 0.24316973286473859, cost: 4.999999999999449e-05, freq_dirac: 0.509606
r1: 0.10412876911842438, r2: 0.22136054856902565, cost: 0.00020599999999992846, freq_dirac: 0.502474
r1: 0.12187943952143332, r2: 0.23632374033980733, cost: 0.0011400000000000299, freq_dirac: 0.508782
r1: 0.1081344103517886, r2: 0.22921147686474228, cost: 4.500000000007276e-05, freq_dirac: 0.504635
r1: 0.11630686430539997, r2: 0.24557170873761125, cost: 0.0005859999999999754, freq_dirac: 0.509861
r1: 0.1051449406355858, r2: 0.22477686619217702, cost: 6.699999999992823e-05, freq_dirac: 0.503246
r1: 0.1030383034318086, r2: 0.22050179393733424, cost: 0.00011200000000000099, freq_dirac: 0.502166
r1: 0.10365463093600209, r2: 0.2192289991183633, cost: 0.0003420000000000645, freq_dirac: 0.502
r1: 0.09466658964079538, r2: 0.2101838459398991, cost: 3.799999999998249e-05, freq_dirac: 0.498956
r1: 0.14735091535708392, r2: 0.30787561731740454, cost: 0.0014680000000000248, freq_dirac: 0.537527
r1: 0.08702439332707702, r2: 0.3099872034004642, cost: 0.010630999999999946, freq_dirac: 0.523259
r1: 0.1415865289897247, r2: 0.29511162955863246, cost: 0.0016599999999999948, freq_dirac: 0.530942
r1: 0.14397382700688993, r2: 0.2768873212434856, cost: 0.0004569999999999297, freq_dirac: 0.525186
r1: 0.10945241287626453, r2: 0.31123974678447386, cost: 0.00814999999999999, freq_dirac: 0.528999
r1: 0.09023899705554578, r2: 0.2037988695108805, cost: 5.3999999999998494e-05, freq_dirac: 0.4973
r1: 0.09707567982226147, r2: 0.2712362947319808, cost: 0.005715999999999943, freq_dirac: 0.512645
r1: 0.13465510051659538, r2: 0.26635933798074796, cost: 5.699999999997374e-05, freq_dirac: 0.519499
r1: 0.13153838252101155, r2: 0.2603972232900297, cost: 9.300000000000974e-05, freq_dirac: 0.517042
r1: 0.13499633233870015, r2: 0.2607411215705431, cost: 0.0006220000000000114, freq_dirac: 0.517874
r1: 0.13353954415831848, r2: 0.2661382359761019, cost: 0.00023500000000009624, freq_dirac: 0.519196
r1: 0.10873243903812113, r2: 0.2301731359473962, cost: 5.299999999996974e-05, freq_dirac: 0.504929
r1: 0.12049167483443993, r2: 0.24725909769791454, cost: 0.00019400000000002748, freq_dirac: 0.511137
r1: 0.09930324073185659, r2: 0.22242655711406056, cost: 0.0005439999999999889, freq_dirac: 0.50181
r1: 0.11168356159258158, r2: 0.20904281232611613, cost: 0.0023210000000000175, freq_dirac: 0.501479
r1: 0.13845823837543186, r2: 0.26951031822562427, cost: 0.00022199999999994446, freq_dirac: 0.521431
r1: 0.13785308555939219, r2: 0.2755770362078161, cost: 0.0005060000000000064, freq_dirac: 0.523215
r1: 0.12282245613098976, r2: 0.247798527604959, cost: 0.00015699999999996272, freq_dirac: 0.511684
r1: 0.13514412641717155, r2: 0.26777752378175645, cost: 0.00010699999999996823, freq_dirac: 0.520011
r1: 0.13231358512050193, r2: 0.21620039005770803, cost: 0.004504999999999981, freq_dirac: 0.506329
r1: 0.10945241287626453, r2: 0.2405499620931304, cost: 0.0010139999999999594, freq_dirac: 0.507365
r1: 0.13136009839476298, r2: 0.26115194623062493, cost: 3.6999999999953737e-05, freq_dirac: 0.517197
r1: 0.11766812547666171, r2: 0.2406977112519717, cost: 0.000164000000000053, freq_dirac: 0.508989
r1: 0.1356234356445868, r2: 0.26669280693347897, cost: 4.999999999999449e-05, freq_dirac: 0.519869
r1: 0.06838015391228719, r2: 0.25142453092100375, cost: 0.0067649999999999655, freq_dirac: 0.502726
r1: 0.12602316361235677, r2: 0.23358410677259706, cost: 0.0021330000000000515, freq_dirac: 0.508813
r1: 0.13845576173189805, r2: 0.256787278709803, cost: 0.0014409999999999146, freq_dirac: 0.517677
r1: 0.1084460069790332, r2: 0.23125773501680086, cost: 0.00019100000000005224, freq_dirac: 0.505101
r1: 0.12478170168971862, r2: 0.2510777678042442, cost: 0.00017699999999998273, freq_dirac: 0.512881
r1: 0.11093707574543221, r2: 0.22983470115616506, cost: 0.00023799999999996047, freq_dirac: 0.505362
r1: 0.10152343072897335, r2: 0.22034606228903464, cost: 0.000128000000000017, freq_dirac: 0.501816
r1: 0.09673128262677372, r2: 0.21225035984738294, cost: 5.699999999997374e-05, freq_dirac: 0.499633
r1: 0.0987229605298049, r2: 0.21385109106153885, cost: 0.0002129999999999077, freq_dirac: 0.500184
r1: 0.09279024938215917, r2: 0.2067683932539382, cost: 0.00011600000000000499, freq_dirac: 0.498107
r1: 0.07098664844955796, r2: 0.3086719000264353, cost: 0.011799000000000004, freq_dirac: 0.519232
r1: 0.14224412890172122, r2: 0.27605511252620063, cost: 0.0002289999999999237, freq_dirac: 0.524497
r1: 0.05380310930332718, r2: 0.29229994447130947, cost: 0.011404000000000025, freq_dirac: 0.510714
r1: 0.14290500303458495, r2: 0.22477686619217702, cost: 0.005094999999999961, freq_dirac: 0.510314
r1: 0.12150044633962918, r2: 0.2462906915808984, cost: 7.100000000004325e-05, freq_dirac: 0.511109
r1: 0.13573431180648943, r2: 0.2603972232900297, cost: 0.0007300000000000084, freq_dirac: 0.517993
r1: 0.12371373946039241, r2: 0.2516794862384926, cost: 8.399999999997299e-05, freq_dirac: 0.512814
r1: 0.11948063235391208, r2: 0.24367543115368023, cost: 5.8000000000002494e-05, freq_dirac: 0.510049
r1: 0.10873243903812113, r2: 0.266819280017111, cost: 0.003774999999999973, freq_dirac: 0.51381
r1: 0.12533293142320048, r2: 0.255307517199344, cost: 0.00020799999999998597, freq_dirac: 0.514147
r1: 0.10503416305928095, r2: 0.22389175653411625, cost: 9.700000000001374e-05, freq_dirac: 0.503097
r1: 0.11774626784718423, r2: 0.24109347878268156, cost: 0.000140000000000029, freq_dirac: 0.509081
r1: 0.08434022891458971, r2: 0.32718790068216697, cost: 0.012719000000000036, freq_dirac: 0.529912
r1: 0.09443011097931696, r2: 0.208285325159708, cost: 0.00017299999999997873, freq_dirac: 0.498623
r1: 0.12103842815511048, r2: 0.21425518875307847, cost: 0.003158999999999912, freq_dirac: 0.503936
r1: 0.11022704817663707, r2: 0.2694736895067131, cost: 0.003916999999999948, freq_dirac: 0.514969
r1: 0.12596209924756815, r2: 0.2506662544669926, cost: 0.0004009999999999847, freq_dirac: 0.513012
r1: 0.12691646341480423, r2: 0.25398326125717796, cost: 8.799999999997699e-05, freq_dirac: 0.514272
r1: 0.14737929718581833, r2: 0.2834770466441794, cost: 0.0004850000000000687, freq_dirac: 0.528313
r1: 0.13087036254540385, r2: 0.26056366532615727, cost: 5.900000000003125e-05, freq_dirac: 0.516926
r1: 0.1100669711846665, r2: 0.2547909648707807, cost: 0.0024480000000000057, freq_dirac: 0.511015
r1: 0.09993109049638144, r2: 0.25064481362189694, cost: 0.0032330000000000414, freq_dirac: 0.507896
r1: 0.11973432959938986, r2: 0.24518156327629279, cost: 8.400000000008401e-05, freq_dirac: 0.510463
r1: 0.14530222585716468, r2: 0.27840921302441884, cost: 0.0005739999999999634, freq_dirac: 0.525984
r1: 0.12350993734406844, r2: 0.24894239099371138, cost: 0.00016300000000002424, freq_dirac: 0.512102
r1: 0.11064592753369297, r2: 0.22477686619217702, cost: 0.0006929999999999437, freq_dirac: 0.504274
r1: 0.11201198935319188, r2: 0.22814024635462365, cost: 0.0005660000000000664, freq_dirac: 0.505187
r1: 0.10013784760421045, r2: 0.21769769483367313, cost: 5.100000000002325e-05, freq_dirac: 0.501096
r1: 0.09943173588199197, r2: 0.2152573123820366, cost: 0.00016399999999994197, freq_dirac: 0.500573
r1: 0.09466658964079538, r2: 0.31407979873636005, cost: 0.010201000000000016, freq_dirac: 0.526473
r1: 0.10286843282387668, r2: 0.21620039005770803, cost: 0.0005150000000000432, freq_dirac: 0.501305
r1: 0.09671152227735615, r2: 0.21250186780511104, cost: 3.8000000000038e-05, freq_dirac: 0.499665
r1: 0.14150375978125934, r2: 0.2765139107912573, cost: 9.700000000001374e-05, freq_dirac: 0.524486
r1: 0.11089601694616363, r2: 0.2037988695108805, cost: 0.0026889999999999414, freq_dirac: 0.500414
r1: 0.08901369418452142, r2: 0.2024770878669805, cost: 6.60000000000105e-05, freq_dirac: 0.49689
r1: 0.09004258240914545, r2: 0.2019864184829664, cost: 0.00020399999999998197, freq_dirac: 0.496985
r1: 0.07307010847539369, r2: 0.3027644402969106, cost: 0.011126999999999998, freq_dirac: 0.517598
r1: 0.10492064278045558, r2: 0.29065470728262804, cost: 0.0067470000000000585, freq_dirac: 0.520377
r1: 0.1333659331326657, r2: 0.23504023105523625, cost: 0.00286300000000006, freq_dirac: 0.510801
r1: 0.11536325631690969, r2: 0.23863485695065018, cost: 5.700000000008476e-05, freq_dirac: 0.508049
r1: 0.13871687824610812, r2: 0.2747348937140738, cost: 0.00027800000000000047, freq_dirac: 0.523164
r1: 0.09065511884137538, r2: 0.2152573123820366, cost: 0.0010189999999999921, freq_dirac: 0.499215
r1: 0.08444966086245372, r2: 0.3951563548334984, cost: 0.020002999999999993, freq_dirac: 0.576762
r1: 0.09504673517933432, r2: 0.21073230237740004, cost: 3.599999999998049e-05, freq_dirac: 0.4991
r1: 0.14767298429456996, r2: 0.2835040280138196, cost: 0.0005380000000000384, freq_dirac: 0.528393
r1: 0.11423441845862527, r2: 0.26951031822562427, cost: 0.0033279999999999976, freq_dirac: 0.515791
r1: 0.11471828555488385, r2: 0.23795033691035045, cost: 8.20000000000265e-05, freq_dirac: 0.507776
r1: 0.13019201252985296, r2: 0.28773516955291417, cost: 0.0028519999999999657, freq_dirac: 0.525376
r1: 0.1259376533864856, r2: 0.25310433128463306, cost: 0.00013300000000004975, freq_dirac: 0.513677
r1: 0.12324976574439572, r2: 0.24936057465882086, cost: 8.900000000000574e-05, freq_dirac: 0.512139
r1: 0.12826874054552762, r2: 0.2654359888557515, cost: 0.0009179999999999744, freq_dirac: 0.517697
r1: 0.12523312174606116, r2: 0.25146679710469955, cost: 0.000208000000000097, freq_dirac: 0.513069
r1: 0.12031123075720683, r2: 0.24772083932035718, cost: 0.0002629999999999022, freq_dirac: 0.511209
r1: 0.10013925568989976, r2: 0.2547909648707807, cost: 0.003646999999999956, freq_dirac: 0.509002
r1: 0.1016587537945545, r2: 0.21930070342196945, cost: 6.700000000003925e-05, freq_dirac: 0.50168
r1: 0.11438718376725535, r2: 0.239596057064757, cost: 0.0002889999999999837, freq_dirac: 0.508092
r1: 0.10716619774136395, r2: 0.2286164482485233, cost: 0.00012299999999998423, freq_dirac: 0.504362
r1: 0.11196821396087464, r2: 0.23352775456155625, cost: 4.099999999995774e-05, freq_dirac: 0.506305
r1: 0.10617620437966377, r2: 0.2265522970814169, cost: 7.00000000000145e-05, freq_dirac: 0.503791
r1: 0.11669495101458162, r2: 0.23358410677259706, cost: 0.0007530000000000037, freq_dirac: 0.507144
r1: 0.08483616496154033, r2: 0.20904281232611613, cost: 0.0012440000000000229, freq_dirac: 0.497387
r1: 0.11187890539592736, r2: 0.2778025420287563, cost: 0.004541999999999935, freq_dirac: 0.517789
r1: 0.08666566204864873, r2: 0.29945105655262705, cost: 0.009661999999999948, freq_dirac: 0.519298
r1: 0.1453144723754541, r2: 0.28957028899890047, cost: 0.0004790000000000072, freq_dirac: 0.529847
r1: 0.14833338804410834, r2: 0.2847463615367221, cost: 0.0005229999999999402, freq_dirac: 0.529053
r1: 0.08051163159320546, r2: 0.31762543532116194, cost: 0.012059000000000042, freq_dirac: 0.524869
r1: 0.08017066380737581, r2: 0.3169641755525935, cost: 0.01203999999999994, freq_dirac: 0.524541
r1: 0.08878487223415567, r2: 0.2007831225164343, cost: 0.00016399999999999748, freq_dirac: 0.496618
r1: 0.13830395191165162, r2: 0.2258808963285352, cost: 0.00437299999999996, freq_dirac: 0.509684
