Optimizing parameters with MPI parallelism...
Optimization complete.
Optimal parameters found:              message: Maximum number of iterations has been exceeded.
             success: False
                 fun: 1.4999999999987246e-05
                   x: [ 7.244e-02  2.929e-01]
                 nit: 20
                nfev: 675
          population: [[ 7.244e-02  2.929e-01]
                       [ 5.986e-02  2.697e-01]
                       ...
                       [ 6.537e-02  2.798e-01]
                       [ 6.680e-02  2.803e-01]]
 population_energies: [ 1.500e-05  2.700e-05 ...  6.000e-05  3.870e-04]
Optimal parameters found: [0.07244023 0.29288865]
Minimum frequency difference: 1.4999999999987246e-05
Optimizing parameters with MPI parallelism...
Optimizing parameters with MPI parallelism...
Optimizing parameters with MPI parallelism...
Optimizing parameters with MPI parallelism...
Optimizing parameters with MPI parallelism...
Optimizing parameters with MPI parallelism...
Optimizing parameters with MPI parallelism...
Optimizing parameters with MPI parallelism...
Optimizing parameters with MPI parallelism...
Optimizing parameters with MPI parallelism...
Optimizing parameters with MPI parallelism...
Optimizing parameters with MPI parallelism...
Optimizing parameters with MPI parallelism...
Optimizing parameters with MPI parallelism...
Optimizing parameters with MPI parallelism...
Optimizing parameters with MPI parallelism...
Optimizing parameters with MPI parallelism...
Optimizing parameters with MPI parallelism...
Optimizing parameters with MPI parallelism...
Optimizing parameters with MPI parallelism...
Optimizing parameters with MPI parallelism...

Elapsed run time = 135.4085 s

Elapsed run time = 135.3694 s

Elapsed run time = 135.4087 s

Elapsed run time = 135.3684 s

Elapsed run time = 135.3998 s

Elapsed run time = 135.4042 s

Elapsed run time = 135.3970 s

Elapsed run time = 135.4058 s
Optimizing parameters with MPI parallelism...

Elapsed run time = 135.4001 s
Optimizing parameters with MPI parallelism...
Optimizing parameters with MPI parallelism...

Elapsed run time = 135.4075 s

Elapsed run time = 135.4005 s
Optimizing parameters with MPI parallelism...

Elapsed run time = 135.3612 s
Optimizing parameters with MPI parallelism...
Optimizing parameters with MPI parallelism...

Elapsed run time = 135.4082 s

Elapsed run time = 135.4088 s
Optimizing parameters with MPI parallelism...

Elapsed run time = 135.9592 s
Optimizing parameters with MPI parallelism...

Elapsed run time = 135.4074 s

Elapsed run time = 135.4050 s

Elapsed run time = 135.3875 s
Optimizing parameters with MPI parallelism...
Optimizing parameters with MPI parallelism...

Elapsed run time = 135.9589 s

Elapsed run time = 135.9600 s

Elapsed run time = 135.9593 s

Elapsed run time = 135.4023 s

Elapsed run time = 135.9599 s

Elapsed run time = 135.9600 s

Elapsed run time = 135.9605 s

Elapsed run time = 135.3640 s

Elapsed run time = 135.9596 s

Elapsed run time = 135.3974 s

Elapsed run time = 135.3542 s

Elapsed run time = 135.4059 s

Elapsed run time = 135.4107 s

Elapsed run time = 135.3509 s
[1741101902.433464] [n-62-12-78:3160777:0]       tag_match.c:62   UCX  WARN  unexpected tag-receive descriptor 0x555c1625adc0 was not matched
[1741101902.442243] [n-62-12-78:3160793:0]       tag_match.c:62   UCX  WARN  unexpected tag-receive descriptor 0x55a14b22a6c0 was not matched
[1741101902.448745] [n-62-12-78:3160797:0]       tag_match.c:62   UCX  WARN  unexpected tag-receive descriptor 0x556840f733c0 was not matched
[1741101902.452661] [n-62-12-78:3160796:0]       tag_match.c:62   UCX  WARN  unexpected tag-receive descriptor 0x56147a3fbf40 was not matched
[1741101902.457501] [n-62-12-78:3160792:0]       tag_match.c:62   UCX  WARN  unexpected tag-receive descriptor 0x559ef07c5f80 was not matched
[1741101902.466275] [n-62-12-78:3160791:0]       tag_match.c:62   UCX  WARN  unexpected tag-receive descriptor 0x55d49e9dad40 was not matched
[1741101902.470914] [n-62-12-78:3160790:0]       tag_match.c:62   UCX  WARN  unexpected tag-receive descriptor 0x55582c8c00c0 was not matched
[1741101902.482168] [n-62-12-78:3160774:0]       tag_match.c:62   UCX  WARN  unexpected tag-receive descriptor 0x5604038b7140 was not matched
[1741101902.482277] [n-62-12-78:3160785:0]       tag_match.c:62   UCX  WARN  unexpected tag-receive descriptor 0x563e30049c00 was not matched
[1741101902.485705] [n-62-12-78:3160776:0]       tag_match.c:62   UCX  WARN  unexpected tag-receive descriptor 0x562a11d815c0 was not matched
[1741101902.486019] [n-62-12-78:3160784:0]       tag_match.c:62   UCX  WARN  unexpected tag-receive descriptor 0x561a7fb80440 was not matched
[1741101902.489893] [n-62-12-78:3160794:0]       tag_match.c:62   UCX  WARN  unexpected tag-receive descriptor 0x56037c923f80 was not matched
[1741101902.493740] [n-62-12-78:3160779:0]       tag_match.c:62   UCX  WARN  unexpected tag-receive descriptor 0x557040e3c640 was not matched
[1741101902.493882] [n-62-12-78:3160783:0]       tag_match.c:62   UCX  WARN  unexpected tag-receive descriptor 0x5650f1faa600 was not matched
[1741101902.493673] [n-62-12-78:3160786:0]       tag_match.c:62   UCX  WARN  unexpected tag-receive descriptor 0x561e97737d00 was not matched
[1741101902.494039] [n-62-12-78:3160787:0]       tag_match.c:62   UCX  WARN  unexpected tag-receive descriptor 0x55bb1786ddc0 was not matched
[1741101902.496141] [n-62-12-78:3160781:0]       tag_match.c:62   UCX  WARN  unexpected tag-receive descriptor 0x5652b7ca0900 was not matched
[1741101902.496419] [n-62-12-78:3160782:0]       tag_match.c:62   UCX  WARN  unexpected tag-receive descriptor 0x55f70ce5f000 was not matched
[1741101902.495617] [n-62-12-78:3160788:0]       tag_match.c:62   UCX  WARN  unexpected tag-receive descriptor 0x563911f74d80 was not matched
[1741101902.498273] [n-62-12-78:3160789:0]       tag_match.c:62   UCX  WARN  unexpected tag-receive descriptor 0x55a721f27340 was not matched
[1741101902.501141] [n-62-12-78:3160775:0]       tag_match.c:62   UCX  WARN  unexpected tag-receive descriptor 0x55bf3629d2c0 was not matched
[1741101902.501269] [n-62-12-78:3160795:0]       tag_match.c:62   UCX  WARN  unexpected tag-receive descriptor 0x555e70cbb000 was not matched
[1741101902.503647] [n-62-12-78:3160778:0]       tag_match.c:62   UCX  WARN  unexpected tag-receive descriptor 0x55752b236c80 was not matched
[1741101902.503186] [n-62-12-78:3160780:0]       tag_match.c:62   UCX  WARN  unexpected tag-receive descriptor 0x5555a9b0db40 was not matched

------------------------------------------------------------
Sender: LSF System <lsfadmin@hpc.dtu.dk>
Subject: Job 24266695: <simulation_InP_optimization> in cluster <dcc> Done

Job <simulation_InP_optimization> was submitted from host <gbarlogin2> by user <s232699> in cluster <dcc> at Tue Mar  4 16:22:36 2025
Job was executed on host(s) <8*n-62-12-80>, in queue <fotonano>, as user <s232699> in cluster <dcc> at Tue Mar  4 16:22:37 2025
                            <24*n-62-12-78>
</zhome/2f/7/202918> was used as the home directory.
</zhome/2f/7/202918/phc_nzi/simulations> was used as the working directory.
Started at Tue Mar  4 16:22:37 2025
Terminated at Tue Mar  4 16:25:03 2025
Results reported at Tue Mar  4 16:25:03 2025

Your job looked like:

------------------------------------------------------------
# LSBATCH: User input
#!/bin/bash
#BSUB -J simulation_InP_optimization
#BSUB -q fotonano
#BSUB -n 32
#BSUB -W 00:30
#BSUB -R "rusage[mem=4GB]"
#BSUB -R "span[block=8]"
#BSUB -oo simulation_InP_optimization.out
#BSUB -eo simulation_InP_optimization.err
#BSUB -u s232699@dtu.dk
#BSUB -oo simulation_InP_optimization/simulation_InP_optimization.out
#BSUB -eo simulation_InP_optimization/simulation_InP_optimization.err
module purge
source /zhome/2f/7/202918/miniconda3/etc/profile.d/conda.sh
conda activate nzi-mp
mpirun -np 32 python /zhome/2f/7/202918/phc_nzi/sources/mpi_differential_evolution.py --run_opt --param_names="r1,r2" --simulation_name="simulation_InP_optimization" --maxiter=20 --polarization="tm" --param_bounds 0.05,0.15 0.2,0.4 --popsize=16 --strategy="rand1bin"

------------------------------------------------------------

Successfully completed.

Resource usage summary:

    CPU time :                                   3163.00 sec.
    Max Memory :                                 9673 MB
    Average Memory :                             6863.67 MB
    Total Requested Memory :                     131072.00 MB
    Delta Memory :                               121399.00 MB
    Max Swap :                                   -
    Max Processes :                              102
    Max Threads :                                369
    Run time :                                   220 sec.
    Turnaround time :                            147 sec.

The output (if any) is above this job summary.



PS:

Read file <simulation_InP_optimization/simulation_InP_optimization.err> for stderr output of this job.

