r1: 0.14464614634256828, r2: 0.2679144873138123, cost: 0.027843000000000007, freq_dirac: 0.389165
r1: 0.05183984965245541, r2: 0.2756875210166528, cost: 0.0028409999999999824, freq_dirac: 0.384516
r1: 0.09825978906099228, r2: 0.28575868543486355, cost: 0.009545000000000026, freq_dirac: 0.388414
r1: 0.09356672282728132, r2: 0.2985260531263381, cost: 0.005913000000000002, freq_dirac: 0.391625
r1: 0.06133950895774984, r2: 0.330138762226957, cost: 0.01123200000000002, freq_dirac: 0.401924
r1: 0.10510010736570907, r2: 0.3806560869023046, cost: 0.009860000000000035, freq_dirac: 0.436658
r1: 0.11830373724676072, r2: 0.20837733416976323, cost: 0.022179999999999978, freq_dirac: 0.378199
r1: 0.13467221995747075, r2: 0.39019369798293607, cost: 0.0031649999999999734, freq_dirac: 0.450712
r1: 0.10646015419436486, r2: 0.3247155073013299, cost: 0.005782999999999983, freq_dirac: 0.401913
r1: 0.09054147727252673, r2: 0.3575885031984028, cost: 0.008755000000000013, freq_dirac: 0.417861
r1: 0.07141991834423314, r2: 0.3375612994792239, cost: 0.01003900000000002, freq_dirac: 0.405657
r1: 0.055336069384517496, r2: 0.3737274174919604, cost: 0.02722800000000003, freq_dirac: 0.427807
r1: 0.12379418211371719, r2: 0.33450462464316494, cost: 0.010990999999999973, freq_dirac: 0.408264
r1: 0.05886737196298715, r2: 0.3519121029486508, cost: 0.01822600000000002, freq_dirac: 0.413012
r1: 0.13040147136416771, r2: 0.39876754144344806, cost: 0.002234999999999987, freq_dirac: 0.459425
r1: 0.12073081552279798, r2: 0.3442147913339988, cost: 0.007620999999999989, freq_dirac: 0.412909
r1: 0.07579189083666973, r2: 0.2616031642481446, cost: 0.005543999999999993, freq_dirac: 0.382251
r1: 0.14915594313420585, r2: 0.22021702412623745, cost: 0.028196999999999972, freq_dirac: 0.382557
r1: 0.11421897590708614, r2: 0.24428279703974373, cost: 0.019353999999999982, freq_dirac: 0.381654
r1: 0.1277110510243932, r2: 0.2150457167557981, cost: 0.024712999999999985, freq_dirac: 0.379599
r1: 0.06453413834143956, r2: 0.30975175203709837, cost: 0.005571999999999966, freq_dirac: 0.39405
r1: 0.08433840115572991, r2: 0.22632833992819898, cost: 0.011382000000000003, freq_dirac: 0.377738
r1: 0.11099689582526634, r2: 0.28765219531085906, cost: 0.013768999999999976, freq_dirac: 0.389857
r1: 0.09428395673141698, r2: 0.302402486772151, cost: 0.005498000000000003, freq_dirac: 0.392851
r1: 0.06603288973739335, r2: 0.26900584808067257, cost: 0.001792999999999989, freq_dirac: 0.383373
r1: 0.07994708590284791, r2: 0.25003391080775744, cost: 0.008063000000000042, freq_dirac: 0.380509
r1: 0.0849868497315523, r2: 0.23339086127075676, cost: 0.011060999999999988, freq_dirac: 0.378521
r1: 0.1386655359565339, r2: 0.36450732325881763, cost: 0.011896999999999991, freq_dirac: 0.428757
r1: 0.1336989654073248, r2: 0.31816693133356666, cost: 0.018086999999999964, freq_dirac: 0.402411
r1: 0.1432668778788919, r2: 0.24149120914290076, cost: 0.028676000000000035, freq_dirac: 0.384386
r1: 0.07216695236892609, r2: 0.20263092327545879, cost: 0.009323000000000026, freq_dirac: 0.375422
r1: 0.1024200768568524, r2: 0.3846509389276929, cost: 0.012610999999999983, freq_dirac: 0.440005
r1: 0.1403620984876434, r2: 0.3670424112171737, cost: 0.012261000000000022, freq_dirac: 0.430996
r1: 0.08153187777363767, r2: 0.20837733416976323, cost: 0.011626999999999998, freq_dirac: 0.376089
r1: 0.0793400201368876, r2: 0.28817233227915323, cost: 0.002906999999999993, freq_dirac: 0.388079
r1: 0.0693185234049844, r2: 0.3119952132099572, cost: 0.004612999999999978, freq_dirac: 0.394947
r1: 0.131567089199617, r2: 0.3401961993314713, cost: 0.013341999999999965, freq_dirac: 0.412272
r1: 0.06727148321806829, r2: 0.3172250158194018, cost: 0.006369999999999987, freq_dirac: 0.39679
r1: 0.14464614634256828, r2: 0.3108274159289367, cost: 0.023722999999999994, freq_dirac: 0.401306
r1: 0.12894853066329431, r2: 0.3660789042076267, cost: 0.006433000000000022, freq_dirac: 0.428174
r1: 0.148930077378623, r2: 0.22632833992819898, cost: 0.030532999999999977, freq_dirac: 0.383199
r1: 0.14906541604379372, r2: 0.3222556995747585, cost: 0.024197000000000024, freq_dirac: 0.406656
r1: 0.14915594313420585, r2: 0.3181672944791495, cost: 0.024764000000000008, freq_dirac: 0.404952
r1: 0.12934763894334791, r2: 0.2616031642481446, cost: 0.023046999999999984, freq_dirac: 0.385939
r1: 0.10497526913844159, r2: 0.2625309073682929, cost: 0.014712000000000003, freq_dirac: 0.383866
r1: 0.08814645811923244, r2: 0.37789484112912874, cost: 0.016616999999999993, freq_dirac: 0.432667
r1: 0.12442201280665494, r2: 0.20551673085255268, cost: 0.022467999999999988, freq_dirac: 0.378513
r1: 0.08803215600155477, r2: 0.36691405411314143, cost: 0.01274900000000001, freq_dirac: 0.424054
r1: 0.11926756291995874, r2: 0.22511068609202706, cost: 0.021982, freq_dirac: 0.379773
r1: 0.12137558586218251, r2: 0.2032955224724125, cost: 0.021702, freq_dirac: 0.378085
r1: 0.10898793609226633, r2: 0.3635616145544594, cost: 0.0025800000000000267, freq_dirac: 0.423548
r1: 0.12194972998306888, r2: 0.2427710757410905, cost: 0.021928000000000003, freq_dirac: 0.382134
r1: 0.1362986782877463, r2: 0.36450732325881763, cost: 0.010635000000000006, freq_dirac: 0.428313
r1: 0.10174436487948471, r2: 0.3562826374874622, cost: 0.003715999999999997, freq_dirac: 0.417936
r1: 0.0832511032655007, r2: 0.3359975801744443, cost: 0.005550999999999973, freq_dirac: 0.405394
r1: 0.10826770362152145, r2: 0.3342238521111752, cost: 0.004504999999999981, freq_dirac: 0.406367
r1: 0.05625802829641045, r2: 0.2311679485232315, cost: 0.003365000000000007, freq_dirac: 0.377561
r1: 0.08562000528004172, r2: 0.28856098770070915, cost: 0.00486700000000001, freq_dirac: 0.388439
r1: 0.05358067086583529, r2: 0.2917046134767858, cost: 0.00504300000000002, freq_dirac: 0.388389
r1: 0.12117333217475343, r2: 0.21773815907930713, cost: 0.02279099999999995, freq_dirac: 0.379227
r1: 0.06969607133136188, r2: 0.28540567380589965, cost: 0.00041799999999997395, freq_dirac: 0.387077
r1: 0.1290413458461072, r2: 0.28898807690853373, cost: 0.02022400000000002, freq_dirac: 0.392098
r1: 0.11634172057861092, r2: 0.3345010134457537, cost: 0.007792999999999994, freq_dirac: 0.407351
r1: 0.07697919532047807, r2: 0.3973922146377113, cost: 0.03001799999999999, freq_dirac: 0.450895
r1: 0.11290363180324889, r2: 0.359639801871566, cost: 0.0003329999999999722, freq_dirac: 0.421324
r1: 0.06071148009456445, r2: 0.37394723428846693, cost: 0.02558699999999997, freq_dirac: 0.428111
r1: 0.13722748024440928, r2: 0.39260856821539813, cost: 0.004045000000000021, freq_dirac: 0.453859
r1: 0.12790550186811608, r2: 0.39354766396857666, cost: 0.0020090000000000385, freq_dirac: 0.452924
r1: 0.06603288973739335, r2: 0.366626919447831, cost: 0.020970000000000044, freq_dirac: 0.42276
r1: 0.06477654402342464, r2: 0.28856098770070915, cost: 0.0015169999999999906, freq_dirac: 0.387756
r1: 0.06673662989786673, r2: 0.330138762226957, cost: 0.009603000000000028, freq_dirac: 0.402054
r1: 0.07144512224432147, r2: 0.3379966388532023, cost: 0.010147000000000017, freq_dirac: 0.405871
r1: 0.06098428724383322, r2: 0.3920705555950136, cost: 0.033698000000000006, freq_dirac: 0.444471
r1: 0.05904741378459841, r2: 0.3376464501928464, cost: 0.013909000000000005, freq_dirac: 0.405368
r1: 0.10723969114548952, r2: 0.29803639937888216, cost: 0.010871999999999993, freq_dirac: 0.392443
r1: 0.07754067539858242, r2: 0.3579315075058643, cost: 0.013884000000000007, freq_dirac: 0.417325
r1: 0.09849601213566972, r2: 0.25001327216023955, cost: 0.013830000000000009, freq_dirac: 0.381366
r1: 0.06547712723381387, r2: 0.3564811129906051, cost: 0.017627000000000004, freq_dirac: 0.415949
r1: 0.09417586912291404, r2: 0.37270050226282264, cost: 0.01211000000000001, freq_dirac: 0.428897
r1: 0.12024453021809045, r2: 0.21150206775143596, cost: 0.022666999999999993, freq_dirac: 0.378608
r1: 0.11183640629780998, r2: 0.27653004679713483, cost: 0.015490999999999977, freq_dirac: 0.387236
r1: 0.0976538993557048, r2: 0.2160753960995222, cost: 0.015927000000000024, freq_dirac: 0.377401
r1: 0.07607508572986023, r2: 0.34119727790336374, cost: 0.009452000000000016, freq_dirac: 0.407655
r1: 0.13712274247728531, r2: 0.33842247011341475, cost: 0.01624500000000001, freq_dirac: 0.412228
r1: 0.11513664139302368, r2: 0.2776443820000132, cost: 0.016513999999999973, freq_dirac: 0.387783
r1: 0.09134375402834008, r2: 0.28984060746677526, cost: 0.0065649999999999875, freq_dirac: 0.38906
r1: 0.12198193398915765, r2: 0.21025532049982582, cost: 0.023179000000000005, freq_dirac: 0.378659
r1: 0.11312857995958658, r2: 0.21773815907930713, cost: 0.02044199999999996, freq_dirac: 0.37856
r1: 0.08696316250611218, r2: 0.212376567902127, cost: 0.012977000000000016, freq_dirac: 0.376594
r1: 0.07141991834423314, r2: 0.3287686395483484, cost: 0.007778000000000007, freq_dirac: 0.401592
r1: 0.09085061957698191, r2: 0.30264709871111545, cost: 0.004255000000000009, freq_dirac: 0.392729
r1: 0.14915594313420585, r2: 0.37217366457309975, cost: 0.016237, freq_dirac: 0.437015
r1: 0.09902957829955311, r2: 0.3038707371728688, cost: 0.006932000000000049, freq_dirac: 0.393624
r1: 0.09796353554285675, r2: 0.293906674784031, cost: 0.008205999999999991, freq_dirac: 0.390561
r1: 0.09160191562866887, r2: 0.2917046134767858, cost: 0.006359999999999977, freq_dirac: 0.389576
r1: 0.09180079773723698, r2: 0.3243005240364986, cost: 0.00030399999999997096, freq_dirac: 0.40064
r1: 0.11459870850515352, r2: 0.3955961432928556, cost: 0.010453999999999963, freq_dirac: 0.452866
r1: 0.06390350643965985, r2: 0.330138762226957, cost: 0.01046999999999998, freq_dirac: 0.401982
r1: 0.06575554385158293, r2: 0.36996876086898034, cost: 0.022313000000000027, freq_dirac: 0.425198
r1: 0.06783555781169023, r2: 0.3403268064829319, cost: 0.011962000000000028, freq_dirac: 0.406919
r1: 0.09356672282728132, r2: 0.2570546680480448, cost: 0.01155600000000001, freq_dirac: 0.382206
r1: 0.125890385680016, r2: 0.2711901612604049, cost: 0.021006000000000025, freq_dirac: 0.38745
r1: 0.11312857995958658, r2: 0.3527919488660426, cost: 0.0021990000000000065, freq_dirac: 0.416952
r1: 0.0793400201368876, r2: 0.21115525492444764, cost: 0.010865000000000014, freq_dirac: 0.376223
r1: 0.07754067539858242, r2: 0.2644573518805727, cost: 0.00571499999999997, freq_dirac: 0.382822
r1: 0.13040147136416771, r2: 0.3921110192343994, cost: 4.999999999999449e-05, freq_dirac: 0.451853
r1: 0.1209278083272719, r2: 0.22502152464148228, cost: 0.02248300000000003, freq_dirac: 0.379911
r1: 0.08358541576266121, r2: 0.3038707371728688, cost: 0.0015700000000000158, freq_dirac: 0.392751
r1: 0.0869653806235157, r2: 0.2599014454141839, cost: 0.00915699999999997, freq_dirac: 0.38237
r1: 0.1435762018642552, r2: 0.3287686395483484, cost: 0.020799000000000012, freq_dirac: 0.408583
r1: 0.06348867872241763, r2: 0.2526492958411888, cost: 0.003112999999999977, freq_dirac: 0.380475
r1: 0.10826770362152145, r2: 0.274332110650415, cost: 0.014508999999999994, freq_dirac: 0.38646
r1: 0.0676528348532785, r2: 0.32222583937525767, cost: 0.007397000000000042, freq_dirac: 0.398742
r1: 0.0646002546986875, r2: 0.2927786222939496, cost: 0.0022949999999999915, freq_dirac: 0.388868
r1: 0.07799228586429147, r2: 0.35344976257881144, cost: 0.012317000000000022, freq_dirac: 0.414563
r1: 0.08945088105409413, r2: 0.31517663657718537, cost: 0.0013809999999999656, freq_dirac: 0.396922
r1: 0.12444342568563915, r2: 0.35089337707870644, cost: 0.007822999999999969, freq_dirac: 0.417266
r1: 0.07590509133030944, r2: 0.3538945467751236, cost: 0.013207999999999998, freq_dirac: 0.414739
r1: 0.10059819528384091, r2: 0.2820221253028621, cost: 0.010873000000000022, freq_dirac: 0.387653
r1: 0.054321422853261324, r2: 0.27095053043279177, cost: 0.001546999999999965, freq_dirac: 0.383561
r1: 0.06475350624536283, r2: 0.2016117355796419, cost: 0.007425999999999988, freq_dirac: 0.375199
r1: 0.09796353554285675, r2: 0.3042898899629277, cost: 0.0064770000000000105, freq_dirac: 0.393686
r1: 0.09988574397673218, r2: 0.359639801871566, cost: 0.005469999999999975, freq_dirac: 0.419942
r1: 0.06585477165441665, r2: 0.2859263216829374, cost: 0.0007770000000000277, freq_dirac: 0.387113
r1: 0.09931479755055267, r2: 0.2421684962545774, cost: 0.014763000000000026, freq_dirac: 0.380307
r1: 0.0832511032655007, r2: 0.262516676286866, cost: 0.007697000000000009, freq_dirac: 0.382673
r1: 0.1434311748660043, r2: 0.3686573410957838, cost: 0.013616000000000017, freq_dirac: 0.432889
r1: 0.06306862115401138, r2: 0.2980032597846066, cost: 0.0036720000000000086, freq_dirac: 0.39031
r1: 0.05638905758945557, r2: 0.2934012665084348, cost: 0.004630999999999996, freq_dirac: 0.388887
r1: 0.08432098308881845, r2: 0.3553646466471792, cost: 0.010525000000000007, freq_dirac: 0.41606
r1: 0.12463011424651917, r2: 0.38613895573424417, cost: 0.001485000000000014, freq_dirac: 0.444599
r1: 0.0693185234049844, r2: 0.29943664531204456, cost: 0.0021239999999999593, freq_dirac: 0.390879
r1: 0.13475484683940575, r2: 0.2838962423016195, cost: 0.02291500000000002, freq_dirac: 0.391485
r1: 0.08202735653999271, r2: 0.28159605769161306, cost: 0.0047719999999999985, freq_dirac: 0.386564
r1: 0.0728153999323281, r2: 0.2764634576918575, cost: 0.002699000000000007, freq_dirac: 0.385086
r1: 0.0869653806235157, r2: 0.25697225524394623, cost: 0.009477999999999986, freq_dirac: 0.381874
r1: 0.12388472606516382, r2: 0.31267371229847124, cost: 0.014919000000000016, freq_dirac: 0.398989
r1: 0.12971136373772157, r2: 0.2644573518805727, cost: 0.022936999999999985, freq_dirac: 0.386521
r1: 0.09686762264949349, r2: 0.3199402469932698, cost: 0.003106999999999971, freq_dirac: 0.399205
r1: 0.12264320461148179, r2: 0.2835282255865967, cost: 0.018508000000000024, freq_dirac: 0.389937
r1: 0.12379052064120759, r2: 0.39019369798293607, cost: 0.0032899999999999596, freq_dirac: 0.448558
r1: 0.11389885637628235, r2: 0.35720795511930814, cost: 0.0014230000000000076, freq_dirac: 0.419835
r1: 0.13263168628476663, r2: 0.33194941654588883, cost: 0.015351000000000004, freq_dirac: 0.408288
r1: 0.07049941653150624, r2: 0.2256906457075999, cost: 0.007487999999999995, freq_dirac: 0.377249
r1: 0.10915441003519127, r2: 0.3616876089087616, cost: 0.0019660000000000233, freq_dirac: 0.422261
r1: 0.12893150759694316, r2: 0.37921125122827637, cost: 0.002970000000000028, freq_dirac: 0.438898
r1: 0.06068167393932464, r2: 0.2782886965504585, cost: 0.0009969999999999701, freq_dirac: 0.385212
r1: 0.1337377029894932, r2: 0.34461827519319577, cost: 0.013512000000000024, freq_dirac: 0.415038
r1: 0.07996332412213596, r2: 0.2950288933936154, cost: 0.0019639999999999658, freq_dirac: 0.389952
r1: 0.09013010472327687, r2: 0.3041821899150042, cost: 0.0037319999999999576, freq_dirac: 0.393179
r1: 0.14029595462073952, r2: 0.2424680518378467, cost: 0.02773199999999998, freq_dirac: 0.384138
r1: 0.12464130959384438, r2: 0.20818519757821, cost: 0.02346200000000004, freq_dirac: 0.378735
r1: 0.07431522655000278, r2: 0.32040182532518113, cost: 0.004875000000000018, freq_dirac: 0.398227
r1: 0.06585477165441665, r2: 0.39840733753265456, cost: 0.03516999999999998, freq_dirac: 0.451471
r1: 0.09151643293765284, r2: 0.2058419402640782, cost: 0.01458799999999999, freq_dirac: 0.376307
r1: 0.07579189083666973, r2: 0.34044387103991036, cost: 0.009346000000000021, freq_dirac: 0.407259
r1: 0.0770963043628726, r2: 0.2955172796309451, cost: 0.0009659999999999669, freq_dirac: 0.389984
r1: 0.07549642497362155, r2: 0.22395186172032439, cost: 0.008997000000000033, freq_dirac: 0.377211
r1: 0.1329304092808333, r2: 0.3167922350809903, cost: 0.01797399999999999, freq_dirac: 0.401754
r1: 0.09133066787739495, r2: 0.3155463713634381, cost: 0.0019739999999999758, freq_dirac: 0.397167
r1: 0.061921379632756575, r2: 0.29357314482276864, cost: 0.00318400000000002, freq_dirac: 0.389031
r1: 0.10089773654781879, r2: 0.3436187519245314, cost: 0.0007110000000000172, freq_dirac: 0.410456
r1: 0.050093998977209946, r2: 0.35682549750034176, cost: 0.02238800000000002, freq_dirac: 0.415836
r1: 0.0644811205260526, r2: 0.30872033218816064, cost: 0.005373000000000017, freq_dirac: 0.3937
r1: 0.06728359844108421, r2: 0.3015236642756023, cost: 0.003120999999999985, freq_dirac: 0.391457
r1: 0.08280783698969335, r2: 0.3448360748057515, cost: 0.008044999999999969, freq_dirac: 0.409879
r1: 0.129420224183332, r2: 0.28077054924770767, cost: 0.021286000000000027, freq_dirac: 0.390033
r1: 0.05283915630888035, r2: 0.22177229770192924, cost: 0.0032909999999999884, freq_dirac: 0.376579
r1: 0.0969476619116153, r2: 0.38062138279113694, cost: 0.013704999999999967, freq_dirac: 0.435763
r1: 0.06104100866319403, r2: 0.26620738435797386, cost: 0.0008170000000000122, freq_dirac: 0.382743
r1: 0.12847571334040694, r2: 0.2599014454141839, cost: 0.022885999999999962, freq_dirac: 0.385529
r1: 0.07411989614933062, r2: 0.3186068020892202, cost: 0.00453600000000004, freq_dirac: 0.397524
r1: 0.08356171321940542, r2: 0.29757687945318023, cost: 0.002693000000000001, freq_dirac: 0.39083
r1: 0.10374369369769304, r2: 0.32783995070964184, cost: 0.004066999999999987, freq_dirac: 0.403024
r1: 0.13824620659166403, r2: 0.32293877060229237, cost: 0.019307999999999992, freq_dirac: 0.405079
r1: 0.08358541576266121, r2: 0.37012165002248026, cost: 0.01566099999999998, freq_dirac: 0.426136
r1: 0.11983558168735675, r2: 0.39108122910382803, cost: 0.005848999999999993, freq_dirac: 0.448811
r1: 0.0770963043628726, r2: 0.3846533078429555, cost: 0.02399499999999999, freq_dirac: 0.43793
r1: 0.06978899197969246, r2: 0.31559032620663297, cost: 0.005236999999999992, freq_dirac: 0.396252
r1: 0.09166411448076288, r2: 0.37280114338802056, cost: 0.013239, freq_dirac: 0.428773
r1: 0.13772243938196257, r2: 0.37921125122827637, cost: 0.007950000000000013, freq_dirac: 0.440593
r1: 0.07996332412213596, r2: 0.3103537007868833, cost: 0.0008920000000000039, freq_dirac: 0.394741
r1: 0.11777770521945202, r2: 0.36208368256425694, cost: 0.001949000000000034, freq_dirac: 0.423622
r1: 0.12299877360962307, r2: 0.21050473498376748, cost: 0.023461999999999983, freq_dirac: 0.37877
r1: 0.11876516903630684, r2: 0.31528630211790654, cost: 0.012429999999999997, freq_dirac: 0.399372
r1: 0.05358067086583529, r2: 0.30903983239442023, cost: 0.00842200000000004, freq_dirac: 0.39361
r1: 0.10957110216199029, r2: 0.3199402469932698, cost: 0.007956000000000019, freq_dirac: 0.400239
r1: 0.09242256315716303, r2: 0.29557071314580574, cost: 0.006010999999999989, freq_dirac: 0.390696
r1: 0.08945088105409413, r2: 0.37982462170249426, cost: 0.016786999999999996, freq_dirac: 0.434421
r1: 0.0502345734059511, r2: 0.2456901587277103, cost: 0.0005830000000000002, freq_dirac: 0.379277
r1: 0.09145275509936503, r2: 0.36591175693852995, cost: 0.010998999999999981, freq_dirac: 0.423576
r1: 0.13659230527798283, r2: 0.3987076765377995, cost: 0.001809000000000005, freq_dirac: 0.460749
r1: 0.12463011424651917, r2: 0.3061282124878518, cost: 0.016232999999999997, freq_dirac: 0.396766
r1: 0.10444344400352434, r2: 0.35672988600504213, cost: 0.002677999999999958, freq_dirac: 0.41848
r1: 0.09555235844588965, r2: 0.3230012019843942, cost: 0.0019710000000000005, freq_dirac: 0.400344
r1: 0.14346899074854774, r2: 0.2729358456698695, cost: 0.02707900000000002, freq_dirac: 0.390078
r1: 0.08141588259699821, r2: 0.2764634576918575, cost: 0.00532100000000002, freq_dirac: 0.385374
r1: 0.1383905108479927, r2: 0.3015236642756023, cost: 0.022326000000000013, freq_dirac: 0.397085
r1: 0.13429646827304337, r2: 0.29943664531204456, cost: 0.020953, freq_dirac: 0.395836
r1: 0.08373265065622142, r2: 0.3003482154243876, cost: 0.0022599999999999842, freq_dirac: 0.391662
r1: 0.11628704739839905, r2: 0.27095053043279177, cost: 0.01766899999999999, freq_dirac: 0.38643
r1: 0.14286766570692747, r2: 0.21591728059299334, cost: 0.026349999999999985, freq_dirac: 0.381339
r1: 0.09167636960768659, r2: 0.22809367750281315, cost: 0.01344200000000001, freq_dirac: 0.378235
r1: 0.06968427607919817, r2: 0.21632328183520022, cost: 0.007906000000000024, freq_dirac: 0.376374
r1: 0.1203759338038235, r2: 0.29668292879399727, cost: 0.015957, freq_dirac: 0.393286
r1: 0.12893150759694316, r2: 0.3579053221649028, cost: 0.008382999999999974, freq_dirac: 0.422411
r1: 0.12214418197502663, r2: 0.39855010840455485, cost: 0.0072189999999999754, freq_dirac: 0.457538
r1: 0.12078004860857051, r2: 0.3795272474056262, cost: 0.0015399999999999858, freq_dirac: 0.437785
r1: 0.13627889593832532, r2: 0.261246972200712, cost: 0.02543099999999998, freq_dirac: 0.386705
r1: 0.0797165543023443, r2: 0.39019369798293607, cost: 0.025361000000000022, freq_dirac: 0.443428
r1: 0.10324861902316924, r2: 0.22850564294058395, cost: 0.016938999999999982, freq_dirac: 0.37892
r1: 0.13381187398830363, r2: 0.3723183523326506, cost: 0.007477999999999985, freq_dirac: 0.433913
r1: 0.06104100866319403, r2: 0.31789879390320663, cost: 0.008355000000000001, freq_dirac: 0.3969
r1: 0.10143332305130764, r2: 0.3368081391968773, cost: 0.0011519999999999864, freq_dirac: 0.407002
r1: 0.08820950236159837, r2: 0.2508260582327432, cost: 0.010502000000000011, freq_dirac: 0.380957
r1: 0.05724633451023959, r2: 0.2440894162206786, cost: 0.0024159999999999737, freq_dirac: 0.37914
r1: 0.10967567076269147, r2: 0.21888947416621368, cost: 0.019374999999999976, freq_dirac: 0.378406
r1: 0.09000622651908825, r2: 0.3028775150393667, cost: 0.003921999999999981, freq_dirac: 0.392756
r1: 0.06104328414928081, r2: 0.3038707371728688, cost: 0.005366000000000037, freq_dirac: 0.392048
r1: 0.06314900175745142, r2: 0.2972078342290686, cost: 0.003502000000000005, freq_dirac: 0.390081
r1: 0.05995150785566383, r2: 0.23100972939010112, cost: 0.0042919999999999625, freq_dirac: 0.377597
r1: 0.05250202218185685, r2: 0.29600041788289794, cost: 0.006093999999999988, freq_dirac: 0.38956
r1: 0.05243700057862285, r2: 0.2931032230019602, cost: 0.005576999999999999, freq_dirac: 0.388753
r1: 0.1192885476775718, r2: 0.24317904258217388, cost: 0.021050999999999986, freq_dirac: 0.381943
r1: 0.11186543882499783, r2: 0.3313454176644984, cost: 0.006594999999999962, freq_dirac: 0.405364
r1: 0.07886766866593595, r2: 0.3306980022539949, cost: 0.005774000000000001, freq_dirac: 0.402726
r1: 0.12154861537002892, r2: 0.24069831058066465, cost: 0.021923000000000026, freq_dirac: 0.381815
r1: 0.10660208281708212, r2: 0.2456901587277103, cost: 0.01679900000000001, freq_dirac: 0.381265
r1: 0.1095241212244595, r2: 0.33390332578940524, cost: 0.005089999999999983, freq_dirac: 0.406334
r1: 0.0893332272982398, r2: 0.3162586892388287, cost: 0.0011210000000000386, freq_dirac: 0.397319
r1: 0.084738092586503, r2: 0.2304847874728172, cost: 0.011204999999999965, freq_dirac: 0.378188
r1: 0.08895836218569356, r2: 0.3214395936380674, cost: 0.00010500000000002174, freq_dirac: 0.399302
r1: 0.08997965180981875, r2: 0.3400897367298997, cost: 0.0041140000000000065, freq_dirac: 0.407806
r1: 0.10089773654781879, r2: 0.36932931594225094, cost: 0.008002999999999982, freq_dirac: 0.426908
r1: 0.10771154321567158, r2: 0.33890914085120133, cost: 0.0032139999999999946, freq_dirac: 0.40862
r1: 0.1000386783954061, r2: 0.2544051134636515, cost: 0.013910000000000033, freq_dirac: 0.382144
r1: 0.0693164180243751, r2: 0.35720795511930814, cost: 0.016571999999999976, freq_dirac: 0.416528
r1: 0.10082606270267766, r2: 0.35073376388395894, cost: 0.002585000000000004, freq_dirac: 0.414457
r1: 0.09807240140398897, r2: 0.36652523555046274, cost: 0.008357999999999977, freq_dirac: 0.424561
r1: 0.10225076649205113, r2: 0.21575362148074959, cost: 0.01729799999999998, freq_dirac: 0.377641
r1: 0.05126764628982272, r2: 0.20065765670589225, cost: 0.004229000000000038, freq_dirac: 0.374955
r1: 0.08773665108967499, r2: 0.2828848845914248, cost: 0.00642100000000001, freq_dirac: 0.387123
r1: 0.11537120224224606, r2: 0.3676816366692359, cost: 0.0007610000000000117, freq_dirac: 0.42733
r1: 0.12617276397475757, r2: 0.3790850549292944, cost: 0.0015020000000000033, freq_dirac: 0.438293
r1: 0.12394494510255759, r2: 0.2927786222939496, cost: 0.017840000000000023, freq_dirac: 0.392544
r1: 0.10143332305130764, r2: 0.26926261316506217, cost: 0.012778000000000012, freq_dirac: 0.38491
r1: 0.07887745335234518, r2: 0.31517663657718537, cost: 0.002240999999999993, freq_dirac: 0.396415
r1: 0.12424762908687693, r2: 0.3616718395724267, cost: 0.005188999999999999, freq_dirac: 0.424249
r1: 0.11143128593728517, r2: 0.34916612032163824, cost: 0.002361000000000002, freq_dirac: 0.414594
r1: 0.1038985502488049, r2: 0.35150419218488743, cost: 0.0015009999999999746, freq_dirac: 0.415197
r1: 0.07996332412213596, r2: 0.29842278852136295, cost: 0.0013679999999999803, freq_dirac: 0.390929
r1: 0.12028820259688902, r2: 0.35672988600504213, cost: 0.004502000000000006, freq_dirac: 0.420352
r1: 0.06575097031266017, r2: 0.31364394696066833, cost: 0.006038999999999961, freq_dirac: 0.395439
r1: 0.09180079773723698, r2: 0.20583812047258127, cost: 0.014669000000000043, freq_dirac: 0.37632
r1: 0.06340305302729124, r2: 0.2059429053341971, cost: 0.006862000000000035, freq_dirac: 0.37546
r1: 0.13629023656734074, r2: 0.39425895047298815, cost: 0.002957000000000043, freq_dirac: 0.455488
r1: 0.0893332272982398, r2: 0.3589981511260096, cost: 0.009670000000000012, freq_dirac: 0.418689
r1: 0.1222987972807772, r2: 0.28817233227915323, cost: 0.017817000000000027, freq_dirac: 0.391098
r1: 0.10767457813607295, r2: 0.32518821785216284, cost: 0.006164999999999976, freq_dirac: 0.402222
r1: 0.08291769329866343, r2: 0.27444259131225474, cost: 0.006076000000000026, freq_dirac: 0.384997
r1: 0.08258569730196832, r2: 0.3079427272584264, cost: 0.00046200000000001795, freq_dirac: 0.394037
r1: 0.0724310907558813, r2: 0.3790850549292944, cost: 0.023492999999999986, freq_dirac: 0.432749
r1: 0.05214389412091459, r2: 0.27623460251670806, cost: 0.002850000000000019, freq_dirac: 0.384637

r1: 0.1274475830965619, r2: 0.24037243209705242, cost: 0.023807000000000023, freq_dirac: 0.382359
r1: 0.1038985502488049, r2: 0.3250389540724498, cost: 0.004713999999999996, freq_dirac: 0.401828
r1: 0.0633827138452541, r2: 0.26952051452363857, cost: 0.0009950000000000236, freq_dirac: 0.383421
r1: 0.12556748040881902, r2: 0.36641387608721304, cost: 0.0046319999999999695, freq_dirac: 0.427866
r1: 0.1276292290753621, r2: 0.378292458550019, cost: 0.0025179999999999647, freq_dirac: 0.437849
r1: 0.06477654402342464, r2: 0.3583456537769103, cost: 0.018479000000000023, freq_dirac: 0.417108
r1: 0.08945088105409413, r2: 0.25577397340330216, cost: 0.010382999999999976, freq_dirac: 0.381791
r1: 0.11494484647168754, r2: 0.36232311926133937, cost: 0.0005469999999999642, freq_dirac: 0.423414
r1: 0.1456661115898344, r2: 0.39973816936474565, cost: 0.007658999999999971, freq_dirac: 0.464257
r1: 0.10444344400352434, r2: 0.39267205939032457, cost: 0.01474700000000001, freq_dirac: 0.44826
r1: 0.10697058606728603, r2: 0.3607645204540886, cost: 0.002693000000000001, freq_dirac: 0.421393
r1: 0.09243867091435469, r2: 0.31773636010021417, cost: 0.0019329999999999625, freq_dirac: 0.398063
r1: 0.1078980384656837, r2: 0.3415316848108961, cost: 0.002681999999999962, freq_dirac: 0.409992
r1: 0.10506496166982607, r2: 0.32815558367068975, cost: 0.004518999999999995, freq_dirac: 0.403276
r1: 0.07781159399811895, r2: 0.3177837996636099, cost: 0.003153000000000017, freq_dirac: 0.397346
r1: 0.09137342253795366, r2: 0.3081770263325555, cost: 0.0034259999999999846, freq_dirac: 0.394562
r1: 0.09367752573734145, r2: 0.2992616998800452, cost: 0.005827000000000027, freq_dirac: 0.391851
r1: 0.11808663592690809, r2: 0.23110351358346304, cost: 0.02135999999999999, freq_dirac: 0.38032
r1: 0.06104100866319403, r2: 0.3169896951792757, cost: 0.008147999999999989, freq_dirac: 0.396558
r1: 0.07392337677001935, r2: 0.27883288559109287, cost: 0.002682999999999991, freq_dirac: 0.385648
r1: 0.12448223360128706, r2: 0.359639801871566, cost: 0.005805999999999978, freq_dirac: 0.422884
r1: 0.050765352942197646, r2: 0.2818233284027025, cost: 0.004052999999999973, freq_dirac: 0.385881
r1: 0.05034201792318264, r2: 0.2955172796309451, cost: 0.006531000000000009, freq_dirac: 0.3894
r1: 0.13040147136416771, r2: 0.3058923606094086, cost: 0.01854699999999998, freq_dirac: 0.397419
r1: 0.10994232309033147, r2: 0.38119873817416833, cost: 0.007651999999999992, freq_dirac: 0.437731
r1: 0.11363791920604649, r2: 0.3605324060091338, cost: 0.0004290000000000127, freq_dirac: 0.422018
r1: 0.0741076329420395, r2: 0.332595542779845, cost: 0.007855000000000001, freq_dirac: 0.403398
r1: 0.07849741309415931, r2: 0.31094382012499955, cost: 0.001493000000000022, freq_dirac: 0.394888
r1: 0.08205987019394068, r2: 0.3426048201700481, cost: 0.00771000000000005, freq_dirac: 0.408655
r1: 0.06472581073411335, r2: 0.267269855001959, cost: 0.0016660000000000008, freq_dirac: 0.383012
r1: 0.11874614643867297, r2: 0.34837771646502125, cost: 0.005790999999999991, freq_dirac: 0.415016
r1: 0.09577068172587755, r2: 0.23746648294322825, cost: 0.014024000000000036, freq_dirac: 0.379504
r1: 0.1309502399912041, r2: 0.39679347830680883, cost: 0.0012309999999999821, freq_dirac: 0.457213
r1: 0.1115067899187947, r2: 0.3511980357876289, cost: 0.0018830000000000235, freq_dirac: 0.415801
r1: 0.14594450988593657, r2: 0.38620764735742574, cost: 0.011262999999999967, freq_dirac: 0.449149
r1: 0.1254196775489474, r2: 0.25336667020158765, cost: 0.022353999999999985, freq_dirac: 0.384073
r1: 0.07748301800049452, r2: 0.2905997606023871, cost: 0.001929000000000014, freq_dirac: 0.38865
r1: 0.12617276397475757, r2: 0.3381900416394864, cost: 0.011301999999999979, freq_dirac: 0.410429
r1: 0.10089773654781879, r2: 0.36931300182118854, cost: 0.007998000000000005, freq_dirac: 0.426895
r1: 0.11080022256957113, r2: 0.28388746947634097, cost: 0.01419999999999999, freq_dirac: 0.388883
r1: 0.1118449956046682, r2: 0.3954177893368213, cost: 0.011904000000000026, freq_dirac: 0.452245
r1: 0.10064379476196511, r2: 0.3243005240364986, cost: 0.0036149999999999793, freq_dirac: 0.401253
r1: 0.11307972798010982, r2: 0.3103537007868833, cost: 0.011048999999999976, freq_dirac: 0.396974
r1: 0.08614404126327255, r2: 0.37921125122827637, cost: 0.017979000000000023, freq_dirac: 0.433643
r1: 0.13047976239749076, r2: 0.37916230467059375, cost: 0.00384000000000001, freq_dirac: 0.43914
r1: 0.12935450905377482, r2: 0.34916612032163824, cost: 0.010508000000000017, freq_dirac: 0.416972
r1: 0.11832634480014642, r2: 0.26952051452363857, cost: 0.018523999999999985, freq_dirac: 0.386326
r1: 0.11965504798048983, r2: 0.21196604042486888, cost: 0.022489000000000037, freq_dirac: 0.378596
r1: 0.14872550412670718, r2: 0.261546997901288, cost: 0.029625000000000012, freq_dirac: 0.388488
r1: 0.05781355374446762, r2: 0.2457906691539839, cost: 0.0023859999999999992, freq_dirac: 0.37938
r1: 0.08945088105409413, r2: 0.30389112929676637, cost: 0.0035499999999999976, freq_dirac: 0.393049
r1: 0.05404360022953666, r2: 0.27235491991149, cost: 0.001817000000000013, freq_dirac: 0.383842
r1: 0.11995129753301383, r2: 0.3038707371728688, cost: 0.014745000000000008, freq_dirac: 0.395481
r1: 0.05219801163846591, r2: 0.28856098770070915, cost: 0.00483100000000003, freq_dirac: 0.387549
r1: 0.13476752055729108, r2: 0.36232311926133937, cost: 0.010329000000000033, freq_dirac: 0.426457
r1: 0.07856301076528452, r2: 0.3921110192343994, cost: 0.026749000000000023, freq_dirac: 0.445312
r1: 0.09328071803472124, r2: 0.33559446384367, cost: 0.0017420000000000213, freq_dirac: 0.405791
r1: 0.0893332272982398, r2: 0.3075702450439261, cost: 0.0028289999999999704, freq_dirac: 0.394245
r1: 0.0984189051180754, r2: 0.33127408663632996, cost: 0.0012539999999999774, freq_dirac: 0.404136
r1: 0.14170801090536106, r2: 0.234512071824157, cost: 0.028397000000000006, freq_dirac: 0.383246
r1: 0.13266200687150353, r2: 0.37287474984653735, cost: 0.006713999999999998, freq_dirac: 0.434157
r1: 0.08258569730196832, r2: 0.32267264278847624, cost: 0.002615000000000034, freq_dirac: 0.399468
r1: 0.0890863627620865, r2: 0.3098840237418964, cost: 0.0022980000000000222, freq_dirac: 0.395014
r1: 0.08358541576266121, r2: 0.39331959937818683, cost: 0.025102999999999986, freq_dirac: 0.446908
r1: 0.1407706444346856, r2: 0.2582777399249695, cost: 0.027134999999999965, freq_dirac: 0.386747
r1: 0.09200002231181834, r2: 0.31595280780145973, cost: 0.002132999999999996, freq_dirac: 0.397359
r1: 0.09275490330374052, r2: 0.3290991236961789, cost: 0.0004149999999999987, freq_dirac: 0.402756
r1: 0.09180079773723698, r2: 0.3438257044642988, cost: 0.004381999999999997, freq_dirac: 0.409874
r1: 0.06653049014920784, r2: 0.2549316873591311, cost: 0.0036790000000000433, freq_dirac: 0.38089
r1: 0.09686762264949349, r2: 0.2908997548446249, cost: 0.008294999999999997, freq_dirac: 0.389663
r1: 0.10210667262455426, r2: 0.3676816366692359, cost: 0.006942000000000004, freq_dirac: 0.425796
r1: 0.12893150759694316, r2: 0.39577668742530137, cost: 0.002137, freq_dirac: 0.455629
r1: 0.11955353160735156, r2: 0.3834761230151353, cost: 0.003432999999999964, freq_dirac: 0.441202
r1: 0.06445375249508101, r2: 0.2931839721196273, cost: 0.0024080000000000212, freq_dirac: 0.388976
r1: 0.14804265181038523, r2: 0.39679347830680883, cost: 0.01007600000000003, freq_dirac: 0.461294
r1: 0.0770963043628726, r2: 0.37952575192002336, cost: 0.021852000000000038, freq_dirac: 0.433357
r1: 0.12582555956488428, r2: 0.3917946427603994, cost: 0.002650000000000041, freq_dirac: 0.450621
r1: 0.07338286293046285, r2: 0.30931174151163665, cost: 0.002800999999999998, freq_dirac: 0.394144
r1: 0.07155443016882242, r2: 0.3189889538241709, cost: 0.005437999999999998, freq_dirac: 0.397584
r1: 0.0941178318982371, r2: 0.3396882706752884, cost: 0.0024250000000000105, freq_dirac: 0.407875
r1: 0.09801421805570695, r2: 0.3241015002194315, cost: 0.002660999999999969, freq_dirac: 0.40097
r1: 0.052427405693972084, r2: 0.2349279174033806, cost: 0.0021279999999999633, freq_dirac: 0.377938
r1: 0.06104100866319403, r2: 0.297891350243664, cost: 0.0042139999999999955, freq_dirac: 0.390237
r1: 0.06015052726788125, r2: 0.290935397002319, cost: 0.0031999999999999806, freq_dirac: 0.388285
r1: 0.06568395141095656, r2: 0.28856098770070915, cost: 0.0012599999999999834, freq_dirac: 0.387776
r1: 0.07519541295299847, r2: 0.22757002885484867, cost: 0.008651999999999993, freq_dirac: 0.377563
r1: 0.13935687730972252, r2: 0.29904308465677276, cost: 0.023006000000000026, freq_dirac: 0.396437
r1: 0.06790715365478675, r2: 0.2865116886958998, cost: 0.00028600000000000847, freq_dirac: 0.387305
r1: 0.07504779473001184, r2: 0.3605324060091338, cost: 0.015647000000000022, freq_dirac: 0.418904
r1: 0.08060166367568938, r2: 0.3393881685970863, cost: 0.007378000000000051, freq_dirac: 0.406934
r1: 0.11309973270334166, r2: 0.3603443269129807, cost: 0.00023200000000000998, freq_dirac: 0.421823
r1: 0.09982135692087424, r2: 0.34665571089043623, cost: 0.0019220000000000348, freq_dirac: 0.412026
r1: 0.1278189337242111, r2: 0.39250530780067294, cost: 0.001715000000000022, freq_dirac: 0.451767
r1: 0.14696428777571152, r2: 0.33559446384367, cost: 0.021350000000000036, freq_dirac: 0.412536
r1: 0.09627769893058308, r2: 0.36164357874253694, cost: 0.007610000000000006, freq_dirac: 0.420973
r1: 0.07707587596727332, r2: 0.2855778586777336, cost: 0.00261100000000003, freq_dirac: 0.387344
r1: 0.13958503326769783, r2: 0.3722758311246429, cost: 0.010687000000000002, freq_dirac: 0.434998
r1: 0.09579562520908572, r2: 0.3381257347393162, cost: 0.0013859999999999983, freq_dirac: 0.407208
r1: 0.07873149902727315, r2: 0.3079427272584264, cost: 0.0008179999999999854, freq_dirac: 0.393873
r1: 0.09058915527725867, r2: 0.32701761318950295, cost: 0.0007449999999999957, freq_dirac: 0.401714
r1: 0.09910904257372397, r2: 0.3357529423345681, cost: 0.00048599999999998644, freq_dirac: 0.406297
r1: 0.09689791712283322, r2: 0.2955172796309451, cost: 0.007574999999999998, freq_dirac: 0.390949
r1: 0.06568395141095656, r2: 0.3975948249871162, cost: 0.03480099999999997, freq_dirac: 0.450551
r1: 0.07147838995388459, r2: 0.2730318928962085, cost: 0.002793999999999963, freq_dirac: 0.384318
r1: 0.05496204960026217, r2: 0.24879141228351326, cost: 0.001365000000000005, freq_dirac: 0.379765
r1: 0.14399456840464508, r2: 0.223688322976967, cost: 0.029173000000000004, freq_dirac: 0.382267
r1: 0.11785801701734314, r2: 0.37765042911909524, cost: 0.002485000000000015, freq_dirac: 0.435698
r1: 0.12955730554552747, r2: 0.3878653529766438, cost: 0.0008170000000000122, freq_dirac: 0.447268
r1: 0.11302157525733462, r2: 0.39679347830680883, cost: 0.011801000000000006, freq_dirac: 0.453971
r1: 0.06338029519293609, r2: 0.26083231566842646, cost: 0.0021250000000000435, freq_dirac: 0.38181
r1: 0.08909549695813693, r2: 0.26620738435797386, cost: 0.009091000000000016, freq_dirac: 0.383612
r1: 0.08080896190070395, r2: 0.30307474069947404, cost: 0.0007989999999999942, freq_dirac: 0.392381
r1: 0.10085502712221597, r2: 0.3283908047069243, cost: 0.002825999999999995, freq_dirac: 0.403027
r1: 0.13500424097253777, r2: 0.2859263216829374, cost: 0.022799000000000014, freq_dirac: 0.392044
r1: 0.11995387390113535, r2: 0.3602325070630883, cost: 0.003473999999999977, freq_dirac: 0.422644
r1: 0.06951209406065509, r2: 0.28541722386851504, cost: 0.0003610000000000002, freq_dirac: 0.387075
r1: 0.1052214628422203, r2: 0.3436187519245314, cost: 0.0010720000000000174, freq_dirac: 0.410852
r1: 0.11770918819624585, r2: 0.34916612032163824, cost: 0.005135999999999974, freq_dirac: 0.415343
r1: 0.13689895093781726, r2: 0.3038707371728688, cost: 0.021428999999999976, freq_dirac: 0.397639
r1: 0.12476805244387756, r2: 0.22716924782044262, cost: 0.023560000000000025, freq_dirac: 0.380495
r1: 0.10435829259503403, r2: 0.37798360634134154, cost: 0.009286000000000016, freq_dirac: 0.43424
r1: 0.0984189051180754, r2: 0.36497254362251336, cost: 0.007718999999999976, freq_dirac: 0.423475
r1: 0.08578006640497603, r2: 0.3119851030522426, cost: 0.0007449999999999957, freq_dirac: 0.395574
r1: 0.0814415370238047, r2: 0.3108858904482924, cost: 0.0005060000000000064, freq_dirac: 0.394988
r1: 0.08156491622073704, r2: 0.30008381462921796, cost: 0.0015920000000000378, freq_dirac: 0.39149
r1: 0.05926798386320231, r2: 0.26652772109752193, cost: 0.0003110000000000057, freq_dirac: 0.382773
r1: 0.13259860647030247, r2: 0.3902257927713568, cost: 0.0018940000000000068, freq_dirac: 0.450316
r1: 0.12955730554552747, r2: 0.334663612982874, cost: 0.013488, freq_dirac: 0.409146
r1: 0.14103219887807472, r2: 0.3347615239952777, cost: 0.018691000000000013, freq_dirac: 0.411027
r1: 0.07566831138685769, r2: 0.29368924392439755, cost: 0.0008409999999999807, freq_dirac: 0.389426
r1: 0.12168972545380016, r2: 0.3776311939908068, cost: 0.00048599999999998644, freq_dirac: 0.436263
r1: 0.08346196959344876, r2: 0.22314870415082644, cost: 0.011339000000000043, freq_dirac: 0.377392
r1: 0.07459822948208893, r2: 0.3587518440078594, cost: 0.015220999999999985, freq_dirac: 0.41772
r1: 0.12791315274961995, r2: 0.3825775387970711, cost: 0.0014390000000000236, freq_dirac: 0.44179
r1: 0.08573042980007158, r2: 0.3160197051106103, cost: 9.100000000000774e-05, freq_dirac: 0.397035
r1: 0.0686417244903293, r2: 0.3014323923679634, cost: 0.0027009999999999534, freq_dirac: 0.391463
r1: 0.05496204960026217, r2: 0.36766372359243144, cost: 0.02493899999999999, freq_dirac: 0.423222
r1: 0.10518549648622512, r2: 0.3421557595306905, cost: 0.0014060000000000183, freq_dirac: 0.410064
r1: 0.1187666440918181, r2: 0.26620738435797386, cost: 0.019008999999999998, freq_dirac: 0.385705
r1: 0.0864330844037196, r2: 0.30896411289374254, cost: 0.0015620000000000078, freq_dirac: 0.39456
r1: 0.14512574510237872, r2: 0.33518112792315236, cost: 0.02053900000000003, freq_dirac: 0.411981
r1: 0.10195269755489976, r2: 0.33232815939446414, cost: 0.002393000000000034, freq_dirac: 0.404907
r1: 0.06585477165441665, r2: 0.22726532183926135, cost: 0.006117000000000039, freq_dirac: 0.377307
r1: 0.05479155325206223, r2: 0.24587876226942965, cost: 0.0016339999999999688, freq_dirac: 0.379352
r1: 0.10431455224149473, r2: 0.2955172796309451, cost: 0.010201999999999989, freq_dirac: 0.391473
r1: 0.06951209406065509, r2: 0.2680097038672634, cost: 0.002906999999999993, freq_dirac: 0.383259
r1: 0.08368561866454333, r2: 0.2730318928962085, cost: 0.006510000000000016, freq_dirac: 0.384731
r1: 0.06956526342418737, r2: 0.278421326627462, cost: 0.0014620000000000188, freq_dirac: 0.385434
r1: 0.0674012625921418, r2: 0.2917707646037516, cost: 0.0013159999999999838, freq_dirac: 0.388659
r1: 0.05860431740928312, r2: 0.3243005240364986, cost: 0.010554999999999981, freq_dirac: 0.399377
r1: 0.09699580740949079, r2: 0.2818233284027025, cost: 0.009669000000000039, freq_dirac: 0.387371
r1: 0.08751445432523194, r2: 0.3105469755065592, cost: 0.0016249999999999876, freq_dirac: 0.395159
r1: 0.12130587127832311, r2: 0.38470599873925304, cost: 0.002878999999999965, freq_dirac: 0.442649
r1: 0.12275554178602498, r2: 0.37433519129009074, cost: 0.0010669999999999846, freq_dirac: 0.433661
r1: 0.10776101309051439, r2: 0.35777991372350815, cost: 0.0015069999999999806, freq_dirac: 0.419496
r1: 0.09460103599429212, r2: 0.3214395936380674, cost: 0.0019529999999999825, freq_dirac: 0.399651
r1: 0.0682131698175279, r2: 0.28711397917737136, cost: 0.00029399999999996096, freq_dirac: 0.387464
r1: 0.07599159859461248, r2: 0.2961846746418516, cost: 0.0005020000000000024, freq_dirac: 0.390135
r1: 0.07147838995388459, r2: 0.2577966992603327, cost: 0.004740000000000022, freq_dirac: 0.381474
r1: 0.0905269627022343, r2: 0.32144092947678216, cost: 0.00046400000000001995, freq_dirac: 0.3994
r1: 0.07449220878065398, r2: 0.22825570503065004, cost: 0.008404000000000023, freq_dirac: 0.377614
r1: 0.07853319639832995, r2: 0.28475771289761276, cost: 0.003192000000000028, freq_dirac: 0.387192
r1: 0.06949508135684515, r2: 0.2774954110083111, cost: 0.001578999999999997, freq_dirac: 0.385225
r1: 0.09891481271127284, r2: 0.2859263216829374, cost: 0.009747000000000006, freq_dirac: 0.388499
r1: 0.0749473454893451, r2: 0.29571480000730344, cost: 0.000260000000000038, freq_dirac: 0.389966
r1: 0.07226971065138954, r2: 0.28489694822496425, cost: 0.0012590000000000101, freq_dirac: 0.387024
r1: 0.0864330844037196, r2: 0.3078951565723418, cost: 0.0017699999999999938, freq_dirac: 0.394201
r1: 0.09329139136624255, r2: 0.32701761318950295, cost: 0.00025399999999997647, freq_dirac: 0.401883
r1: 0.08611176211084251, r2: 0.3154742432570806, cost: 0.000154000000000043, freq_dirac: 0.396852
r1: 0.11309973270334166, r2: 0.3186212885206915, cost: 0.00959099999999996, freq_dirac: 0.400057
r1: 0.1309502399912041, r2: 0.2962664223505388, cost: 0.02004800000000001, freq_dirac: 0.394417
r1: 0.06951209406065509, r2: 0.37576462318402964, cost: 0.023235000000000006, freq_dirac: 0.429857
r1: 0.1272429384552052, r2: 0.39040339723914297, cost: 0.0013669999999999516, freq_dirac: 0.449413
r1: 0.12936647819084401, r2: 0.3815060695124362, cost: 0.0025560000000000027, freq_dirac: 0.44106
r1: 0.12168972545380016, r2: 0.3887198555873683, cost: 0.003987000000000018, freq_dirac: 0.446676
r1: 0.07853760901398563, r2: 0.3076765833512236, cost: 0.0008279999999999954, freq_dirac: 0.393777
r1: 0.05053473539371408, r2: 0.24381451503460827, cost: 0.0008429999999999827, freq_dirac: 0.379025
r1: 0.10720977828835158, r2: 0.33203748339742895, cost: 0.0045540000000000025, freq_dirac: 0.405235
r1: 0.0650769522194327, r2: 0.2718820563754836, cost: 0.0011329999999999951, freq_dirac: 0.383929
r1: 0.10857482774063609, r2: 0.3460017233207585, cost: 0.0019100000000000228, freq_dirac: 0.412491
r1: 0.0814415370238047, r2: 0.2188107963853557, cost: 0.011028999999999956, freq_dirac: 0.376923
r1: 0.06604808605132373, r2: 0.20948994897185302, cost: 0.007346999999999992, freq_dirac: 0.37576
r1: 0.06263126749824752, r2: 0.322517347010246, cost: 0.008973000000000009, freq_dirac: 0.398736
r1: 0.087331286158814, r2: 0.3111375751602116, cost: 0.0014460000000000028, freq_dirac: 0.395356
r1: 0.12657203023297312, r2: 0.3709055862955942, cost: 0.0039839999999999876, freq_dirac: 0.431487
r1: 0.0814415370238047, r2: 0.27978495175389745, cost: 0.004854999999999998, freq_dirac: 0.386122
r1: 0.13956363789767784, r2: 0.3992646564165466, cost: 0.003612000000000004, freq_dirac: 0.46212
r1: 0.10930316926288293, r2: 0.3195553952069183, cost: 0.007923999999999987, freq_dirac: 0.400061
r1: 0.08229538083573402, r2: 0.3068127079411478, cost: 0.0005850000000000022, freq_dirac: 0.39365
r1: 0.13550079079557573, r2: 0.30307474069947404, cost: 0.020967000000000013, freq_dirac: 0.397174
r1: 0.12386927139437863, r2: 0.32701761318950295, cost: 0.012442999999999982, freq_dirac: 0.404789
r1: 0.10097770272318352, r2: 0.33871915804390823, cost: 0.0005189999999999917, freq_dirac: 0.407915
r1: 0.08874548014237794, r2: 0.3056824708475407, cost: 0.0029799999999999827, freq_dirac: 0.39359
r1: 0.07770269503250765, r2: 0.39679347830680883, cost: 0.02940100000000001, freq_dirac: 0.450273
r1: 0.0770963043628726, r2: 0.335266371176064, cost: 0.007529999999999981, freq_dirac: 0.404764
r1: 0.0857647690640103, r2: 0.3046268784153385, cost: 0.002161000000000024, freq_dirac: 0.393095
r1: 0.11016762864164947, r2: 0.3214395936380674, cost: 0.007900000000000018, freq_dirac: 0.400896
r1: 0.06716411212080856, r2: 0.2775085304236466, cost: 0.0009089999999999931, freq_dirac: 0.385173
r1: 0.07694355918873987, r2: 0.3064399044929784, cost: 0.0011010000000000186, freq_dirac: 0.393309
r1: 0.08318112359526464, r2: 0.2809028391311682, cost: 0.005241999999999969, freq_dirac: 0.386448
r1: 0.09359989400316973, r2: 0.3272057481644978, cost: 0.0003270000000000217, freq_dirac: 0.401984
r1: 0.11630653854650627, r2: 0.28711397917737136, cost: 0.01575500000000002, freq_dirac: 0.390207
r1: 0.1026749276015129, r2: 0.34118296730230674, cost: 0.0006079999999999974, freq_dirac: 0.409323
r1: 0.0674619916737437, r2: 0.30896411289374254, cost: 0.004545000000000021, freq_dirac: 0.393853
r1: 0.13900372158659113, r2: 0.278421326627462, cost: 0.025019000000000013, freq_dirac: 0.390706
r1: 0.1070522309960531, r2: 0.24385786976854673, cost: 0.017084000000000044, freq_dirac: 0.381041
r1: 0.08398231942068826, r2: 0.3130500108328148, cost: 8.40000000000285e-05, freq_dirac: 0.395863
r1: 0.09999458324320709, r2: 0.3154742432570806, cost: 0.005154000000000047, freq_dirac: 0.397713
r1: 0.09342400599191167, r2: 0.3180280395322408, cost: 0.0022319999999999562, freq_dirac: 0.398236
r1: 0.07330533274870665, r2: 0.2201512841592403, cost: 0.008647999999999989, freq_dirac: 0.376796
r1: 0.09060293800550853, r2: 0.3204094172112705, cost: 0.0007139999999999924, freq_dirac: 0.398995
r1: 0.11494484647168754, r2: 0.29266717913146306, cost: 0.014500999999999986, freq_dirac: 0.391575
r1: 0.12313031264638344, r2: 0.2375208785989304, cost: 0.022602999999999984, freq_dirac: 0.381551
r1: 0.14684201582734263, r2: 0.24879141228351326, cost: 0.02955399999999997, freq_dirac: 0.385972
r1: 0.07234162814498746, r2: 0.29278862080016155, cost: 2.6999999999999247e-05, freq_dirac: 0.389068
r1: 0.0928419275207784, r2: 0.3921110192343994, cost: 0.020269999999999955, freq_dirac: 0.44641
r1: 0.08923128909580261, r2: 0.3201538425662124, cost: 0.00027599999999999847, freq_dirac: 0.398815
r1: 0.08305551592427732, r2: 0.30760026517614003, cost: 0.0006869999999999932, freq_dirac: 0.393943
r1: 0.07965071151558126, r2: 0.30574838063574117, cost: 9.00000000000345e-05, freq_dirac: 0.393185
r1: 0.10971827905748552, r2: 0.35748973135563367, cost: 0.0005519999999999969, freq_dirac: 0.41952
r1: 0.06956450704822098, r2: 0.2729890200751942, cost: 0.002246999999999999, freq_dirac: 0.384259
r1: 0.1257610132795713, r2: 0.38103109420032555, cost: 0.0007039999999999824, freq_dirac: 0.439972
r1: 0.07464395071686253, r2: 0.29710141489704744, cost: 8.099999999999774e-05, freq_dirac: 0.390353
r1: 0.08787594282287953, r2: 0.3079427272584264, cost: 0.0022549999999999515, freq_dirac: 0.394291
r1: 0.09175363883108333, r2: 0.32464362653537204, cost: 0.00021199999999998997, freq_dirac: 0.40078
r1: 0.09180079773723698, r2: 0.23789445579400104, cost: 0.012762999999999969, freq_dirac: 0.379355
r1: 0.11290553710969471, r2: 0.3642788146800991, cost: 0.0009649999999999936, freq_dirac: 0.424521
r1: 0.0695470972219071, r2: 0.2838718884262205, cost: 0.0006170000000000342, freq_dirac: 0.386699
r1: 0.09539913470554717, r2: 0.32658735697750874, cost: 0.0011380000000000279, freq_dirac: 0.401837
r1: 0.0928604136620348, r2: 0.3230303240120784, cost: 0.0009689999999999976, freq_dirac: 0.400182
r1: 0.12168972545380016, r2: 0.29931800483479304, cost: 0.01608499999999996, freq_dirac: 0.394228
r1: 0.07740017576526059, r2: 0.3108858904482924, cost: 0.001839000000000035, freq_dirac: 0.394826
r1: 0.08177938513957705, r2: 0.30803961730205004, cost: 0.00017400000000000748, freq_dirac: 0.394035
r1: 0.08223148326505389, r2: 0.3072680878483882, cost: 0.00047599999999997644, freq_dirac: 0.393798
r1: 0.08008761701373104, r2: 0.3078929245353854, cost: 0.0003630000000000022, freq_dirac: 0.39391
r1: 0.13838446087378686, r2: 0.38521258808388015, cost: 0.006816000000000044, freq_dirac: 0.446404
r1: 0.07639053023601855, r2: 0.3154742432570806, cost: 0.003120999999999985, freq_dirac: 0.396429
r1: 0.10130732164535498, r2: 0.23489334049297622, cost: 0.01593300000000003, freq_dirac: 0.379515
r1: 0.06073338712859456, r2: 0.26993307574012265, cost: 0.00023000000000000798, freq_dirac: 0.383454
r1: 0.11171801075941294, r2: 0.3636096075121639, cost: 0.0013290000000000246, freq_dirac: 0.4239
r1: 0.08381726971934782, r2: 0.31084509980931985, cost: 0.00030400000000002647, freq_dirac: 0.395079
r1: 0.08118753203974854, r2: 0.309641427905624, cost: 0.0003429999999999822, freq_dirac: 0.394547
r1: 0.08278223160249042, r2: 0.31030862766592315, cost: 6.0000000000004494e-05, freq_dirac: 0.394847
r1: 0.12386407258313231, r2: 0.3716951141542048, cost: 0.002377000000000018, freq_dirac: 0.43168
r1: 0.08229538083573402, r2: 0.290171812662216, cost: 0.0035279999999999756, freq_dirac: 0.388717
r1: 0.09365576428067185, r2: 0.33074123428967306, cost: 0.00045199999999995244, freq_dirac: 0.403549
r1: 0.05496204960026217, r2: 0.3180988889718577, cost: 0.010072000000000025, freq_dirac: 0.396867
r1: 0.07234162814498746, r2: 0.33584154327161525, cost: 0.009277999999999953, freq_dirac: 0.404857
r1: 0.12422036181971925, r2: 0.3835276079560959, cost: 0.0009019999999999584, freq_dirac: 0.442014
r1: 0.0925130029715115, r2: 0.3306661123945519, cost: 0.0008649999999999491, freq_dirac: 0.403441
r1: 0.07986556423162693, r2: 0.30803961730205004, cost: 0.0004649999999999932, freq_dirac: 0.39395
r1: 0.08272135959206917, r2: 0.30808035895464364, cost: 0.0004810000000000092, freq_dirac: 0.394089
r1: 0.07112583080104354, r2: 0.2854217276134084, cost: 0.0008360000000000034, freq_dirac: 0.38712
r1: 0.08813963977684935, r2: 0.3181425591723875, cost: 0.0003130000000000077, freq_dirac: 0.39797
r1: 0.06362728626455377, r2: 0.27684858795764156, cost: 1.8999999999991246e-05, freq_dirac: 0.384952
r1: 0.0978155270525052, r2: 0.3079427272584264, cost: 0.005769999999999997, freq_dirac: 0.394881
r1: 0.12241691183763019, r2: 0.372653036583074, cost: 0.0013680000000000359, freq_dirac: 0.43223
r1: 0.07464395071686253, r2: 0.34806636957317366, cost: 0.011894999999999989, freq_dirac: 0.411284
r1: 0.14684846606874027, r2: 0.3746817446859582, cost: 0.014359999999999984, freq_dirac: 0.43861
r1: 0.09175363883108333, r2: 0.3657803888673443, cost: 0.010831000000000035, freq_dirac: 0.423504
r1: 0.14618714690842588, r2: 0.26652772109752193, cost: 0.028467999999999993, freq_dirac: 0.389102
r1: 0.05762487765395964, r2: 0.2570419135457934, cost: 0.0010880000000000334, freq_dirac: 0.381073
r1: 0.08264922116451706, r2: 0.30951751286914825, cost: 0.00017200000000000548, freq_dirac: 0.394569
r1: 0.14999184425598963, r2: 0.24241538332568072, cost: 0.030706999999999984, freq_dirac: 0.385443
r1: 0.1300210067143177, r2: 0.3961307244799852, cost: 0.0015880000000000338, freq_dirac: 0.456256
r1: 0.11772208579345517, r2: 0.37147558098826466, cost: 0.0006990000000000052, freq_dirac: 0.430572
r1: 0.09359989400316973, r2: 0.32110727840865744, cost: 0.001654999999999962, freq_dirac: 0.399454
r1: 0.09909107200371876, r2: 0.33872125423817767, cost: 0.00023300000000003873, freq_dirac: 0.407758
r1: 0.06287583074266706, r2: 0.27375309325718794, cost: 0.0002650000000000152, freq_dirac: 0.384272
r1: 0.08852081103998098, r2: 0.3208682870599612, cost: 0.00013900000000000023, freq_dirac: 0.399049
r1: 0.07252383620552057, r2: 0.3130500108328148, cost: 0.003842000000000012, freq_dirac: 0.395417
r1: 0.08611176211084251, r2: 0.3679081613235312, cost: 0.013869999999999993, freq_dirac: 0.42465
r1: 0.09658513523193595, r2: 0.3338270724373578, cost: 4.999999999999449e-05, freq_dirac: 0.405179
r1: 0.0695470972219071, r2: 0.29817685292083673, cost: 0.001823000000000019, freq_dirac: 0.390513
r1: 0.10457905101299307, r2: 0.3587800916353135, cost: 0.0031919999999999726, freq_dirac: 0.419823
r1: 0.09361440833870414, r2: 0.33024219210116085, cost: 0.0003529999999999922, freq_dirac: 0.403322
r1: 0.09246838004287461, r2: 0.324175266387255, cost: 0.0005769999999999942, freq_dirac: 0.400629
r1: 0.06073338712859456, r2: 0.27594068769765895, cost: 0.0006300000000000194, freq_dirac: 0.384698
r1: 0.12168972545380016, r2: 0.3545454685938419, cost: 0.00568200000000002, freq_dirac: 0.419139
r1: 0.050771498175715926, r2: 0.29278862080016155, cost: 0.005927000000000016, freq_dirac: 0.388648
r1: 0.11548785057420985, r2: 0.36363854969527537, cost: 0.0004369999999999652, freq_dirac: 0.424407
r1: 0.09658513523193595, r2: 0.30355345137561157, cost: 0.006113000000000035, freq_dirac: 0.393358
r1: 0.11619862847279872, r2: 0.3646927639703033, cost: 0.0004830000000000112, freq_dirac: 0.425254
r1: 0.08381726971934782, r2: 0.33545869668637546, cost: 0.005211000000000021, freq_dirac: 0.405163
r1: 0.09825267475609185, r2: 0.338688709817642, cost: 0.0005560000000000009, freq_dirac: 0.407675
r1: 0.09039449558282973, r2: 0.3213941172519897, cost: 0.0004270000000000107, freq_dirac: 0.399373
r1: 0.06073338712859456, r2: 0.25010781911403424, cost: 0.002668999999999977, freq_dirac: 0.380042
r1: 0.07965071151558126, r2: 0.34820514472755654, cost: 0.010153000000000023, freq_dirac: 0.411581
r1: 0.06495926849980897, r2: 0.2767562099160113, cost: 0.00039999999999995595, freq_dirac: 0.384959
r1: 0.08398231942068826, r2: 0.22903519359229124, cost: 0.011087000000000014, freq_dirac: 0.378004
r1: 0.09627640480103453, r2: 0.329835337875542, cost: 0.0007530000000000037, freq_dirac: 0.403326
r1: 0.07236702426024152, r2: 0.29228472250967413, cost: 7.399999999996298e-05, freq_dirac: 0.388936
r1: 0.08209490802430067, r2: 0.30826111871122513, cost: 0.00023499999999998522, freq_dirac: 0.394122
r1: 0.062487402891598785, r2: 0.26984744655955756, cost: 0.0007080000000000419, freq_dirac: 0.383469
r1: 0.05926798386320231, r2: 0.33438068690625083, cost: 0.012951000000000046, freq_dirac: 0.403811
r1: 0.08895836218569356, r2: 0.3029605271163581, cost: 0.0035479999999999956, freq_dirac: 0.392726
r1: 0.07797078965158508, r2: 0.30104141456745953, cost: 0.00025399999999997647, freq_dirac: 0.39164
r1: 0.0676695872136017, r2: 0.2807619605874587, cost: 0.0005609999999999782, freq_dirac: 0.38592
r1: 0.09076263311524886, r2: 0.32543411357189195, cost: 0.00032799999999999496, freq_dirac: 0.401049
r1: 0.11975901529769101, r2: 0.3272057481644978, cost: 0.01067499999999999, freq_dirac: 0.404368
r1: 0.09384597549548429, r2: 0.32961044942706796, cost: 0.00012199999999995548, freq_dirac: 0.403054
r1: 0.08923128909580261, r2: 0.3183391915671639, cost: 0.0006579999999999919, freq_dirac: 0.398107
r1: 0.09006008715291364, r2: 0.32354606916554285, cost: 0.00016800000000000148, freq_dirac: 0.400221
r1: 0.09676941458599907, r2: 0.3317459763035256, cost: 0.0005129999999999857, freq_dirac: 0.404231
r1: 0.05090069444242543, r2: 0.25348226293837456, cost: 0.00012299999999998423, freq_dirac: 0.380423
r1: 0.06170017336562121, r2: 0.324175266387255, cost: 0.009641999999999984, freq_dirac: 0.399389
r1: 0.11020436421036968, r2: 0.3566703574785825, cost: 0.00011400000000000299, freq_dirac: 0.419045
r1: 0.07058647932180238, r2: 0.28727706450146695, cost: 0.0003769999999999607, freq_dirac: 0.387569
r1: 0.07750360799779686, r2: 0.299238183872643, cost: 0.0004330000000000167, freq_dirac: 0.391079
r1: 0.06258538620622622, r2: 0.27044171199382233, cost: 0.0006530000000000147, freq_dirac: 0.383589
r1: 0.0732155530401111, r2: 0.2952551763096592, cost: 0.00019099999999999673, freq_dirac: 0.38978
r1: 0.08600311078706516, r2: 0.3173663303932228, cost: 0.00027800000000000047, freq_dirac: 0.397554
r1: 0.1004880572047378, r2: 0.3371082820054068, cost: 0.0007060000000000399, freq_dirac: 0.407071
r1: 0.0819326386494336, r2: 0.30732709239912415, cost: 0.0003650000000000042, freq_dirac: 0.393805
r1: 0.0801810987542774, r2: 0.3054754239609074, cost: 0.00014399999999997748, freq_dirac: 0.393125
r1: 0.07269007394816851, r2: 0.3079427272584264, cost: 0.0027409999999999934, freq_dirac: 0.39366
r1: 0.09306584268197833, r2: 0.3260319882786723, cost: 0.00039000000000000146, freq_dirac: 0.401447
r1: 0.05926798386320231, r2: 0.3354826921806171, cost: 0.01324900000000001, freq_dirac: 0.404331
r1: 0.0560090764194595, r2: 0.260374464196385, cost: 0.0002789999999999737, freq_dirac: 0.381611
r1: 0.07540685024863428, r2: 0.2940621498136803, cost: 0.0006950000000000012, freq_dirac: 0.38952
r1: 0.10437590362924487, r2: 0.25046084064333723, cost: 0.015676999999999996, freq_dirac: 0.381811
r1: 0.1269293289180605, r2: 0.38688438001610753, cost: 0.0004230000000000067, freq_dirac: 0.445752
r1: 0.12199546798667074, r2: 0.3764065772352324, cost: 6.300000000003525e-05, freq_dirac: 0.435282
r1: 0.060260153922054326, r2: 0.26790459489372803, cost: 0.0003830000000000222, freq_dirac: 0.38305
r1: 0.08923128909580261, r2: 0.22341303442671184, cost: 0.013014999999999999, freq_dirac: 0.377654
r1: 0.1405675649432848, r2: 0.28810802949628367, cost: 0.02467600000000003, freq_dirac: 0.393407
r1: 0.10586085186800794, r2: 0.3512196070423153, cost: 0.0005890000000000062, freq_dirac: 0.415216
r1: 0.10192037898192163, r2: 0.24518716735237456, cost: 0.015341999999999967, freq_dirac: 0.38088
r1: 0.09470378761217392, r2: 0.33160540369695735, cost: 0.000254000000000032, freq_dirac: 0.404013
r1: 0.05269685258213319, r2: 0.2592010674859859, cost: 0.00038399999999999546, freq_dirac: 0.381368
r1: 0.08707899413860959, r2: 0.3160197051106103, cost: 0.00037799999999998946, freq_dirac: 0.397107
r1: 0.07554067711378312, r2: 0.30808035895464364, cost: 0.0018730000000000135, freq_dirac: 0.393802
r1: 0.09897244420933177, r2: 0.33432949507660475, cost: 0.0007699999999999929, freq_dirac: 0.405606
r1: 0.09332988607012549, r2: 0.3268108235486575, cost: 0.0003150000000000097, freq_dirac: 0.401796
r1: 0.09361440833870414, r2: 0.23501898017858042, cost: 0.013544999999999974, freq_dirac: 0.379098
r1: 0.08896996548687974, r2: 0.3207367259098703, cost: 5.8000000000002494e-05, freq_dirac: 0.39903
r1: 0.06791482719244726, r2: 0.324175266387255, cost: 0.007776000000000005, freq_dirac: 0.39954
r1: 0.07751787375455613, r2: 0.30202762944788447, cost: 7.40000000000185e-05, freq_dirac: 0.391926
r1: 0.0797156698772283, r2: 0.3041458298463581, cost: 0.00024200000000001998, freq_dirac: 0.392678
r1: 0.11020436421036968, r2: 0.3297349213840339, cost: 0.006249999999999978, freq_dirac: 0.404457
r1: 0.09978085543241205, r2: 0.33645178718258395, cost: 0.0005830000000000002, freq_dirac: 0.40669
r1: 0.10637393818664236, r2: 0.30574838063574117, cost: 0.009294999999999998, freq_dirac: 0.394798
r1: 0.0943820234703682, r2: 0.3312343532474632, cost: 0.00029200000000001447, freq_dirac: 0.403822
r1: 0.06362728626455377, r2: 0.31113979246580004, cost: 0.0061269999999999936, freq_dirac: 0.394507
r1: 0.058881261771846306, r2: 0.271272022487627, cost: 0.00044199999999999795, freq_dirac: 0.383689
r1: 0.058143750256511535, r2: 0.2657197652667084, cost: 0.00013099999999999223, freq_dirac: 0.382604
r1: 0.06536645159066992, r2: 0.2797894979180083, cost: 6.0000000000004494e-05, freq_dirac: 0.385647
r1: 0.08862246733616133, r2: 0.32212400473684694, cost: 0.00037399999999998546, freq_dirac: 0.399558
r1: 0.06535638218196531, r2: 0.2798138159340947, cost: 5.299999999996974e-05, freq_dirac: 0.385652
r1: 0.08258569730196832, r2: 0.3077966187384017, cost: 0.0004909999999999637, freq_dirac: 0.393988
r1: 0.09791803163510078, r2: 0.2073254042607076, cost: 0.016378999999999977, freq_dirac: 0.376729
r1: 0.08351683367310934, r2: 0.3150094876383487, cost: 0.0006419999999999759, freq_dirac: 0.396553
r1: 0.1202805138044617, r2: 0.375382989834089, cost: 0.0005489999999999662, freq_dirac: 0.434128
r1: 0.1072942054800522, r2: 0.34960372210694224, cost: 0.0004549999999999832, freq_dirac: 0.414416
r1: 0.07405322861710563, r2: 0.29428457238261835, cost: 0.00023800000000001598, freq_dirac: 0.389538
r1: 0.08701975830211064, r2: 0.32111397077025355, cost: 0.0007220000000000004, freq_dirac: 0.399064
r1: 0.05986259680770816, r2: 0.2697444498567457, cost: 2.6999999999999247e-05, freq_dirac: 0.383402
r1: 0.08038265760016705, r2: 0.2952551763096592, cost: 0.002059000000000033, freq_dirac: 0.390032
r1: 0.07956216594753585, r2: 0.24888614749529536, cost: 0.008064000000000016, freq_dirac: 0.380327
r1: 0.11405982331264669, r2: 0.36403801148550013, cost: 0.00035799999999996945, freq_dirac: 0.424495
r1: 0.07344507426326863, r2: 0.33160540369695735, cost: 0.007825000000000026, freq_dirac: 0.402923
r1: 0.059813536884207326, r2: 0.27017917559631816, cost: 4.700000000001925e-05, freq_dirac: 0.383486
r1: 0.11143426815915682, r2: 0.3602871969122339, cost: 0.0005310000000000037, freq_dirac: 0.421568
r1: 0.10538150566703866, r2: 0.3475600791771916, cost: 0.00016599999999999948, freq_dirac: 0.413055
r1: 0.08398231942068826, r2: 0.31676057701306665, cost: 0.0008480000000000154, freq_dirac: 0.397225
r1: 0.06352412877531127, r2: 0.3272057481644978, cost: 0.009846000000000021, freq_dirac: 0.400699
r1: 0.07244022708115333, r2: 0.2928886510946497, cost: 1.4999999999987246e-05, freq_dirac: 0.3891
r1: 0.08113799858009017, r2: 0.30652162753999534, cost: 0.00025799999999998047, freq_dirac: 0.393506
r1: 0.08617029358003694, r2: 0.31084509980931985, cost: 0.0011039999999999939, freq_dirac: 0.395193
r1: 0.07625044184773846, r2: 0.2995879783989617, cost: 2.9000000000001247e-05, freq_dirac: 0.391138
r1: 0.08464365751956132, r2: 0.3127527575134399, cost: 0.00020300000000000873, freq_dirac: 0.39579
r1: 0.08264922116451706, r2: 0.2912395000724977, cost: 0.003469999999999973, freq_dirac: 0.389017
r1: 0.12324292445171982, r2: 0.3201538425662124, cost: 0.013408000000000031, freq_dirac: 0.401802
r1: 0.11003495031765244, r2: 0.3529052497908144, cost: 0.0007999999999999674, freq_dirac: 0.416672
r1: 0.07186315147173919, r2: 0.2911861560356292, cost: 0.00010799999999999699, freq_dirac: 0.388625
r1: 0.08898428517679469, r2: 0.3234754219297388, cost: 0.0005399999999999849, freq_dirac: 0.40013
r1: 0.06100348447795133, r2: 0.3214395936380674, cost: 0.00918800000000003, freq_dirac: 0.39827
r1: 0.06536645159066992, r2: 0.313677824074117, cost: 0.0061610000000000276, freq_dirac: 0.395442
r1: 0.06680130479001345, r2: 0.2802875468439907, cost: 0.0003870000000000262, freq_dirac: 0.385792
r1: 0.08176457342347981, r2: 0.3064549682222026, cost: 0.00047800000000003395, freq_dirac: 0.39351
r1: 0.06535638218196531, r2: 0.2945130590121821, cost: 0.0023869999999999725, freq_dirac: 0.389363
r1: 0.08675589640793001, r2: 0.31030862766592315, cost: 0.0014109999999999956, freq_dirac: 0.395037
r1: 0.09961748183580206, r2: 0.2657197652667084, cost: 0.012583999999999984, freq_dirac: 0.384099
r1: 0.08326689612049859, r2: 0.30931710559248815, cost: 0.00041999999999997595, freq_dirac: 0.394528
r1: 0.07793882620046726, r2: 0.303641383090808, cost: 0.00024300000000004873, freq_dirac: 0.392445
r1: 0.08738745770443357, r2: 0.32041416180639115, cost: 0.0004410000000000247, freq_dirac: 0.398807
r1: 0.07442753648179515, r2: 0.29617300162228005, cost: 1.8999999999991246e-05, freq_dirac: 0.390079
r1: 0.09959467282675229, r2: 0.3130500108328148, cost: 0.005469000000000002, freq_dirac: 0.396793
r1: 0.12522464610354778, r2: 0.3831873130309411, cost: 0.00024400000000002198, freq_dirac: 0.441867
r1: 0.056769383082881174, r2: 0.26479759375519296, cost: 9.899999999996023e-05, freq_dirac: 0.382409
r1: 0.06683288620382444, r2: 0.2821558464714838, cost: 0.00010399999999999299, freq_dirac: 0.386224
r1: 0.07625044184773846, r2: 0.32945792921136413, cost: 0.006360000000000032, freq_dirac: 0.402069
r1: 0.06073338712859456, r2: 0.29452837686907385, cost: 0.00368099999999999, freq_dirac: 0.389273
r1: 0.09356507861080969, r2: 0.2952551763096592, cost: 0.006456000000000017, freq_dirac: 0.390672
r1: 0.08128698457449184, r2: 0.3054371143271031, cost: 0.0005140000000000144, freq_dirac: 0.393158
r1: 0.07101435044540155, r2: 0.2913488338820765, cost: 0.00017699999999998273, freq_dirac: 0.38864
r1: 0.10245327296143279, r2: 0.3439829204058461, cost: 0.00016800000000000148, freq_dirac: 0.410788
r1: 0.09128921701321413, r2: 0.3230178200967294, cost: 0.0003969999999999807, freq_dirac: 0.40008
r1: 0.08001059300410787, r2: 0.30808035895464364, cost: 0.00042599999999998195, freq_dirac: 0.39397
r1: 0.07198017355119095, r2: 0.29149508962152665, cost: 9.099999999995223e-05, freq_dirac: 0.388711
r1: 0.0661586487487949, r2: 0.2833878085569168, cost: 0.00028200000000000447, freq_dirac: 0.386501
r1: 0.08573042980007158, r2: 0.3378877198317812, cost: 0.005132999999999999, freq_dirac: 0.406448
r1: 0.10382154350964466, r2: 0.34674221372263836, cost: 0.00029600000000001847, freq_dirac: 0.412431
r1: 0.0726490498227792, r2: 0.29496155118581746, cost: 0.00031199999999997896, freq_dirac: 0.389679
r1: 0.08234734225652854, r2: 0.308454943238866, cost: 0.00028200000000000447, freq_dirac: 0.394198
r1: 0.08409982712427241, r2: 0.3117331675559962, cost: 0.00022300000000002873, freq_dirac: 0.395403
r1: 0.0575318027799318, r2: 0.26646858119404354, cost: 0.00012899999999999023, freq_dirac: 0.382731
r1: 0.08102892670475081, r2: 0.3043695736913027, cost: 0.0006309999999999927, freq_dirac: 0.392803
r1: 0.07244022708115333, r2: 0.2928886510946497, cost: 1.4999999999987246e-05, freq_dirac: 0.3891
r1: 0.07244023708115332, r2: 0.2928886510946497, cost: 1.4999999999987246e-05, freq_dirac: 0.3891
r1: 0.07244022708115333, r2: 0.29288866109464967, cost: 1.4999999999987246e-05, freq_dirac: 0.3891
