command-line param: r=0.35
init-params: initializing eigensolver data
Computing 8 bands with 1.000000e-07 tolerance.
Working in 2 dimensions.
Grid size is 64 x 64 x 1.
Solving for 8 bands at a time.
Creating Maxwell data...
Mesh size is 3.
Lattice vectors:
     (1, 0, 0)
     (0.5, 0.866025, 0)
     (0, 0, 1)
Cell volume = 0.866025
Reciprocal lattice vectors (/ 2 pi):
     (1, -0.57735, 0)
     (-0, 1.1547, -0)
     (0, -0, 1)
Geometric objects:
     block, center = (0,0,0)
          size (1e+20,1e+20,1e+20)
          axes (1,0,0), (0,1,0), (0,0,1)
          epsilon = 20, mu = 1
     cylinder, center = (0,0,0)
          radius 0.35, height 1e+20, axis (0, 0, 1)
          epsilon = 1, mu = 1
Geometric object tree has depth 1 and 10 object nodes (vs. 2 actual objects)
Initializing epsilon function...
Allocating fields...
12 k-points:
     (0,0,0)
     (0.00454545,0.00227273,0)
     (0.00909091,0.00454545,0)
     (0.0136364,0.00681818,0)
     (0.0181818,0.00909091,0)
     (0.0227273,0.0113636,0)
     (0.0272727,0.0136364,0)
     (0.0318182,0.0159091,0)
     (0.0363636,0.0181818,0)
     (0.0409091,0.0204545,0)
     (0.0454545,0.0227273,0)
     (0.05,0.025,0)
Solving for band polarization: te.
Initializing fields to random numbers...
elapsed time for initialization: 0 seconds.
epsilon: 1-20, mean 11.5568, harm. mean 2.18542, 58.0322% > 1, 55.5619% "fill"
Outputting prather_2D-epsilon...
solve_kpoint (0,0,0):
tefreqs:, k index, k1, k2, k3, kmag/2pi, te band 1, te band 2, te band 3, te band 4, te band 5, te band 6, te band 7, te band 8
Solving for bands 2 to 8...
    linmin: converged after 7 iterations.
    linmin: converged after 7 iterations.
    linmin: converged after 5 iterations.
    linmin: converged after 4 iterations.
    linmin: converged after 3 iterations.
    linmin: converged after 4 iterations.
    linmin: converged after 3 iterations.
    linmin: converged after 4 iterations.
    linmin: converged after 4 iterations.
    linmin: converged after 4 iterations.
    linmin: converged after 4 iterations.
    linmin: converged after 4 iterations.
    linmin: converged after 4 iterations.
    linmin: converged after 4 iterations.
    linmin: converged after 2 iterations.
    linmin: converged after 2 iterations.
    linmin: converged after 2 iterations.
    linmin: converged after 2 iterations.
    linmin: converged after 2 iterations.
    linmin: converged after 2 iterations.
    linmin: converged after 2 iterations.
Finished solving for bands 2 to 8 after 21 iterations.
tefreqs:, 1, 0, 0, 0, 0, 0, 0.319935, 0.377577, 0.387524, 0.38769, 0.487706, 0.487767, 0.536135
elapsed time for k point: 0 seconds.
Fixing e-field (band 1) phase by 1 + -0i; max ampl. = 0
Fixing e-field (band 2) phase by -0.840232 + -0.542228i; max ampl. = 0.578852
Fixing e-field (band 3) phase by -0.816069 + 0.577955i; max ampl. = 0.549898
Fixing e-field (band 4) phase by -0.447013 + -0.894528i; max ampl. = 0.89649
Fixing e-field (band 5) phase by 0.999114 + -0.0420923i; max ampl. = 0.857251
Fixing e-field (band 6) phase by 0.113294 + 0.993561i; max ampl. = 0.814939
Fixing e-field (band 7) phase by 0.999659 + 0.0260986i; max ampl. = 0.805408
Fixing e-field (band 8) phase by 0.387767 + 0.921757i; max ampl. = 0.612072
Outputting fields to prather_2D-e.v.k01.b01.z.te...
Outputting fields to prather_2D-e.v.k01.b02.z.te...
Outputting fields to prather_2D-e.v.k01.b03.z.te...
Outputting fields to prather_2D-e.v.k01.b04.z.te...
Outputting fields to prather_2D-e.v.k01.b05.z.te...
Outputting fields to prather_2D-e.v.k01.b06.z.te...
Outputting fields to prather_2D-e.v.k01.b07.z.te...
Outputting fields to prather_2D-e.v.k01.b08.z.te...
Outputting fields to prather_2D-h.v.k01.b01.y.te...
Outputting fields to prather_2D-h.v.k01.b02.y.te...
Outputting fields to prather_2D-h.v.k01.b03.y.te...
Outputting fields to prather_2D-h.v.k01.b04.y.te...
Outputting fields to prather_2D-h.v.k01.b05.y.te...
Outputting fields to prather_2D-h.v.k01.b06.y.te...
Outputting fields to prather_2D-h.v.k01.b07.y.te...
Outputting fields to prather_2D-h.v.k01.b08.y.te...
solve_kpoint (0.00454545,0.00227273,0):
Solving for bands 1 to 8...
    linmin: converged after 6 iterations.
    linmin: converged after 3 iterations.
    linmin: converged after 4 iterations.
    linmin: converged after 3 iterations.
    linmin: converged after 3 iterations.
    linmin: converged after 3 iterations.
    linmin: converged after 3 iterations.
Finished solving for bands 1 to 8 after 7 iterations.
tefreqs:, 2, 0.00454545, 0.00227273, 0, 0.00454545, 0.00155765, 0.319932, 0.377564, 0.387525, 0.38769, 0.487714, 0.487771, 0.536127
elapsed time for k point: 0 seconds.
Fixing e-field (band 1) phase by -1 + -1.75949e-06i; max ampl. = 0.743204
Fixing e-field (band 2) phase by 0.170292 + 0.985394i; max ampl. = 0.579044
Fixing e-field (band 3) phase by 0.000295043 + -1i; max ampl. = 0.55039
Fixing e-field (band 4) phase by 0.0314778 + 0.999504i; max ampl. = 0.897922
Fixing e-field (band 5) phase by 0.0155703 + 0.999879i; max ampl. = 0.851271
Fixing e-field (band 6) phase by 0.866601 + -0.499001i; max ampl. = 0.797321
Fixing e-field (band 7) phase by -0.835815 + 0.549011i; max ampl. = 0.784069
Fixing e-field (band 8) phase by 0.013139 + 0.999914i; max ampl. = 0.611823
Outputting fields to prather_2D-e.v.k02.b01.z.te...
Outputting fields to prather_2D-e.v.k02.b02.z.te...
Outputting fields to prather_2D-e.v.k02.b03.z.te...
Outputting fields to prather_2D-e.v.k02.b04.z.te...
Outputting fields to prather_2D-e.v.k02.b05.z.te...
Outputting fields to prather_2D-e.v.k02.b06.z.te...
Outputting fields to prather_2D-e.v.k02.b07.z.te...
Outputting fields to prather_2D-e.v.k02.b08.z.te...
Outputting fields to prather_2D-h.v.k02.b01.y.te...
Outputting fields to prather_2D-h.v.k02.b02.y.te...
Outputting fields to prather_2D-h.v.k02.b03.y.te...
Outputting fields to prather_2D-h.v.k02.b04.y.te...
Outputting fields to prather_2D-h.v.k02.b05.y.te...
Outputting fields to prather_2D-h.v.k02.b06.y.te...
Outputting fields to prather_2D-h.v.k02.b07.y.te...
Outputting fields to prather_2D-h.v.k02.b08.y.te...
solve_kpoint (0.00909091,0.00454545,0):
Solving for bands 1 to 8...
    linmin: converged after 3 iterations.
    linmin: converged after 3 iterations.
    linmin: converged after 3 iterations.
    linmin: converged after 3 iterations.
    linmin: converged after 3 iterations.
    linmin: converged after 3 iterations.
    linmin: converged after 3 iterations.
Finished solving for bands 1 to 8 after 7 iterations.
tefreqs:, 3, 0.00909091, 0.00454545, 0, 0.00909091, 0.00311515, 0.319922, 0.377527, 0.387531, 0.38769, 0.487733, 0.487787, 0.536102
elapsed time for k point: 0 seconds.
Fixing e-field (band 1) phase by 1 + 3.15728e-07i; max ampl. = 0.727735
Fixing e-field (band 2) phase by -0.777239 + 0.629206i; max ampl. = 0.578964
Fixing e-field (band 3) phase by -5.49886e-05 + -1i; max ampl. = 0.551888
Fixing e-field (band 4) phase by 0.00103638 + 0.999999i; max ampl. = 0.90371
Fixing e-field (band 5) phase by 0.00266513 + 0.999996i; max ampl. = 0.839163
Fixing e-field (band 6) phase by 0.999969 + -0.00793279i; max ampl. = 0.712023
Fixing e-field (band 7) phase by 0.999975 + -0.00700008i; max ampl. = 0.746278
Fixing e-field (band 8) phase by -0.00012905 + -1i; max ampl. = 0.611565
Outputting fields to prather_2D-e.v.k03.b01.z.te...
Outputting fields to prather_2D-e.v.k03.b02.z.te...
Outputting fields to prather_2D-e.v.k03.b03.z.te...
Outputting fields to prather_2D-e.v.k03.b04.z.te...
Outputting fields to prather_2D-e.v.k03.b05.z.te...
Outputting fields to prather_2D-e.v.k03.b06.z.te...
Outputting fields to prather_2D-e.v.k03.b07.z.te...
Outputting fields to prather_2D-e.v.k03.b08.z.te...
Outputting fields to prather_2D-h.v.k03.b01.y.te...
Outputting fields to prather_2D-h.v.k03.b02.y.te...
Outputting fields to prather_2D-h.v.k03.b03.y.te...
Outputting fields to prather_2D-h.v.k03.b04.y.te...
Outputting fields to prather_2D-h.v.k03.b05.y.te...
Outputting fields to prather_2D-h.v.k03.b06.y.te...
Outputting fields to prather_2D-h.v.k03.b07.y.te...
Outputting fields to prather_2D-h.v.k03.b08.y.te...
solve_kpoint (0.0136364,0.00681818,0):
Solving for bands 1 to 8...
    linmin: converged after 4 iterations.
    linmin: converged after 3 iterations.
    linmin: converged after 3 iterations.
    linmin: converged after 3 iterations.
    linmin: converged after 3 iterations.
    linmin: converged after 3 iterations.
    linmin: converged after 3 iterations.
Finished solving for bands 1 to 8 after 7 iterations.
tefreqs:, 4, 0.0136364, 0.00681818, 0, 0.0136364, 0.00467253, 0.319905, 0.377464, 0.387539, 0.387691, 0.487755, 0.487823, 0.536061
elapsed time for k point: 0 seconds.
Fixing e-field (band 1) phase by 1 + 2.83077e-09i; max ampl. = 0.718222
Fixing e-field (band 2) phase by 0.938112 + 0.346332i; max ampl. = 0.578997
Fixing e-field (band 3) phase by -0.000435534 + -1i; max ampl. = 0.554364
Fixing e-field (band 4) phase by -0.00171352 + -0.999999i; max ampl. = 0.910722
Fixing e-field (band 5) phase by -0.00096148 + -1i; max ampl. = 0.851386
Fixing e-field (band 6) phase by 1 + -0.000102999i; max ampl. = 0.792372
Fixing e-field (band 7) phase by 1 + 9.5957e-05i; max ampl. = 0.832039
Fixing e-field (band 8) phase by -2.08002e-05 + -1i; max ampl. = 0.611059
Outputting fields to prather_2D-e.v.k04.b01.z.te...
Outputting fields to prather_2D-e.v.k04.b02.z.te...
Outputting fields to prather_2D-e.v.k04.b03.z.te...
Outputting fields to prather_2D-e.v.k04.b04.z.te...
Outputting fields to prather_2D-e.v.k04.b05.z.te...
Outputting fields to prather_2D-e.v.k04.b06.z.te...
Outputting fields to prather_2D-e.v.k04.b07.z.te...
Outputting fields to prather_2D-e.v.k04.b08.z.te...
Outputting fields to prather_2D-h.v.k04.b01.y.te...
Outputting fields to prather_2D-h.v.k04.b02.y.te...
Outputting fields to prather_2D-h.v.k04.b03.y.te...
Outputting fields to prather_2D-h.v.k04.b04.y.te...
Outputting fields to prather_2D-h.v.k04.b05.y.te...
Outputting fields to prather_2D-h.v.k04.b06.y.te...
Outputting fields to prather_2D-h.v.k04.b07.y.te...
Outputting fields to prather_2D-h.v.k04.b08.y.te...
solve_kpoint (0.0181818,0.00909091,0):
Solving for bands 1 to 8...
    linmin: converged after 5 iterations.
    linmin: converged after 3 iterations.
    linmin: converged after 3 iterations.
    linmin: converged after 3 iterations.
    linmin: converged after 3 iterations.
    linmin: converged after 3 iterations.
    linmin: converged after 3 iterations.
Finished solving for bands 1 to 8 after 7 iterations.
tefreqs:, 5, 0.0181818, 0.00909091, 0, 0.0181818, 0.00622974, 0.319882, 0.377375, 0.387548, 0.387695, 0.487774, 0.487886, 0.536003
elapsed time for k point: 0 seconds.
Fixing e-field (band 1) phase by 1 + -2.02889e-08i; max ampl. = 0.71408
Fixing e-field (band 2) phase by -0.470139 + 0.882592i; max ampl. = 0.57896
Fixing e-field (band 3) phase by -8.4272e-05 + 1i; max ampl. = 0.557779
Fixing e-field (band 4) phase by 0.000294497 + -1i; max ampl. = 0.915196
Fixing e-field (band 5) phase by 0.0004959 + -1i; max ampl. = 0.863413
Fixing e-field (band 6) phase by 1 + 9.71205e-05i; max ampl. = 0.846915
Fixing e-field (band 7) phase by -1 + -8.02391e-06i; max ampl. = 0.843013
Fixing e-field (band 8) phase by 3.07893e-07 + -1i; max ampl. = 0.610305
Outputting fields to prather_2D-e.v.k05.b01.z.te...
Outputting fields to prather_2D-e.v.k05.b02.z.te...
Outputting fields to prather_2D-e.v.k05.b03.z.te...
Outputting fields to prather_2D-e.v.k05.b04.z.te...
Outputting fields to prather_2D-e.v.k05.b05.z.te...
Outputting fields to prather_2D-e.v.k05.b06.z.te...
Outputting fields to prather_2D-e.v.k05.b07.z.te...
Outputting fields to prather_2D-e.v.k05.b08.z.te...
Outputting fields to prather_2D-h.v.k05.b01.y.te...
Outputting fields to prather_2D-h.v.k05.b02.y.te...
Outputting fields to prather_2D-h.v.k05.b03.y.te...
Outputting fields to prather_2D-h.v.k05.b04.y.te...
Outputting fields to prather_2D-h.v.k05.b05.y.te...
Outputting fields to prather_2D-h.v.k05.b06.y.te...
Outputting fields to prather_2D-h.v.k05.b07.y.te...
Outputting fields to prather_2D-h.v.k05.b08.y.te...
solve_kpoint (0.0227273,0.0113636,0):
Solving for bands 1 to 8...
    linmin: converged after 5 iterations.
    linmin: converged after 3 iterations.
    linmin: converged after 3 iterations.
    linmin: converged after 3 iterations.
    linmin: converged after 3 iterations.
    linmin: converged after 3 iterations.
    linmin: converged after 3 iterations.
Finished solving for bands 1 to 8 after 7 iterations.
tefreqs:, 6, 0.0227273, 0.0113636, 0, 0.0227273, 0.00778675, 0.319852, 0.377261, 0.387557, 0.387704, 0.487792, 0.487971, 0.53593
elapsed time for k point: 0 seconds.
Fixing e-field (band 1) phase by 1 + 2.08992e-08i; max ampl. = 0.711633
Fixing e-field (band 2) phase by -0.926839 + -0.375459i; max ampl. = 0.578982
Fixing e-field (band 3) phase by -4.26369e-05 + -1i; max ampl. = 0.562068
Fixing e-field (band 4) phase by 0.000157441 + 1i; max ampl. = 0.909123
Fixing e-field (band 5) phase by -0.0002999 + -1i; max ampl. = 0.867592
Fixing e-field (band 6) phase by -1 + 8.30804e-05i; max ampl. = 0.864555
Fixing e-field (band 7) phase by -1 + 1.12325e-05i; max ampl. = 0.835564
Fixing e-field (band 8) phase by 2.27178e-07 + -1i; max ampl. = 0.609308
Outputting fields to prather_2D-e.v.k06.b01.z.te...
Outputting fields to prather_2D-e.v.k06.b02.z.te...
Outputting fields to prather_2D-e.v.k06.b03.z.te...
Outputting fields to prather_2D-e.v.k06.b04.z.te...
Outputting fields to prather_2D-e.v.k06.b05.z.te...
Outputting fields to prather_2D-e.v.k06.b06.z.te...
Outputting fields to prather_2D-e.v.k06.b07.z.te...
Outputting fields to prather_2D-e.v.k06.b08.z.te...
Outputting fields to prather_2D-h.v.k06.b01.y.te...
Outputting fields to prather_2D-h.v.k06.b02.y.te...
Outputting fields to prather_2D-h.v.k06.b03.y.te...
Outputting fields to prather_2D-h.v.k06.b04.y.te...
Outputting fields to prather_2D-h.v.k06.b05.y.te...
Outputting fields to prather_2D-h.v.k06.b06.y.te...
Outputting fields to prather_2D-h.v.k06.b07.y.te...
Outputting fields to prather_2D-h.v.k06.b08.y.te...
solve_kpoint (0.0272727,0.0136364,0):
Solving for bands 1 to 8...
    linmin: converged after 5 iterations.
    linmin: converged after 3 iterations.
    linmin: converged after 3 iterations.
    linmin: converged after 3 iterations.
    linmin: converged after 3 iterations.
    linmin: converged after 3 iterations.
    linmin: converged after 3 iterations.
Finished solving for bands 1 to 8 after 7 iterations.
tefreqs:, 7, 0.0272727, 0.0136364, 0, 0.0272727, 0.0093435, 0.319815, 0.377121, 0.387563, 0.387721, 0.487813, 0.488077, 0.535841
elapsed time for k point: 0 seconds.
Fixing e-field (band 1) phase by 1 + -2.05093e-08i; max ampl. = 0.709853
Fixing e-field (band 2) phase by 0.930959 + -0.365124i; max ampl. = 0.578979
Fixing e-field (band 3) phase by 2.16109e-05 + -1i; max ampl. = 0.567156
Fixing e-field (band 4) phase by 8.99646e-05 + -1i; max ampl. = 0.888443
Fixing e-field (band 5) phase by -0.000177086 + 1i; max ampl. = 0.856929
Fixing e-field (band 6) phase by -1 + -4.34151e-05i; max ampl. = 0.870579
Fixing e-field (band 7) phase by 1 + 6.49155e-06i; max ampl. = 0.828043
Fixing e-field (band 8) phase by -2.81734e-07 + -1i; max ampl. = 0.608066
Outputting fields to prather_2D-e.v.k07.b01.z.te...
Outputting fields to prather_2D-e.v.k07.b02.z.te...
Outputting fields to prather_2D-e.v.k07.b03.z.te...
Outputting fields to prather_2D-e.v.k07.b04.z.te...
Outputting fields to prather_2D-e.v.k07.b05.z.te...
Outputting fields to prather_2D-e.v.k07.b06.z.te...
Outputting fields to prather_2D-e.v.k07.b07.z.te...
Outputting fields to prather_2D-e.v.k07.b08.z.te...
Outputting fields to prather_2D-h.v.k07.b01.y.te...
Outputting fields to prather_2D-h.v.k07.b02.y.te...
Outputting fields to prather_2D-h.v.k07.b03.y.te...
Outputting fields to prather_2D-h.v.k07.b04.y.te...
Outputting fields to prather_2D-h.v.k07.b05.y.te...
Outputting fields to prather_2D-h.v.k07.b06.y.te...
Outputting fields to prather_2D-h.v.k07.b07.y.te...
Outputting fields to prather_2D-h.v.k07.b08.y.te...
solve_kpoint (0.0318182,0.0159091,0):
Solving for bands 1 to 8...
    linmin: converged after 4 iterations.
    linmin: converged after 3 iterations.
    linmin: converged after 3 iterations.
    linmin: converged after 3 iterations.
    linmin: converged after 3 iterations.
    linmin: converged after 2 iterations.
    linmin: converged after 3 iterations.
Finished solving for bands 1 to 8 after 7 iterations.
tefreqs:, 8, 0.0318182, 0.0159091, 0, 0.0318182, 0.0108999, 0.319771, 0.376955, 0.387564, 0.387748, 0.487837, 0.488202, 0.535736
elapsed time for k point: 0 seconds.
Fixing e-field (band 1) phase by 1 + 1.8744e-08i; max ampl. = 0.708631
Fixing e-field (band 2) phase by -0.980617 + -0.195934i; max ampl. = 0.579005
Fixing e-field (band 3) phase by -1.40684e-05 + -1i; max ampl. = 0.572952
Fixing e-field (band 4) phase by 6.54911e-05 + 1i; max ampl. = 0.871855
Fixing e-field (band 5) phase by -0.000141896 + -1i; max ampl. = 0.851365
Fixing e-field (band 6) phase by -1 + 3.11138e-05i; max ampl. = 0.872762
Fixing e-field (band 7) phase by 1 + -4.61735e-06i; max ampl. = 0.822102
Fixing e-field (band 8) phase by -2.61209e-07 + 1i; max ampl. = 0.606584
Outputting fields to prather_2D-e.v.k08.b01.z.te...
Outputting fields to prather_2D-e.v.k08.b02.z.te...
Outputting fields to prather_2D-e.v.k08.b03.z.te...
Outputting fields to prather_2D-e.v.k08.b04.z.te...
Outputting fields to prather_2D-e.v.k08.b05.z.te...
Outputting fields to prather_2D-e.v.k08.b06.z.te...
Outputting fields to prather_2D-e.v.k08.b07.z.te...
Outputting fields to prather_2D-e.v.k08.b08.z.te...
Outputting fields to prather_2D-h.v.k08.b01.y.te...
Outputting fields to prather_2D-h.v.k08.b02.y.te...
Outputting fields to prather_2D-h.v.k08.b03.y.te...
Outputting fields to prather_2D-h.v.k08.b04.y.te...
Outputting fields to prather_2D-h.v.k08.b05.y.te...
Outputting fields to prather_2D-h.v.k08.b06.y.te...
Outputting fields to prather_2D-h.v.k08.b07.y.te...
Outputting fields to prather_2D-h.v.k08.b08.y.te...
solve_kpoint (0.0363636,0.0181818,0):
Solving for bands 1 to 8...
    linmin: converged after 4 iterations.
    linmin: converged after 3 iterations.
    linmin: converged after 3 iterations.
    linmin: converged after 3 iterations.
    linmin: converged after 3 iterations.
    linmin: converged after 2 iterations.
    linmin: converged after 3 iterations.
Finished solving for bands 1 to 8 after 7 iterations.
tefreqs:, 9, 0.0363636, 0.0181818, 0, 0.0363636, 0.012456, 0.319721, 0.376763, 0.387562, 0.387784, 0.487864, 0.488345, 0.535616
elapsed time for k point: 0 seconds.
Fixing e-field (band 1) phase by 1 + -1.67971e-08i; max ampl. = 0.707617
Fixing e-field (band 2) phase by 0.993399 + -0.114708i; max ampl. = 0.579025
Fixing e-field (band 3) phase by 6.78385e-06 + -1i; max ampl. = 0.579361
Fixing e-field (band 4) phase by 3.54505e-05 + -1i; max ampl. = 0.90676
Fixing e-field (band 5) phase by -8.56076e-05 + 1i; max ampl. = 0.872113
Fixing e-field (band 6) phase by -1 + -8.0899e-06i; max ampl. = 0.873438
Fixing e-field (band 7) phase by 1 + 2.30538e-06i; max ampl. = 0.817498
Fixing e-field (band 8) phase by -2.08822e-07 + -1i; max ampl. = 0.604864
Outputting fields to prather_2D-e.v.k09.b01.z.te...
Outputting fields to prather_2D-e.v.k09.b02.z.te...
Outputting fields to prather_2D-e.v.k09.b03.z.te...
Outputting fields to prather_2D-e.v.k09.b04.z.te...
Outputting fields to prather_2D-e.v.k09.b05.z.te...
Outputting fields to prather_2D-e.v.k09.b06.z.te...
Outputting fields to prather_2D-e.v.k09.b07.z.te...
Outputting fields to prather_2D-e.v.k09.b08.z.te...
Outputting fields to prather_2D-h.v.k09.b01.y.te...
Outputting fields to prather_2D-h.v.k09.b02.y.te...
Outputting fields to prather_2D-h.v.k09.b03.y.te...
Outputting fields to prather_2D-h.v.k09.b04.y.te...
Outputting fields to prather_2D-h.v.k09.b05.y.te...
Outputting fields to prather_2D-h.v.k09.b06.y.te...
Outputting fields to prather_2D-h.v.k09.b07.y.te...
Outputting fields to prather_2D-h.v.k09.b08.y.te...
solve_kpoint (0.0409091,0.0204545,0):
Solving for bands 1 to 8...
    linmin: converged after 4 iterations.
    linmin: converged after 3 iterations.
    linmin: converged after 3 iterations.
    linmin: converged after 3 iterations.
    linmin: converged after 2 iterations.
    linmin: converged after 2 iterations.
    linmin: converged after 3 iterations.
Finished solving for bands 1 to 8 after 7 iterations.
tefreqs:, 10, 0.0409091, 0.0204545, 0, 0.0409091, 0.0140116, 0.319664, 0.376544, 0.387559, 0.387828, 0.487895, 0.488505, 0.535482
elapsed time for k point: 0 seconds.
Fixing e-field (band 1) phase by 1 + 1.4217e-08i; max ampl. = 0.706802
Fixing e-field (band 2) phase by 0.997602 + 0.0692175i; max ampl. = 0.579062
Fixing e-field (band 3) phase by -3.99586e-06 + -1i; max ampl. = 0.586277
Fixing e-field (band 4) phase by 2.35999e-05 + 1i; max ampl. = 0.925291
Fixing e-field (band 5) phase by -6.63934e-05 + -1i; max ampl. = 0.88158
Fixing e-field (band 6) phase by -1 + 1.05504e-06i; max ampl. = 0.873401
Fixing e-field (band 7) phase by 1 + -1.46424e-06i; max ampl. = 0.818642
Fixing e-field (band 8) phase by 1.84117e-07 + -1i; max ampl. = 0.602909
Outputting fields to prather_2D-e.v.k10.b01.z.te...
Outputting fields to prather_2D-e.v.k10.b02.z.te...
Outputting fields to prather_2D-e.v.k10.b03.z.te...
Outputting fields to prather_2D-e.v.k10.b04.z.te...
Outputting fields to prather_2D-e.v.k10.b05.z.te...
Outputting fields to prather_2D-e.v.k10.b06.z.te...
Outputting fields to prather_2D-e.v.k10.b07.z.te...
Outputting fields to prather_2D-e.v.k10.b08.z.te...
Outputting fields to prather_2D-h.v.k10.b01.y.te...
Outputting fields to prather_2D-h.v.k10.b02.y.te...
Outputting fields to prather_2D-h.v.k10.b03.y.te...
Outputting fields to prather_2D-h.v.k10.b04.y.te...
Outputting fields to prather_2D-h.v.k10.b05.y.te...
Outputting fields to prather_2D-h.v.k10.b06.y.te...
Outputting fields to prather_2D-h.v.k10.b07.y.te...
Outputting fields to prather_2D-h.v.k10.b08.y.te...
solve_kpoint (0.0454545,0.0227273,0):
Solving for bands 1 to 8...
    linmin: converged after 4 iterations.
    linmin: converged after 3 iterations.
    linmin: converged after 3 iterations.
    linmin: converged after 3 iterations.
    linmin: converged after 2 iterations.
    linmin: converged after 2 iterations.
    linmin: converged after 3 iterations.
Finished solving for bands 1 to 8 after 7 iterations.
tefreqs:, 11, 0.0454545, 0.0227273, 0, 0.0454545, 0.0155668, 0.319601, 0.376298, 0.387554, 0.38788, 0.487929, 0.488683, 0.535335
elapsed time for k point: 0 seconds.
Fixing e-field (band 1) phase by 1 + -1.17039e-08i; max ampl. = 0.706082
Fixing e-field (band 2) phase by -0.99943 + 0.0337724i; max ampl. = 0.579101
Fixing e-field (band 3) phase by 1.77632e-06 + -1i; max ampl. = 0.593594
Fixing e-field (band 4) phase by 1.2411e-05 + -1i; max ampl. = 0.933866
Fixing e-field (band 5) phase by -4.11218e-05 + 1i; max ampl. = 0.885007
Fixing e-field (band 6) phase by -1 + 5.95583e-06i; max ampl. = 0.872962
Fixing e-field (band 7) phase by -1 + -7.48364e-07i; max ampl. = 0.818733
Fixing e-field (band 8) phase by -1.52012e-07 + -1i; max ampl. = 0.600724
Outputting fields to prather_2D-e.v.k11.b01.z.te...
Outputting fields to prather_2D-e.v.k11.b02.z.te...
Outputting fields to prather_2D-e.v.k11.b03.z.te...
Outputting fields to prather_2D-e.v.k11.b04.z.te...
Outputting fields to prather_2D-e.v.k11.b05.z.te...
Outputting fields to prather_2D-e.v.k11.b06.z.te...
Outputting fields to prather_2D-e.v.k11.b07.z.te...
Outputting fields to prather_2D-e.v.k11.b08.z.te...
Outputting fields to prather_2D-h.v.k11.b01.y.te...
Outputting fields to prather_2D-h.v.k11.b02.y.te...
Outputting fields to prather_2D-h.v.k11.b03.y.te...
Outputting fields to prather_2D-h.v.k11.b04.y.te...
Outputting fields to prather_2D-h.v.k11.b05.y.te...
Outputting fields to prather_2D-h.v.k11.b06.y.te...
Outputting fields to prather_2D-h.v.k11.b07.y.te...
Outputting fields to prather_2D-h.v.k11.b08.y.te...
solve_kpoint (0.05,0.025,0):
Solving for bands 1 to 8...
    linmin: converged after 4 iterations.
    linmin: converged after 3 iterations.
    linmin: converged after 3 iterations.
    linmin: converged after 3 iterations.
    linmin: converged after 2 iterations.
    linmin: converged after 2 iterations.
    linmin: converged after 3 iterations.
Finished solving for bands 1 to 8 after 7 iterations.
tefreqs:, 12, 0.05, 0.025, 0, 0.05, 0.0171214, 0.319531, 0.376026, 0.387551, 0.387939, 0.487966, 0.488877, 0.535173
elapsed time for k point: 0 seconds.
Fixing e-field (band 1) phase by 1 + 9.10419e-09i; max ampl. = 0.705437
Fixing e-field (band 2) phase by 0.999827 + 0.0186201i; max ampl. = 0.579151
Fixing e-field (band 3) phase by -8.45673e-07 + -1i; max ampl. = 0.601206
Fixing e-field (band 4) phase by 7.36001e-06 + 1i; max ampl. = 0.936651
Fixing e-field (band 5) phase by -2.93575e-05 + -1i; max ampl. = 0.885406
Fixing e-field (band 6) phase by -1 + -7.60101e-06i; max ampl. = 0.87226
Fixing e-field (band 7) phase by 1 + -4.27167e-07i; max ampl. = 0.818113
Fixing e-field (band 8) phase by 1.25899e-07 + -1i; max ampl. = 0.598312
Outputting fields to prather_2D-e.v.k12.b01.z.te...
Outputting fields to prather_2D-e.v.k12.b02.z.te...
Outputting fields to prather_2D-e.v.k12.b03.z.te...
Outputting fields to prather_2D-e.v.k12.b04.z.te...
Outputting fields to prather_2D-e.v.k12.b05.z.te...
Outputting fields to prather_2D-e.v.k12.b06.z.te...
Outputting fields to prather_2D-e.v.k12.b07.z.te...
Outputting fields to prather_2D-e.v.k12.b08.z.te...
Outputting fields to prather_2D-h.v.k12.b01.y.te...
Outputting fields to prather_2D-h.v.k12.b02.y.te...
Outputting fields to prather_2D-h.v.k12.b03.y.te...
Outputting fields to prather_2D-h.v.k12.b04.y.te...
Outputting fields to prather_2D-h.v.k12.b05.y.te...
Outputting fields to prather_2D-h.v.k12.b06.y.te...
Outputting fields to prather_2D-h.v.k12.b07.y.te...
Outputting fields to prather_2D-h.v.k12.b08.y.te...
Band 1 range: 0.0 at #(0.0 0.0 0.0) to 0.017121394959926824 at #(0.05 0.02500000000000001 0.0)
Band 2 range: 0.3195308674831872 at #(0.05 0.02500000000000001 0.0) to 0.3199354631668619 at #(0.0 0.0 0.0)
Band 3 range: 0.37602567366502115 at #(0.05 0.02500000000000001 0.0) to 0.3775768964331484 at #(0.0 0.0 0.0)
Band 4 range: 0.38752353035961623 at #(0.0 0.0 0.0) to 0.38756421410361597 at #(0.031818181818181815 0.015909090909090914 0.0)
Band 5 range: 0.38768955809321115 at #(0.004545454545454534 0.0022727272727272735 0.0) to 0.3879392758387137 at #(0.05 0.02500000000000001 0.0)
Band 6 range: 0.48770599016708227 at #(0.0 0.0 0.0) to 0.4879659367182269 at #(0.05 0.02500000000000001 0.0)
Band 7 range: 0.4877673292103213 at #(0.0 0.0 0.0) to 0.48887697176195655 at #(0.05 0.02500000000000001 0.0)
Band 8 range: 0.5351733193060699 at #(0.05 0.02500000000000001 0.0) to 0.5361345961971816 at #(0.0 0.0 0.0)
Gap from band 1 (0.017121394959926824) to band 2 (0.3195308674831872), 179.6568781856086%
Gap from band 2 (0.3199354631668619) to band 3 (0.37602567366502115), 16.118776618329616%
Gap from band 3 (0.3775768964331484) to band 4 (0.38752353035961623), 2.6000858392311366%
Gap from band 4 (0.38756421410361597) to band 5 (0.38768955809321115), 0.03233624758509664%
Gap from band 5 (0.3879392758387137) to band 6 (0.48770599016708227), 22.787016204278373%
Gap from band 7 (0.48887697176195655) to band 8 (0.5351733193060699), 9.041811314916753%
total elapsed time for run: 8 seconds.
done.
init-params: initializing eigensolver data
Computing 8 bands with 1.000000e-07 tolerance.
Working in 2 dimensions.
Grid size is 64 x 64 x 1.
Solving for 8 bands at a time.
Creating Maxwell data...
Mesh size is 3.
Lattice vectors:
     (1, 0, 0)
     (0.5, 0.866025, 0)
     (0, 0, 1)
Cell volume = 0.866025
Reciprocal lattice vectors (/ 2 pi):
     (1, -0.57735, 0)
     (-0, 1.1547, -0)
     (0, -0, 1)
Geometric objects:
     block, center = (0,0,0)
          size (1e+20,1e+20,1e+20)
          axes (1,0,0), (0,1,0), (0,0,1)
          epsilon = 20, mu = 1
     cylinder, center = (0,0,0)
          radius 0.35, height 1e+20, axis (0, 0, 1)
          epsilon = 1, mu = 1
Geometric object tree has depth 1 and 10 object nodes (vs. 2 actual objects)
Initializing epsilon function...
12 k-points:
     (0,0,0)
     (0.00454545,0.00227273,0)
     (0.00909091,0.00454545,0)
     (0.0136364,0.00681818,0)
     (0.0181818,0.00909091,0)
     (0.0227273,0.0113636,0)
     (0.0272727,0.0136364,0)
     (0.0318182,0.0159091,0)
     (0.0363636,0.0181818,0)
     (0.0409091,0.0204545,0)
     (0.0454545,0.0227273,0)
     (0.05,0.025,0)
Solving for band polarization: tm.
Initializing fields to random numbers...
elapsed time for initialization: 0 seconds.
epsilon: 1-20, mean 11.5568, harm. mean 2.18542, 58.0322% > 1, 55.5619% "fill"
Outputting prather_2D-epsilon...
solve_kpoint (0,0,0):
tmfreqs:, k index, k1, k2, k3, kmag/2pi, tm band 1, tm band 2, tm band 3, tm band 4, tm band 5, tm band 6, tm band 7, tm band 8
Solving for bands 2 to 8...
    linmin: converged after 8 iterations.
    linmin: converged after 6 iterations.
    linmin: converged after 5 iterations.
    linmin: converged after 4 iterations.
    linmin: converged after 4 iterations.
    linmin: converged after 4 iterations.
    linmin: converged after 4 iterations.
    linmin: converged after 4 iterations.
    linmin: converged after 4 iterations.
    linmin: converged after 4 iterations.
    linmin: converged after 4 iterations.
    linmin: converged after 4 iterations.
    linmin: converged after 4 iterations.
    linmin: converged after 4 iterations.
    linmin: converged after 2 iterations.
    linmin: converged after 4 iterations.
    linmin: converged after 2 iterations.
    linmin: converged after 4 iterations.
    linmin: converged after 4 iterations.
    linmin: converged after 2 iterations.
    linmin: converged after 4 iterations.
    linmin: converged after 4 iterations.
    linmin: converged after 2 iterations.
    linmin: converged after 4 iterations.
    linmin: converged after 4 iterations.
    linmin: converged after 4 iterations.
    linmin: converged after 3 iterations.
    linmin: converged after 3 iterations.
    linmin: converged after 2 iterations.
    linmin: converged after 2 iterations.
    linmin: converged after 2 iterations.
    linmin: converged after 2 iterations.
    linmin: converged after 2 iterations.
    linmin: converged after 2 iterations.
    linmin: converged after 2 iterations.
    linmin: converged after 2 iterations.
    linmin: converged after 2 iterations.
Finished solving for bands 2 to 8 after 37 iterations.
tmfreqs:, 1, 0, 0, 0, 0, 0, 0.266793, 0.286696, 0.286717, 0.376789, 0.376847, 0.468681, 0.523005
elapsed time for k point: 1 seconds.
Fixing e-field (band 1) phase by 1 + -0i; max ampl. = 0
Fixing e-field (band 2) phase by -0.0346521 + -0.999399i; max ampl. = 0.543741
Fixing e-field (band 3) phase by -0.114516 + -0.993421i; max ampl. = 0.677073
Fixing e-field (band 4) phase by 0.76131 + 0.648389i; max ampl. = 0.587022
Fixing e-field (band 5) phase by -0.132195 + 0.991224i; max ampl. = 0.559796
Fixing e-field (band 6) phase by 0.90585 + 0.423598i; max ampl. = 0.645049
Fixing e-field (band 7) phase by -0.99624 + 0.0866313i; max ampl. = 0.728646
Fixing e-field (band 8) phase by -0.693136 + 0.720807i; max ampl. = 0.628892
Outputting fields to prather_2D-e.v.k01.b01.z.tm...
Outputting fields to prather_2D-e.v.k01.b02.z.tm...
Outputting fields to prather_2D-e.v.k01.b03.z.tm...
Outputting fields to prather_2D-e.v.k01.b04.z.tm...
Outputting fields to prather_2D-e.v.k01.b05.z.tm...
Outputting fields to prather_2D-e.v.k01.b06.z.tm...
Outputting fields to prather_2D-e.v.k01.b07.z.tm...
Outputting fields to prather_2D-e.v.k01.b08.z.tm...
Outputting fields to prather_2D-h.v.k01.b01.y.tm...
Outputting fields to prather_2D-h.v.k01.b02.y.tm...
Outputting fields to prather_2D-h.v.k01.b03.y.tm...
Outputting fields to prather_2D-h.v.k01.b04.y.tm...
Outputting fields to prather_2D-h.v.k01.b05.y.tm...
Outputting fields to prather_2D-h.v.k01.b06.y.tm...
Outputting fields to prather_2D-h.v.k01.b07.y.tm...
Outputting fields to prather_2D-h.v.k01.b08.y.tm...
solve_kpoint (0.00454545,0.00227273,0):
Solving for bands 1 to 8...
    linmin: converged after 12 iterations.
    linmin: converged after 3 iterations.
    linmin: converged after 6 iterations.
    linmin: converged after 8 iterations.
    linmin: converged after 4 iterations.
    linmin: converged after 3 iterations.
    linmin: converged after 3 iterations.
    linmin: converged after 3 iterations.
    linmin: converged after 3 iterations.
    linmin: converged after 3 iterations.
    linmin: converged after 3 iterations.
    linmin: converged after 3 iterations.
    linmin: converged after 3 iterations.
    linmin: converged after 3 iterations.
    linmin: converged after 3 iterations.
    linmin: converged after 3 iterations.
    linmin: converged after 2 iterations.
    linmin: converged after 2 iterations.
    linmin: converged after 2 iterations.
    linmin: converged after 2 iterations.
    linmin: converged after 2 iterations.
    linmin: converged after 2 iterations.
    linmin: converged after 2 iterations.
Finished solving for bands 1 to 8 after 23 iterations.
tmfreqs:, 2, 0.00454545, 0.00227273, 0, 0.00454545, 0.00133711, 0.266767, 0.286706, 0.28673, 0.376792, 0.376846, 0.468682, 0.522942
elapsed time for k point: 1 seconds.
Fixing e-field (band 1) phase by -1 + 1.17041e-05i; max ampl. = 0.333161
Fixing e-field (band 2) phase by -0.998854 + -0.0478693i; max ampl. = 0.543339
Fixing e-field (band 3) phase by 0.499821 + 0.866129i; max ampl. = 0.622588
Fixing e-field (band 4) phase by 0.994695 + 0.102864i; max ampl. = 0.672082
Fixing e-field (band 5) phase by -0.00901374 + 0.999959i; max ampl. = 0.578654
Fixing e-field (band 6) phase by -0.0033144 + -0.999995i; max ampl. = 0.643854
Fixing e-field (band 7) phase by 0.758079 + 0.652163i; max ampl. = 0.728625
Fixing e-field (band 8) phase by -0.301493 + -0.953468i; max ampl. = 0.607421
Outputting fields to prather_2D-e.v.k02.b01.z.tm...
Outputting fields to prather_2D-e.v.k02.b02.z.tm...
Outputting fields to prather_2D-e.v.k02.b03.z.tm...
Outputting fields to prather_2D-e.v.k02.b04.z.tm...
Outputting fields to prather_2D-e.v.k02.b05.z.tm...
Outputting fields to prather_2D-e.v.k02.b06.z.tm...
Outputting fields to prather_2D-e.v.k02.b07.z.tm...
Outputting fields to prather_2D-e.v.k02.b08.z.tm...
Outputting fields to prather_2D-h.v.k02.b01.y.tm...
Outputting fields to prather_2D-h.v.k02.b02.y.tm...
Outputting fields to prather_2D-h.v.k02.b03.y.tm...
Outputting fields to prather_2D-h.v.k02.b04.y.tm...
Outputting fields to prather_2D-h.v.k02.b05.y.tm...
Outputting fields to prather_2D-h.v.k02.b06.y.tm...
Outputting fields to prather_2D-h.v.k02.b07.y.tm...
Outputting fields to prather_2D-h.v.k02.b08.y.tm...
solve_kpoint (0.00909091,0.00454545,0):
Solving for bands 1 to 8...
    linmin: converged after 6 iterations.
    linmin: converged after 3 iterations.
    linmin: converged after 3 iterations.
    linmin: converged after 3 iterations.
    linmin: converged after 3 iterations.
    linmin: converged after 3 iterations.
    linmin: converged after 3 iterations.
    linmin: converged after 3 iterations.
    linmin: converged after 3 iterations.
    linmin: converged after 3 iterations.
    linmin: converged after 2 iterations.
Finished solving for bands 1 to 8 after 11 iterations.
tmfreqs:, 3, 0.00909091, 0.00454545, 0, 0.00909091, 0.00267417, 0.266686, 0.286701, 0.2868, 0.376796, 0.376846, 0.468684, 0.522631
elapsed time for k point: 0 seconds.
Fixing e-field (band 1) phase by 1 + -1.21143e-07i; max ampl. = 0.329795
Fixing e-field (band 2) phase by -0.0718595 + -0.997415i; max ampl. = 0.542242
Fixing e-field (band 3) phase by 0.998309 + 0.0581377i; max ampl. = 0.674512
Fixing e-field (band 4) phase by 0.972872 + -0.231345i; max ampl. = 0.612803
Fixing e-field (band 5) phase by 0.000357282 + 1i; max ampl. = 0.628801
Fixing e-field (band 6) phase by -0.000427127 + -1i; max ampl. = 0.617223
Fixing e-field (band 7) phase by -0.999082 + -0.0428333i; max ampl. = 0.728458
Fixing e-field (band 8) phase by -0.313106 + -0.949718i; max ampl. = 0.602278
Outputting fields to prather_2D-e.v.k03.b01.z.tm...
Outputting fields to prather_2D-e.v.k03.b02.z.tm...
Outputting fields to prather_2D-e.v.k03.b03.z.tm...
Outputting fields to prather_2D-e.v.k03.b04.z.tm...
Outputting fields to prather_2D-e.v.k03.b05.z.tm...
Outputting fields to prather_2D-e.v.k03.b06.z.tm...
Outputting fields to prather_2D-e.v.k03.b07.z.tm...
Outputting fields to prather_2D-e.v.k03.b08.z.tm...
Outputting fields to prather_2D-h.v.k03.b01.y.tm...
Outputting fields to prather_2D-h.v.k03.b02.y.tm...
Outputting fields to prather_2D-h.v.k03.b03.y.tm...
Outputting fields to prather_2D-h.v.k03.b04.y.tm...
Outputting fields to prather_2D-h.v.k03.b05.y.tm...
Outputting fields to prather_2D-h.v.k03.b06.y.tm...
Outputting fields to prather_2D-h.v.k03.b07.y.tm...
Outputting fields to prather_2D-h.v.k03.b08.y.tm...
solve_kpoint (0.0136364,0.00681818,0):
Solving for bands 1 to 8...
    linmin: converged after 6 iterations.
    linmin: converged after 3 iterations.
    linmin: converged after 3 iterations.
    linmin: converged after 4 iterations.
    linmin: converged after 4 iterations.
    linmin: converged after 3 iterations.
    linmin: converged after 3 iterations.
    linmin: converged after 3 iterations.
    linmin: converged after 2 iterations.
    linmin: converged after 2 iterations.
    linmin: converged after 2 iterations.
Finished solving for bands 1 to 8 after 11 iterations.
tmfreqs:, 4, 0.0136364, 0.00681818, 0, 0.0136364, 0.00401113, 0.266554, 0.28669, 0.286919, 0.376792, 0.376858, 0.468687, 0.522265
elapsed time for k point: 0 seconds.
Fixing e-field (band 1) phase by 1 + -3.58532e-07i; max ampl. = 0.322125
Fixing e-field (band 2) phase by 0.00206871 + -0.999998i; max ampl. = 0.540462
Fixing e-field (band 3) phase by 0.999986 + -0.00537047i; max ampl. = 0.676671
Fixing e-field (band 4) phase by 0.998757 + -0.0498506i; max ampl. = 0.595375
Fixing e-field (band 5) phase by -0.000169448 + 1i; max ampl. = 0.641679
Fixing e-field (band 6) phase by 0.000424854 + 1i; max ampl. = 0.588754
Fixing e-field (band 7) phase by -0.999883 + -0.0153183i; max ampl. = 0.72821
Fixing e-field (band 8) phase by -0.339037 + -0.940773i; max ampl. = 0.579295
Outputting fields to prather_2D-e.v.k04.b01.z.tm...
Outputting fields to prather_2D-e.v.k04.b02.z.tm...
Outputting fields to prather_2D-e.v.k04.b03.z.tm...
Outputting fields to prather_2D-e.v.k04.b04.z.tm...
Outputting fields to prather_2D-e.v.k04.b05.z.tm...
Outputting fields to prather_2D-e.v.k04.b06.z.tm...
Outputting fields to prather_2D-e.v.k04.b07.z.tm...
Outputting fields to prather_2D-e.v.k04.b08.z.tm...
Outputting fields to prather_2D-h.v.k04.b01.y.tm...
Outputting fields to prather_2D-h.v.k04.b02.y.tm...
Outputting fields to prather_2D-h.v.k04.b03.y.tm...
Outputting fields to prather_2D-h.v.k04.b04.y.tm...
Outputting fields to prather_2D-h.v.k04.b05.y.tm...
Outputting fields to prather_2D-h.v.k04.b06.y.tm...
Outputting fields to prather_2D-h.v.k04.b07.y.tm...
Outputting fields to prather_2D-h.v.k04.b08.y.tm...
solve_kpoint (0.0181818,0.00909091,0):
Solving for bands 1 to 8...
    linmin: converged after 5 iterations.
    linmin: converged after 3 iterations.
    linmin: converged after 3 iterations.
    linmin: converged after 3 iterations.
    linmin: converged after 3 iterations.
    linmin: converged after 3 iterations.
    linmin: converged after 3 iterations.
    linmin: converged after 3 iterations.
    linmin: converged after 3 iterations.
    linmin: converged after 2 iterations.
    linmin: converged after 2 iterations.
Finished solving for bands 1 to 8 after 11 iterations.
tmfreqs:, 5, 0.0181818, 0.00909091, 0, 0.0181818, 0.00534808, 0.266371, 0.286674, 0.287085, 0.376774, 0.376887, 0.468692, 0.521844
elapsed time for k point: 0 seconds.
Fixing e-field (band 1) phase by 1 + -1.20458e-06i; max ampl. = 0.322332
Fixing e-field (band 2) phase by -0.00854458 + 0.999963i; max ampl. = 0.53807
Fixing e-field (band 3) phase by 0.999992 + -0.00401273i; max ampl. = 0.676935
Fixing e-field (band 4) phase by -0.996854 + 0.0792596i; max ampl. = 0.587304
Fixing e-field (band 5) phase by -4.68182e-05 + 1i; max ampl. = 0.617477
Fixing e-field (band 6) phase by 0.0011439 + 0.999999i; max ampl. = 0.62846
Fixing e-field (band 7) phase by -0.999834 + -0.0182311i; max ampl. = 0.727878
Fixing e-field (band 8) phase by -0.340738 + -0.940158i; max ampl. = 0.563383
Outputting fields to prather_2D-e.v.k05.b01.z.tm...
Outputting fields to prather_2D-e.v.k05.b02.z.tm...
Outputting fields to prather_2D-e.v.k05.b03.z.tm...
Outputting fields to prather_2D-e.v.k05.b04.z.tm...
Outputting fields to prather_2D-e.v.k05.b05.z.tm...
Outputting fields to prather_2D-e.v.k05.b06.z.tm...
Outputting fields to prather_2D-e.v.k05.b07.z.tm...
Outputting fields to prather_2D-e.v.k05.b08.z.tm...
Outputting fields to prather_2D-h.v.k05.b01.y.tm...
Outputting fields to prather_2D-h.v.k05.b02.y.tm...
Outputting fields to prather_2D-h.v.k05.b03.y.tm...
Outputting fields to prather_2D-h.v.k05.b04.y.tm...
Outputting fields to prather_2D-h.v.k05.b05.y.tm...
Outputting fields to prather_2D-h.v.k05.b06.y.tm...
Outputting fields to prather_2D-h.v.k05.b07.y.tm...
Outputting fields to prather_2D-h.v.k05.b08.y.tm...
solve_kpoint (0.0227273,0.0113636,0):
Solving for bands 1 to 8...
    linmin: converged after 5 iterations.
    linmin: converged after 3 iterations.
    linmin: converged after 3 iterations.
    linmin: converged after 3 iterations.
    linmin: converged after 3 iterations.
    linmin: converged after 3 iterations.
    linmin: converged after 3 iterations.
    linmin: converged after 3 iterations.
    linmin: converged after 2 iterations.
    linmin: converged after 2 iterations.
    linmin: converged after 2 iterations.
Finished solving for bands 1 to 8 after 11 iterations.
tmfreqs:, 6, 0.0227273, 0.0113636, 0, 0.0227273, 0.00668512, 0.26614, 0.286653, 0.287293, 0.376747, 0.376928, 0.468698, 0.521392
elapsed time for k point: 0 seconds.
Fixing e-field (band 1) phase by 1 + -1.4094e-06i; max ampl. = 0.328039
Fixing e-field (band 2) phase by -0.0204495 + 0.999791i; max ampl. = 0.535148
Fixing e-field (band 3) phase by 0.999997 + -0.00236835i; max ampl. = 0.676929
Fixing e-field (band 4) phase by -0.993267 + 0.115845i; max ampl. = 0.581574
Fixing e-field (band 5) phase by -3.62781e-06 + -1i; max ampl. = 0.598147
Fixing e-field (band 6) phase by -0.00294897 + -0.999996i; max ampl. = 0.638948
Fixing e-field (band 7) phase by 0.999808 + 0.0196122i; max ampl. = 0.727437
Fixing e-field (band 8) phase by 0.339608 + 0.940567i; max ampl. = 0.548589
Outputting fields to prather_2D-e.v.k06.b01.z.tm...
Outputting fields to prather_2D-e.v.k06.b02.z.tm...
Outputting fields to prather_2D-e.v.k06.b03.z.tm...
Outputting fields to prather_2D-e.v.k06.b04.z.tm...
Outputting fields to prather_2D-e.v.k06.b05.z.tm...
Outputting fields to prather_2D-e.v.k06.b06.z.tm...
Outputting fields to prather_2D-e.v.k06.b07.z.tm...
Outputting fields to prather_2D-e.v.k06.b08.z.tm...
Outputting fields to prather_2D-h.v.k06.b01.y.tm...
Outputting fields to prather_2D-h.v.k06.b02.y.tm...
Outputting fields to prather_2D-h.v.k06.b03.y.tm...
Outputting fields to prather_2D-h.v.k06.b04.y.tm...
Outputting fields to prather_2D-h.v.k06.b05.y.tm...
Outputting fields to prather_2D-h.v.k06.b06.y.tm...
Outputting fields to prather_2D-h.v.k06.b07.y.tm...
Outputting fields to prather_2D-h.v.k06.b08.y.tm...
solve_kpoint (0.0272727,0.0136364,0):
Solving for bands 1 to 8...
    linmin: converged after 4 iterations.
    linmin: converged after 2 iterations.
    linmin: converged after 3 iterations.
    linmin: converged after 3 iterations.
    linmin: converged after 3 iterations.
    linmin: converged after 3 iterations.
    linmin: converged after 3 iterations.
    linmin: converged after 3 iterations.
    linmin: converged after 2 iterations.
    linmin: converged after 2 iterations.
    linmin: converged after 2 iterations.
    linmin: converged after 3 iterations.
    linmin: converged after 4 iterations.
    linmin: converged after 4 iterations.
    linmin: converged after 4 iterations.
    linmin: converged after 3 iterations.
    linmin: converged after 3 iterations.
    linmin: converged after 3 iterations.
    linmin: converged after 3 iterations.
    linmin: converged after 3 iterations.
    linmin: converged after 3 iterations.
    linmin: converged after 3 iterations.
    linmin: converged after 2 iterations.
Finished solving for bands 1 to 8 after 23 iterations.
tmfreqs:, 7, 0.0272727, 0.0136364, 0, 0.0272727, 0.0080214, 0.265864, 0.286627, 0.287542, 0.376712, 0.37698, 0.468705, 0.520857
elapsed time for k point: 0 seconds.
Fixing e-field (band 1) phase by 1 + -1.09771e-06i; max ampl. = 0.318253
Fixing e-field (band 2) phase by -0.0180698 + 0.999837i; max ampl. = 0.53178
Fixing e-field (band 3) phase by -0.999609 + 0.0279575i; max ampl. = 0.676833
Fixing e-field (band 4) phase by 0.778895 + 0.627154i; max ampl. = 0.576497
Fixing e-field (band 5) phase by -0.0288861 + -0.999583i; max ampl. = 0.586211
Fixing e-field (band 6) phase by -0.156795 + -0.987631i; max ampl. = 0.642309
Fixing e-field (band 7) phase by 0.999944 + 0.0105746i; max ampl. = 0.726942
Fixing e-field (band 8) phase by 0.0909536 + -0.995855i; max ampl. = 0.539524
Outputting fields to prather_2D-e.v.k07.b01.z.tm...
Outputting fields to prather_2D-e.v.k07.b02.z.tm...
Outputting fields to prather_2D-e.v.k07.b03.z.tm...
Outputting fields to prather_2D-e.v.k07.b04.z.tm...
Outputting fields to prather_2D-e.v.k07.b05.z.tm...
Outputting fields to prather_2D-e.v.k07.b06.z.tm...
Outputting fields to prather_2D-e.v.k07.b07.z.tm...
Outputting fields to prather_2D-e.v.k07.b08.z.tm...
Outputting fields to prather_2D-h.v.k07.b01.y.tm...
Outputting fields to prather_2D-h.v.k07.b02.y.tm...
Outputting fields to prather_2D-h.v.k07.b03.y.tm...
Outputting fields to prather_2D-h.v.k07.b04.y.tm...
Outputting fields to prather_2D-h.v.k07.b05.y.tm...
Outputting fields to prather_2D-h.v.k07.b06.y.tm...
Outputting fields to prather_2D-h.v.k07.b07.y.tm...
Outputting fields to prather_2D-h.v.k07.b08.y.tm...
solve_kpoint (0.0318182,0.0159091,0):
Solving for bands 1 to 8...
    linmin: converged after 4 iterations.
    linmin: converged after 2 iterations.
    linmin: converged after 2 iterations.
    linmin: converged after 3 iterations.
    linmin: converged after 3 iterations.
    linmin: converged after 2 iterations.
    linmin: converged after 2 iterations.
    linmin: converged after 2 iterations.
    linmin: converged after 2 iterations.
Finished solving for bands 1 to 8 after 9 iterations.
tmfreqs:, 8, 0.0318182, 0.0159091, 0, 0.0318182, 0.00935789, 0.265546, 0.286597, 0.287828, 0.37667, 0.377042, 0.468713, 0.520352
elapsed time for k point: 0 seconds.
Fixing e-field (band 1) phase by 1 + 2.19191e-07i; max ampl. = 0.325121
Fixing e-field (band 2) phase by -0.0126758 + -0.99992i; max ampl. = 0.528081
Fixing e-field (band 3) phase by 1 + 5.38774e-05i; max ampl. = 0.676695
Fixing e-field (band 4) phase by 0.997825 + 0.0659223i; max ampl. = 0.571588
Fixing e-field (band 5) phase by 2.02638e-05 + -1i; max ampl. = 0.57862
Fixing e-field (band 6) phase by -0.00185149 + 0.999998i; max ampl. = 0.643627
Fixing e-field (band 7) phase by -0.999984 + 0.00574098i; max ampl. = 0.726326
Fixing e-field (band 8) phase by 0.0122833 + 0.999925i; max ampl. = 0.529818
Outputting fields to prather_2D-e.v.k08.b01.z.tm...
Outputting fields to prather_2D-e.v.k08.b02.z.tm...
Outputting fields to prather_2D-e.v.k08.b03.z.tm...
Outputting fields to prather_2D-e.v.k08.b04.z.tm...
Outputting fields to prather_2D-e.v.k08.b05.z.tm...
Outputting fields to prather_2D-e.v.k08.b06.z.tm...
Outputting fields to prather_2D-e.v.k08.b07.z.tm...
Outputting fields to prather_2D-e.v.k08.b08.z.tm...
Outputting fields to prather_2D-h.v.k08.b01.y.tm...
Outputting fields to prather_2D-h.v.k08.b02.y.tm...
Outputting fields to prather_2D-h.v.k08.b03.y.tm...
Outputting fields to prather_2D-h.v.k08.b04.y.tm...
Outputting fields to prather_2D-h.v.k08.b05.y.tm...
Outputting fields to prather_2D-h.v.k08.b06.y.tm...
Outputting fields to prather_2D-h.v.k08.b07.y.tm...
Outputting fields to prather_2D-h.v.k08.b08.y.tm...
solve_kpoint (0.0363636,0.0181818,0):
Solving for bands 1 to 8...
    linmin: converged after 4 iterations.
    linmin: converged after 3 iterations.
    linmin: converged after 2 iterations.
    linmin: converged after 2 iterations.
    linmin: converged after 2 iterations.
    linmin: converged after 2 iterations.
    linmin: converged after 2 iterations.
    linmin: converged after 2 iterations.
    linmin: converged after 2 iterations.
Finished solving for bands 1 to 8 after 9 iterations.
tmfreqs:, 9, 0.0363636, 0.0181818, 0, 0.0363636, 0.0106941, 0.26519, 0.286562, 0.288148, 0.376622, 0.377114, 0.468721, 0.519835
elapsed time for k point: 1 seconds.
Fixing e-field (band 1) phase by 1 + 2.98752e-07i; max ampl. = 0.325007
Fixing e-field (band 2) phase by -0.0234449 + -0.999725i; max ampl. = 0.524125
Fixing e-field (band 3) phase by 1 + -0.000210853i; max ampl. = 0.676535
Fixing e-field (band 4) phase by -0.994467 + -0.105048i; max ampl. = 0.566678
Fixing e-field (band 5) phase by 1.58129e-05 + -1i; max ampl. = 0.573493
Fixing e-field (band 6) phase by 0.00307157 + -0.999995i; max ampl. = 0.644221
Fixing e-field (band 7) phase by -0.999994 + 0.00348091i; max ampl. = 0.725596
Fixing e-field (band 8) phase by -0.0137675 + -0.999905i; max ampl. = 0.52154
Outputting fields to prather_2D-e.v.k09.b01.z.tm...
Outputting fields to prather_2D-e.v.k09.b02.z.tm...
Outputting fields to prather_2D-e.v.k09.b03.z.tm...
Outputting fields to prather_2D-e.v.k09.b04.z.tm...
Outputting fields to prather_2D-e.v.k09.b05.z.tm...
Outputting fields to prather_2D-e.v.k09.b06.z.tm...
Outputting fields to prather_2D-e.v.k09.b07.z.tm...
Outputting fields to prather_2D-e.v.k09.b08.z.tm...
Outputting fields to prather_2D-h.v.k09.b01.y.tm...
Outputting fields to prather_2D-h.v.k09.b02.y.tm...
Outputting fields to prather_2D-h.v.k09.b03.y.tm...
Outputting fields to prather_2D-h.v.k09.b04.y.tm...
Outputting fields to prather_2D-h.v.k09.b05.y.tm...
Outputting fields to prather_2D-h.v.k09.b06.y.tm...
Outputting fields to prather_2D-h.v.k09.b07.y.tm...
Outputting fields to prather_2D-h.v.k09.b08.y.tm...
solve_kpoint (0.0409091,0.0204545,0):
Solving for bands 1 to 8...
    linmin: converged after 3 iterations.
    linmin: converged after 3 iterations.
    linmin: converged after 2 iterations.
    linmin: converged after 2 iterations.
    linmin: converged after 2 iterations.
    linmin: converged after 2 iterations.
    linmin: converged after 2 iterations.
    linmin: converged after 2 iterations.
    linmin: converged after 2 iterations.
Finished solving for bands 1 to 8 after 9 iterations.
tmfreqs:, 10, 0.0409091, 0.0204545, 0, 0.0409091, 0.0120301, 0.264797, 0.286522, 0.288499, 0.376567, 0.377195, 0.468731, 0.519307
elapsed time for k point: 0 seconds.
Fixing e-field (band 1) phase by 1 + 2.94695e-07i; max ampl. = 0.325367
Fixing e-field (band 2) phase by -0.0369433 + -0.999317i; max ampl. = 0.519999
Fixing e-field (band 3) phase by -1 + 0.000239242i; max ampl. = 0.676348
Fixing e-field (band 4) phase by -0.985505 + -0.169648i; max ampl. = 0.561739
Fixing e-field (band 5) phase by 1.84114e-05 + -1i; max ampl. = 0.569806
Fixing e-field (band 6) phase by 0.00449317 + -0.99999i; max ampl. = 0.644518
Fixing e-field (band 7) phase by 0.999995 + -0.00321876i; max ampl. = 0.724766
Fixing e-field (band 8) phase by -0.0154809 + -0.99988i; max ampl. = 0.514176
Outputting fields to prather_2D-e.v.k10.b01.z.tm...
Outputting fields to prather_2D-e.v.k10.b02.z.tm...
Outputting fields to prather_2D-e.v.k10.b03.z.tm...
Outputting fields to prather_2D-e.v.k10.b04.z.tm...
Outputting fields to prather_2D-e.v.k10.b05.z.tm...
Outputting fields to prather_2D-e.v.k10.b06.z.tm...
Outputting fields to prather_2D-e.v.k10.b07.z.tm...
Outputting fields to prather_2D-e.v.k10.b08.z.tm...
Outputting fields to prather_2D-h.v.k10.b01.y.tm...
Outputting fields to prather_2D-h.v.k10.b02.y.tm...
Outputting fields to prather_2D-h.v.k10.b03.y.tm...
Outputting fields to prather_2D-h.v.k10.b04.y.tm...
Outputting fields to prather_2D-h.v.k10.b05.y.tm...
Outputting fields to prather_2D-h.v.k10.b06.y.tm...
Outputting fields to prather_2D-h.v.k10.b07.y.tm...
Outputting fields to prather_2D-h.v.k10.b08.y.tm...
solve_kpoint (0.0454545,0.0227273,0):
Solving for bands 1 to 8...
    linmin: converged after 3 iterations.
    linmin: converged after 3 iterations.
    linmin: converged after 2 iterations.
    linmin: converged after 2 iterations.
    linmin: converged after 2 iterations.
    linmin: converged after 2 iterations.
    linmin: converged after 2 iterations.
    linmin: converged after 2 iterations.
    linmin: converged after 2 iterations.
    linmin: converged after 2 iterations.
    linmin: converged after 2 iterations.
    linmin: converged after 2 iterations.
    linmin: converged after 4 iterations.
    linmin: converged after 4 iterations.
    linmin: converged after 2 iterations.
    linmin: converged after 2 iterations.
Finished solving for bands 1 to 8 after 16 iterations.
tmfreqs:, 11, 0.0454545, 0.0227273, 0, 0.0454545, 0.0133657, 0.264372, 0.286477, 0.288877, 0.376506, 0.377287, 0.46874, 0.518765
elapsed time for k point: 0 seconds.
Fixing e-field (band 1) phase by 1 + 1.48498e-07i; max ampl. = 0.318603
Fixing e-field (band 2) phase by 0.114274 + -0.993449i; max ampl. = 0.515771
Fixing e-field (band 3) phase by 1 + 0.000529023i; max ampl. = 0.676149
Fixing e-field (band 4) phase by 0.999866 + 0.0163952i; max ampl. = 0.556775
Fixing e-field (band 5) phase by 0.000101024 + -1i; max ampl. = 0.567018
Fixing e-field (band 6) phase by -0.0133574 + 0.999911i; max ampl. = 0.644672
Fixing e-field (band 7) phase by -0.999987 + 0.00501729i; max ampl. = 0.72382
Fixing e-field (band 8) phase by -0.0808161 + -0.996729i; max ampl. = 0.492495
Outputting fields to prather_2D-e.v.k11.b01.z.tm...
Outputting fields to prather_2D-e.v.k11.b02.z.tm...
Outputting fields to prather_2D-e.v.k11.b03.z.tm...
Outputting fields to prather_2D-e.v.k11.b04.z.tm...
Outputting fields to prather_2D-e.v.k11.b05.z.tm...
Outputting fields to prather_2D-e.v.k11.b06.z.tm...
Outputting fields to prather_2D-e.v.k11.b07.z.tm...
Outputting fields to prather_2D-e.v.k11.b08.z.tm...
Outputting fields to prather_2D-h.v.k11.b01.y.tm...
Outputting fields to prather_2D-h.v.k11.b02.y.tm...
Outputting fields to prather_2D-h.v.k11.b03.y.tm...
Outputting fields to prather_2D-h.v.k11.b04.y.tm...
Outputting fields to prather_2D-h.v.k11.b05.y.tm...
Outputting fields to prather_2D-h.v.k11.b06.y.tm...
Outputting fields to prather_2D-h.v.k11.b07.y.tm...
Outputting fields to prather_2D-h.v.k11.b08.y.tm...
solve_kpoint (0.05,0.025,0):
Solving for bands 1 to 8...
    linmin: converged after 3 iterations.
    linmin: converged after 3 iterations.
    linmin: converged after 2 iterations.
    linmin: converged after 2 iterations.
    linmin: converged after 2 iterations.
    linmin: converged after 2 iterations.
    linmin: converged after 2 iterations.
    linmin: converged after 2 iterations.
    linmin: converged after 2 iterations.
Finished solving for bands 1 to 8 after 9 iterations.
tmfreqs:, 12, 0.05, 0.025, 0, 0.05, 0.0147011, 0.263917, 0.286427, 0.289281, 0.376439, 0.377387, 0.46875, 0.51822
elapsed time for k point: 1 seconds.
Fixing e-field (band 1) phase by 1 + 2.62749e-08i; max ampl. = 0.319254
Fixing e-field (band 2) phase by -0.00200142 + -0.999998i; max ampl. = 0.511511
Fixing e-field (band 3) phase by 1 + 4.7143e-05i; max ampl. = 0.675916
Fixing e-field (band 4) phase by 0.99993 + 0.0118097i; max ampl. = 0.551838
Fixing e-field (band 5) phase by 1.68865e-06 + -1i; max ampl. = 0.564769
Fixing e-field (band 6) phase by 0.000422858 + -1i; max ampl. = 0.644764
Fixing e-field (band 7) phase by -1 + -0.000892089i; max ampl. = 0.722799
Fixing e-field (band 8) phase by -0.000760458 + 1i; max ampl. = 0.488721
Outputting fields to prather_2D-e.v.k12.b01.z.tm...
Outputting fields to prather_2D-e.v.k12.b02.z.tm...
Outputting fields to prather_2D-e.v.k12.b03.z.tm...
Outputting fields to prather_2D-e.v.k12.b04.z.tm...
Outputting fields to prather_2D-e.v.k12.b05.z.tm...
Outputting fields to prather_2D-e.v.k12.b06.z.tm...
Outputting fields to prather_2D-e.v.k12.b07.z.tm...
Outputting fields to prather_2D-e.v.k12.b08.z.tm...
Outputting fields to prather_2D-h.v.k12.b01.y.tm...
Outputting fields to prather_2D-h.v.k12.b02.y.tm...
Outputting fields to prather_2D-h.v.k12.b03.y.tm...
Outputting fields to prather_2D-h.v.k12.b04.y.tm...
Outputting fields to prather_2D-h.v.k12.b05.y.tm...
Outputting fields to prather_2D-h.v.k12.b06.y.tm...
Outputting fields to prather_2D-h.v.k12.b07.y.tm...
Outputting fields to prather_2D-h.v.k12.b08.y.tm...
Band 1 range: 0.0 at #(0.0 0.0 0.0) to 0.014701058827313679 at #(0.05 0.02500000000000001 0.0)
Band 2 range: 0.2639169657362045 at #(0.05 0.02500000000000001 0.0) to 0.26679349819396114 at #(0.0 0.0 0.0)
Band 3 range: 0.28642733861512515 at #(0.05 0.02500000000000001 0.0) to 0.2867055340031618 at #(0.004545454545454534 0.0022727272727272735 0.0)
Band 4 range: 0.2867166261233482 at #(0.0 0.0 0.0) to 0.28928056049405965 at #(0.05 0.02500000000000001 0.0)
Band 5 range: 0.37643925331775124 at #(0.05 0.02500000000000001 0.0) to 0.37679607102320856 at #(0.00909090909090908 0.004545454545454547 0.0)
Band 6 range: 0.3768462234749633 at #(0.004545454545454534 0.0022727272727272735 0.0) to 0.37738745875039575 at #(0.05 0.02500000000000001 0.0)
Band 7 range: 0.4686808760787403 at #(0.0 0.0 0.0) to 0.4687503186886527 at #(0.05 0.02500000000000001 0.0)
Band 8 range: 0.5182198727333335 at #(0.05 0.02500000000000001 0.0) to 0.5230049368556291 at #(0.0 0.0 0.0)
Gap from band 1 (0.014701058827313679) to band 2 (0.2639169657362045), 178.89431762306938%
Gap from band 2 (0.26679349819396114) to band 3 (0.28642733861512515), 7.098011902230481%
Gap from band 3 (0.2867055340031618) to band 4 (0.2867166261233482), 0.0038687448646768496%
Gap from band 4 (0.28928056049405965) to band 5 (0.37643925331775124), 26.18479757261065%
Gap from band 5 (0.37679607102320856) to band 6 (0.3768462234749633), 0.01330935169666009%
Gap from band 6 (0.37738745875039575) to band 7 (0.4686808760787403), 21.580625008683565%
Gap from band 7 (0.4687503186886527) to band 8 (0.5182198727333335), 10.024528496328157%
total elapsed time for run: 9 seconds.
done.
