command-line param: r1=0.1
command-line param: r2=0.34
init-params: initializing eigensolver data
Computing 8 bands with 1.000000e-07 tolerance.
Working in 2 dimensions.
Grid size is 64 x 64 x 1.
Solving for 8 bands at a time.
Creating Maxwell data...
Mesh size is 3.
Lattice vectors:
     (1, 0, 0)
     (0.5, 0.866025, 0)
     (0, 0, 1)
Cell volume = 0.866025
Reciprocal lattice vectors (/ 2 pi):
     (1, -0.57735, 0)
     (-0, 1.1547, -0)
     (0, -0, 1)
Geometric objects:
     block, center = (0,0,0)
          size (1e+20,1e+20,1e+20)
          axes (1,0,0), (0,1,0), (0,0,1)
          epsilon = 9.61, mu = 1
     cylinder, center = (0.333333,0.333333,0)
          radius 0.1, height 1e+20, axis (0, 0, 1)
          epsilon = 1, mu = 1
     cylinder, center = (0.666667,0.666667,0)
          radius 0.34, height 1e+20, axis (0, 0, 1)
          epsilon = 1, mu = 1
Geometric object tree has depth 3 and 32 object nodes (vs. 3 actual objects)
Initializing epsilon function...
Allocating fields...
64 k-points:
     (0.5,0,0)
     (0.47619,0,0)
     (0.452381,0,0)
     (0.428571,0,0)
     (0.404762,0,0)
     (0.380952,0,0)
     (0.357143,0,0)
     (0.333333,0,0)
     (0.309524,0,0)
     (0.285714,0,0)
     (0.261905,0,0)
     (0.238095,0,0)
     (0.214286,0,0)
     (0.190476,0,0)
     (0.166667,0,0)
     (0.142857,0,0)
     (0.119048,0,0)
     (0.0952381,0,0)
     (0.0714286,0,0)
     (0.047619,0,0)
     (0.0238095,0,0)
     (0,0,0)
     (0.015873,0.015873,0)
     (0.031746,0.031746,0)
     (0.047619,0.047619,0)
     (0.0634921,0.0634921,0)
     (0.0793651,0.0793651,0)
     (0.0952381,0.0952381,0)
     (0.111111,0.111111,0)
     (0.126984,0.126984,0)
     (0.142857,0.142857,0)
     (0.15873,0.15873,0)
     (0.174603,0.174603,0)
     (0.190476,0.190476,0)
     (0.206349,0.206349,0)
     (0.222222,0.222222,0)
     (0.238095,0.238095,0)
     (0.253968,0.253968,0)
     (0.269841,0.269841,0)
     (0.285714,0.285714,0)
     (0.301587,0.301587,0)
     (0.31746,0.31746,0)
     (0.333333,0.333333,0)
     (0.34127,0.31746,0)
     (0.349206,0.301587,0)
     (0.357143,0.285714,0)
     (0.365079,0.269841,0)
     (0.373016,0.253968,0)
     (0.380952,0.238095,0)
     (0.388889,0.222222,0)
     (0.396825,0.206349,0)
     (0.404762,0.190476,0)
     (0.412698,0.174603,0)
     (0.420635,0.15873,0)
     (0.428571,0.142857,0)
     (0.436508,0.126984,0)
     (0.444444,0.111111,0)
     (0.452381,0.0952381,0)
     (0.460317,0.0793651,0)
     (0.468254,0.0634921,0)
     (0.47619,0.047619,0)
     (0.484127,0.031746,0)
     (0.492063,0.015873,0)
     (0.5,0,0)
Solving for band polarization: te.
Initializing fields to random numbers...
elapsed time for initialization: 0 seconds.
epsilon: 1-9.61, mean 5.68706, harm. mean 2.00913, 57.5195% > 1, 54.4374% "fill"
Outputting simulation_InP_optimized-epsilon...
solve_kpoint (0.5,0,0):
tefreqs:, k index, k1, k2, k3, kmag/2pi, te band 1, te band 2, te band 3, te band 4, te band 5, te band 6, te band 7, te band 8
Solving for bands 1 to 8...
    linmin: converged after 12 iterations.
    linmin: converged after 10 iterations.
    linmin: converged after 4 iterations.
    linmin: converged after 5 iterations.
    linmin: converged after 4 iterations.
    linmin: converged after 5 iterations.
    linmin: converged after 4 iterations.
    linmin: converged after 4 iterations.
    linmin: converged after 4 iterations.
    linmin: converged after 4 iterations.
    linmin: converged after 4 iterations.
    linmin: converged after 4 iterations.
    linmin: converged after 4 iterations.
    linmin: converged after 4 iterations.
    linmin: converged after 2 iterations.
    linmin: converged after 2 iterations.
    linmin: converged after 2 iterations.
    linmin: converged after 2 iterations.
    linmin: converged after 2 iterations.
    linmin: converged after 2 iterations.
    linmin: converged after 2 iterations.
    linmin: converged after 2 iterations.
Finished solving for bands 1 to 8 after 22 iterations.
tefreqs:, 1, 0.5, 0, 0, 0.57735, 0.227883, 0.345361, 0.437337, 0.523477, 0.618713, 0.65948, 0.743502, 0.769355
elapsed time for k point: 0 seconds.
solve_kpoint (0.47619,0,0):
Solving for bands 1 to 8...
    linmin: converged after 3 iterations.
    linmin: converged after 2 iterations.
    linmin: converged after 2 iterations.
    linmin: converged after 2 iterations.
    linmin: converged after 2 iterations.
    linmin: converged after 2 iterations.
    linmin: converged after 2 iterations.
Finished solving for bands 1 to 8 after 7 iterations.
tefreqs:, 2, 0.47619, 0, 0, 0.549857, 0.226441, 0.346677, 0.437511, 0.523561, 0.617668, 0.66059, 0.742502, 0.770292
elapsed time for k point: 0 seconds.
solve_kpoint (0.452381,0,0):
Solving for bands 1 to 8...
    linmin: converged after 3 iterations.
    linmin: converged after 2 iterations.
    linmin: converged after 2 iterations.
    linmin: converged after 2 iterations.
    linmin: converged after 2 iterations.
    linmin: converged after 2 iterations.
    linmin: converged after 2 iterations.
Finished solving for bands 1 to 8 after 7 iterations.
tefreqs:, 3, 0.452381, 0, 0, 0.522365, 0.222298, 0.350433, 0.438037, 0.523813, 0.614824, 0.663629, 0.739859, 0.772751
elapsed time for k point: 0 seconds.
solve_kpoint (0.428571,0,0):
Solving for bands 1 to 8...
    linmin: converged after 3 iterations.
    linmin: converged after 2 iterations.
    linmin: converged after 2 iterations.
    linmin: converged after 2 iterations.
    linmin: converged after 2 iterations.
    linmin: converged after 2 iterations.
    linmin: converged after 2 iterations.
    linmin: converged after 2 iterations.
Finished solving for bands 1 to 8 after 8 iterations.
tefreqs:, 4, 0.428571, 0, 0, 0.494872, 0.215908, 0.356157, 0.43893, 0.524229, 0.610765, 0.668012, 0.736204, 0.7761
elapsed time for k point: 0 seconds.
solve_kpoint (0.404762,0,0):
Solving for bands 1 to 8...
    linmin: converged after 3 iterations.
    linmin: converged after 2 iterations.
    linmin: converged after 2 iterations.
    linmin: converged after 2 iterations.
    linmin: converged after 2 iterations.
    linmin: converged after 2 iterations.
    linmin: converged after 2 iterations.
    linmin: converged after 2 iterations.
Finished solving for bands 1 to 8 after 8 iterations.
tefreqs:, 5, 0.404762, 0, 0, 0.467379, 0.207793, 0.363292, 0.440212, 0.524802, 0.605995, 0.673239, 0.731999, 0.779879
elapsed time for k point: 0 seconds.
solve_kpoint (0.380952,0,0):
Solving for bands 1 to 8...
    linmin: converged after 3 iterations.
    linmin: converged after 2 iterations.
    linmin: converged after 2 iterations.
    linmin: converged after 2 iterations.
    linmin: converged after 2 iterations.
    linmin: converged after 2 iterations.
    linmin: converged after 2 iterations.
    linmin: converged after 2 iterations.
Finished solving for bands 1 to 8 after 8 iterations.
tefreqs:, 6, 0.380952, 0, 0, 0.439886, 0.198407, 0.371328, 0.441925, 0.525527, 0.600841, 0.678984, 0.727511, 0.783826
elapsed time for k point: 0 seconds.
solve_kpoint (0.357143,0,0):
Solving for bands 1 to 8...
    linmin: converged after 3 iterations.
    linmin: converged after 2 iterations.
    linmin: converged after 2 iterations.
    linmin: converged after 2 iterations.
    linmin: converged after 2 iterations.
    linmin: converged after 3 iterations.
    linmin: converged after 2 iterations.
    linmin: converged after 2 iterations.
Finished solving for bands 1 to 8 after 8 iterations.
tefreqs:, 7, 0.357143, 0, 0, 0.412393, 0.188097, 0.37984, 0.444127, 0.526391, 0.595502, 0.685048, 0.722891, 0.787793
elapsed time for k point: 0 seconds.
solve_kpoint (0.333333,0,0):
Solving for bands 1 to 8...
    linmin: converged after 3 iterations.
    linmin: converged after 2 iterations.
    linmin: converged after 2 iterations.
    linmin: converged after 2 iterations.
    linmin: converged after 2 iterations.
    linmin: converged after 3 iterations.
    linmin: converged after 2 iterations.
    linmin: converged after 2 iterations.
Finished solving for bands 1 to 8 after 8 iterations.
tefreqs:, 8, 0.333333, 0, 0, 0.3849, 0.177111, 0.38847, 0.4469, 0.527382, 0.590103, 0.69131, 0.718238, 0.791688
elapsed time for k point: 1 seconds.
solve_kpoint (0.309524,0,0):
Solving for bands 1 to 8...
    linmin: converged after 3 iterations.
    linmin: converged after 3 iterations.
    linmin: converged after 2 iterations.
    linmin: converged after 2 iterations.
    linmin: converged after 2 iterations.
    linmin: converged after 3 iterations.
    linmin: converged after 2 iterations.
    linmin: converged after 2 iterations.
    linmin: converged after 2 iterations.
Finished solving for bands 1 to 8 after 9 iterations.
tefreqs:, 9, 0.309524, 0, 0, 0.357407, 0.165624, 0.3969, 0.450351, 0.528483, 0.58473, 0.697686, 0.713619, 0.795453
elapsed time for k point: 0 seconds.
solve_kpoint (0.285714,0,0):
Solving for bands 1 to 8...
    linmin: converged after 3 iterations.
    linmin: converged after 3 iterations.
    linmin: converged after 3 iterations.
    linmin: converged after 2 iterations.
    linmin: converged after 2 iterations.
    linmin: converged after 3 iterations.
    linmin: converged after 2 iterations.
    linmin: converged after 3 iterations.
    linmin: converged after 9 iterations.
    linmin: converged after 3 iterations.
    linmin: converged after 3 iterations.
    linmin: converged after 3 iterations.
    linmin: converged after 3 iterations.
    linmin: converged after 3 iterations.
    linmin: converged after 3 iterations.
    linmin: converged after 3 iterations.
    linmin: converged after 3 iterations.
    linmin: converged after 3 iterations.
    linmin: converged after 3 iterations.
    linmin: converged after 4 iterations.
    linmin: converged after 4 iterations.
    linmin: converged after 4 iterations.
    linmin: converged after 4 iterations.
    linmin: converged after 4 iterations.
    linmin: converged after 3 iterations.
    linmin: converged after 3 iterations.
    linmin: converged after 3 iterations.
    linmin: converged after 3 iterations.
    linmin: converged after 3 iterations.
    linmin: converged after 3 iterations.
    linmin: converged after 3 iterations.
    linmin: converged after 3 iterations.
    linmin: converged after 3 iterations.
    linmin: converged after 3 iterations.
    linmin: converged after 3 iterations.
    linmin: converged after 3 iterations.
    linmin: converged after 3 iterations.
    linmin: converged after 3 iterations.
    linmin: converged after 3 iterations.
    linmin: converged after 3 iterations.
    linmin: converged after 3 iterations.
    linmin: converged after 3 iterations.
    linmin: converged after 3 iterations.
    linmin: converged after 3 iterations.
    linmin: converged after 3 iterations.
    linmin: converged after 3 iterations.
    linmin: converged after 3 iterations.
    linmin: converged after 3 iterations.
    linmin: converged after 3 iterations.
    linmin: converged after 3 iterations.
    linmin: converged after 3 iterations.
    linmin: converged after 3 iterations.
    linmin: converged after 3 iterations.
    linmin: converged after 3 iterations.
    linmin: converged after 3 iterations.
    linmin: converged after 3 iterations.
    linmin: converged after 3 iterations.
    linmin: converged after 3 iterations.
    linmin: converged after 3 iterations.
    linmin: converged after 3 iterations.
    linmin: converged after 3 iterations.
    linmin: converged after 3 iterations.
    linmin: converged after 3 iterations.
    linmin: converged after 3 iterations.
    linmin: converged after 3 iterations.
    linmin: converged after 3 iterations.
    linmin: converged after 3 iterations.
    linmin: converged after 3 iterations.
    linmin: converged after 3 iterations.
    linmin: converged after 4 iterations.
    linmin: converged after 4 iterations.
    linmin: converged after 2 iterations.
    linmin: converged after 2 iterations.
    linmin: converged after 2 iterations.
    linmin: converged after 2 iterations.
    linmin: converged after 3 iterations.
    linmin: converged after 3 iterations.
    linmin: converged after 2 iterations.
    linmin: converged after 2 iterations.
    linmin: converged after 2 iterations.
    linmin: converged after 2 iterations.
    linmin: converged after 2 iterations.
    linmin: converged after 2 iterations.
Finished solving for bands 1 to 8 after 83 iterations.
tefreqs:, 10, 0.285714, 0, 0, 0.329914, 0.153761, 0.404843, 0.454602, 0.529678, 0.579443, 0.704114, 0.709088, 0.76447
elapsed time for k point: 0 seconds.
solve_kpoint (0.261905,0,0):
Solving for bands 1 to 8...
    linmin: converged after 3 iterations.
    linmin: converged after 3 iterations.
    linmin: converged after 2 iterations.
    linmin: converged after 2 iterations.
    linmin: converged after 2 iterations.
    linmin: converged after 2 iterations.
    linmin: converged after 2 iterations.
    linmin: converged after 2 iterations.
    linmin: converged after 2 iterations.
Finished solving for bands 1 to 8 after 9 iterations.
tefreqs:, 11, 0.261905, 0, 0, 0.302422, 0.14161, 0.412059, 0.459747, 0.530944, 0.574296, 0.704692, 0.71054, 0.754912
elapsed time for k point: 0 seconds.
solve_kpoint (0.238095,0,0):
Solving for bands 1 to 8...
    linmin: converged after 3 iterations.
    linmin: converged after 3 iterations.
    linmin: converged after 2 iterations.
    linmin: converged after 2 iterations.
    linmin: converged after 2 iterations.
    linmin: converged after 2 iterations.
    linmin: converged after 2 iterations.
    linmin: converged after 2 iterations.
Finished solving for bands 1 to 8 after 8 iterations.
tefreqs:, 12, 0.238095, 0, 0, 0.274929, 0.129235, 0.418394, 0.465806, 0.532257, 0.569333, 0.700476, 0.716896, 0.745267
elapsed time for k point: 0 seconds.
solve_kpoint (0.214286,0,0):
Solving for bands 1 to 8...
    linmin: converged after 3 iterations.
    linmin: converged after 3 iterations.
    linmin: converged after 2 iterations.
    linmin: converged after 2 iterations.
    linmin: converged after 2 iterations.
    linmin: converged after 2 iterations.
    linmin: converged after 2 iterations.
    linmin: converged after 2 iterations.
Finished solving for bands 1 to 8 after 8 iterations.
tefreqs:, 13, 0.214286, 0, 0, 0.247436, 0.116685, 0.423818, 0.472676, 0.533591, 0.564603, 0.696481, 0.722997, 0.735808
elapsed time for k point: 1 seconds.
solve_kpoint (0.190476,0,0):
Solving for bands 1 to 8...
    linmin: converged after 3 iterations.
    linmin: converged after 3 iterations.
    linmin: converged after 2 iterations.
    linmin: converged after 3 iterations.
    linmin: converged after 2 iterations.
    linmin: converged after 2 iterations.
    linmin: converged after 2 iterations.
    linmin: converged after 2 iterations.
Finished solving for bands 1 to 8 after 8 iterations.
tefreqs:, 14, 0.190476, 0, 0, 0.219943, 0.103997, 0.4284, 0.480135, 0.534915, 0.56015, 0.692749, 0.724683, 0.730777
elapsed time for k point: 0 seconds.
solve_kpoint (0.166667,0,0):
Solving for bands 1 to 8...
    linmin: converged after 3 iterations.
    linmin: converged after 3 iterations.
    linmin: converged after 2 iterations.
    linmin: converged after 3 iterations.
    linmin: converged after 2 iterations.
    linmin: converged after 2 iterations.
    linmin: converged after 3 iterations.
    linmin: converged after 2 iterations.
Finished solving for bands 1 to 8 after 8 iterations.
tefreqs:, 15, 0.166667, 0, 0, 0.19245, 0.0911977, 0.432261, 0.487896, 0.536197, 0.556028, 0.689323, 0.716217, 0.735995
elapsed time for k point: 0 seconds.
solve_kpoint (0.142857,0,0):
Solving for bands 1 to 8...
    linmin: converged after 3 iterations.
    linmin: converged after 3 iterations.
    linmin: converged after 1 iterations.
    linmin: converged after 3 iterations.
    linmin: converged after 2 iterations.
    linmin: converged after 2 iterations.
    linmin: converged after 3 iterations.
    linmin: converged after 2 iterations.
Finished solving for bands 1 to 8 after 8 iterations.
tefreqs:, 16, 0.142857, 0, 0, 0.164957, 0.0783108, 0.435515, 0.495643, 0.537405, 0.552293, 0.686242, 0.707492, 0.741657
elapsed time for k point: 0 seconds.
solve_kpoint (0.119048,0,0):
Solving for bands 1 to 8...
    linmin: converged after 3 iterations.
    linmin: converged after 3 iterations.
    linmin: converged after 2 iterations.
    linmin: converged after 3 iterations.
    linmin: converged after 3 iterations.
    linmin: converged after 2 iterations.
    linmin: converged after 3 iterations.
    linmin: converged after 2 iterations.
    linmin: converged after 2 iterations.
Finished solving for bands 1 to 8 after 9 iterations.
tefreqs:, 17, 0.119048, 0, 0, 0.137464, 0.0653543, 0.43824, 0.503053, 0.538503, 0.549008, 0.683549, 0.699331, 0.747033
elapsed time for k point: 0 seconds.
solve_kpoint (0.0952381,0,0):
Solving for bands 1 to 8...
    linmin: converged after 3 iterations.
    linmin: converged after 3 iterations.
    linmin: converged after 3 iterations.
    linmin: converged after 3 iterations.
    linmin: converged after 3 iterations.
    linmin: converged after 2 iterations.
    linmin: converged after 3 iterations.
    linmin: converged after 2 iterations.
    linmin: converged after 2 iterations.
Finished solving for bands 1 to 8 after 9 iterations.
tefreqs:, 18, 0.0952381, 0, 0, 0.109971, 0.0523437, 0.440478, 0.509793, 0.539459, 0.546241, 0.681283, 0.692021, 0.751937
elapsed time for k point: 0 seconds.
solve_kpoint (0.0714286,0,0):
Solving for bands 1 to 8...
    linmin: converged after 4 iterations.
    linmin: converged after 3 iterations.
    linmin: converged after 3 iterations.
    linmin: converged after 3 iterations.
    linmin: converged after 3 iterations.
    linmin: converged after 2 iterations.
    linmin: converged after 3 iterations.
    linmin: converged after 2 iterations.
    linmin: converged after 2 iterations.
Finished solving for bands 1 to 8 after 9 iterations.
tefreqs:, 19, 0.0714286, 0, 0, 0.0824786, 0.0392919, 0.44224, 0.515516, 0.540239, 0.54406, 0.679478, 0.68585, 0.756171
elapsed time for k point: 0 seconds.
solve_kpoint (0.047619,0,0):
Solving for bands 1 to 8...
    linmin: converged after 4 iterations.
    linmin: converged after 3 iterations.
    linmin: converged after 3 iterations.
    linmin: converged after 3 iterations.
    linmin: converged after 3 iterations.
    linmin: converged after 3 iterations.
    linmin: converged after 3 iterations.
    linmin: converged after 2 iterations.
    linmin: converged after 2 iterations.
Finished solving for bands 1 to 8 after 9 iterations.
tefreqs:, 20, 0.047619, 0, 0, 0.0549857, 0.0262106, 0.443518, 0.51988, 0.540818, 0.54252, 0.678165, 0.681124, 0.759497
elapsed time for k point: 0 seconds.
solve_kpoint (0.0238095,0,0):
Solving for bands 1 to 8...
    linmin: converged after 6 iterations.
    linmin: converged after 4 iterations.
    linmin: converged after 4 iterations.
    linmin: converged after 4 iterations.
    linmin: converged after 3 iterations.
    linmin: converged after 3 iterations.
    linmin: converged after 2 iterations.
    linmin: converged after 2 iterations.
    linmin: converged after 2 iterations.
    linmin: converged after 2 iterations.
    linmin: converged after 3 iterations.
Finished solving for bands 1 to 8 after 11 iterations.
tefreqs:, 21, 0.0238095, 0, 0, 0.0274929, 0.0131101, 0.444294, 0.522601, 0.541172, 0.541632, 0.677367, 0.67814, 0.761648
elapsed time for k point: 0 seconds.
solve_kpoint (0,0,0):
Solving for bands 2 to 8...
    linmin: converged after 2 iterations.
    linmin: converged after 2 iterations.
    linmin: converged after 4 iterations.
    linmin: converged after 4 iterations.
    linmin: converged after 2 iterations.
    linmin: converged after 2 iterations.
    linmin: converged after 2 iterations.
    linmin: converged after 2 iterations.
    linmin: converged after 2 iterations.
Finished solving for bands 2 to 8 after 9 iterations.
tefreqs:, 22, 0, 0, 0, 0, 0, 0.444555, 0.523521, 0.541272, 0.541368, 0.677091, 0.677126, 0.762395
elapsed time for k point: 0 seconds.
solve_kpoint (0.015873,0.015873,0):
Solving for bands 1 to 8...
    linmin: converged after 4 iterations.
    linmin: converged after 4 iterations.
    linmin: converged after 4 iterations.
    linmin: converged after 4 iterations.
    linmin: converged after 3 iterations.
    linmin: converged after 2 iterations.
    linmin: converged after 3 iterations.
    linmin: converged after 2 iterations.
    linmin: converged after 3 iterations.
Finished solving for bands 1 to 8 after 9 iterations.
tefreqs:, 23, 0.015873, 0.015873, 0, 0.0183286, 0.00874167, 0.444439, 0.523113, 0.541314, 0.541396, 0.677245, 0.677548, 0.76206
elapsed time for k point: 0 seconds.
solve_kpoint (0.031746,0.031746,0):
Solving for bands 1 to 8...
    linmin: converged after 3 iterations.
    linmin: converged after 3 iterations.
    linmin: converged after 3 iterations.
    linmin: converged after 3 iterations.
    linmin: converged after 3 iterations.
    linmin: converged after 2 iterations.
    linmin: converged after 2 iterations.
    linmin: converged after 2 iterations.
Finished solving for bands 1 to 8 after 8 iterations.
tefreqs:, 24, 0.031746, 0.031746, 0, 0.0366572, 0.0174806, 0.444092, 0.521895, 0.541154, 0.541776, 0.677602, 0.6789, 0.761075
elapsed time for k point: 0 seconds.
solve_kpoint (0.047619,0.047619,0):
Solving for bands 1 to 8...
    linmin: converged after 3 iterations.
    linmin: converged after 3 iterations.
    linmin: converged after 3 iterations.
    linmin: converged after 3 iterations.
    linmin: converged after 3 iterations.
    linmin: converged after 2 iterations.
    linmin: converged after 2 iterations.
    linmin: converged after 2 iterations.
Finished solving for bands 1 to 8 after 8 iterations.
tefreqs:, 25, 0.047619, 0.047619, 0, 0.0549857, 0.0262138, 0.443518, 0.51989, 0.54089, 0.542434, 0.678192, 0.681101, 0.759492
elapsed time for k point: 0 seconds.
solve_kpoint (0.0634921,0.0634921,0):
Solving for bands 1 to 8...
    linmin: converged after 3 iterations.
    linmin: converged after 3 iterations.
    linmin: converged after 3 iterations.
    linmin: converged after 3 iterations.
    linmin: converged after 3 iterations.
    linmin: converged after 2 iterations.
    linmin: converged after 2 iterations.
    linmin: converged after 2 iterations.
Finished solving for bands 1 to 8 after 8 iterations.
tefreqs:, 26, 0.0634921, 0.0634921, 0, 0.0733143, 0.0349385, 0.44272, 0.517152, 0.540527, 0.543382, 0.679012, 0.684077, 0.757385
elapsed time for k point: 1 seconds.
solve_kpoint (0.0793651,0.0793651,0):
Solving for bands 1 to 8...
    linmin: converged after 3 iterations.
    linmin: converged after 3 iterations.
    linmin: converged after 3 iterations.
    linmin: converged after 3 iterations.
    linmin: converged after 3 iterations.
    linmin: converged after 2 iterations.
    linmin: converged after 2 iterations.
    linmin: converged after 2 iterations.
Finished solving for bands 1 to 8 after 8 iterations.
tefreqs:, 27, 0.0793651, 0.0793651, 0, 0.0916429, 0.0436516, 0.441705, 0.51376, 0.54007, 0.544621, 0.680055, 0.687743, 0.754835
elapsed time for k point: 0 seconds.
solve_kpoint (0.0952381,0.0952381,0):
Solving for bands 1 to 8...
    linmin: converged after 3 iterations.
    linmin: converged after 3 iterations.
    linmin: converged after 3 iterations.
    linmin: converged after 3 iterations.
    linmin: converged after 3 iterations.
    linmin: converged after 2 iterations.
    linmin: converged after 2 iterations.
    linmin: converged after 2 iterations.
Finished solving for bands 1 to 8 after 8 iterations.
tefreqs:, 28, 0.0952381, 0.0952381, 0, 0.109971, 0.05235, 0.440477, 0.509811, 0.539528, 0.546141, 0.681312, 0.692006, 0.75192
elapsed time for k point: 0 seconds.
solve_kpoint (0.111111,0.111111,0):
Solving for bands 1 to 8...
    linmin: converged after 3 iterations.
    linmin: converged after 3 iterations.
    linmin: converged after 3 iterations.
    linmin: converged after 3 iterations.
    linmin: converged after 3 iterations.
    linmin: converged after 2 iterations.
    linmin: converged after 2 iterations.
    linmin: converged after 2 iterations.
Finished solving for bands 1 to 8 after 8 iterations.
tefreqs:, 29, 0.111111, 0.111111, 0, 0.1283, 0.0610302, 0.439039, 0.505409, 0.538907, 0.547922, 0.682775, 0.696774, 0.748709
elapsed time for k point: 0 seconds.
solve_kpoint (0.126984,0.126984,0):
Solving for bands 1 to 8...
    linmin: converged after 3 iterations.
    linmin: converged after 3 iterations.
    linmin: converged after 3 iterations.
    linmin: converged after 2 iterations.
    linmin: converged after 3 iterations.
    linmin: converged after 2 iterations.
    linmin: converged after 2 iterations.
    linmin: converged after 2 iterations.
Finished solving for bands 1 to 8 after 8 iterations.
tefreqs:, 30, 0.126984, 0.126984, 0, 0.146629, 0.0696884, 0.437387, 0.500657, 0.538218, 0.549944, 0.684432, 0.701962, 0.745261
elapsed time for k point: 0 seconds.
solve_kpoint (0.142857,0.142857,0):
Solving for bands 1 to 8...
    linmin: converged after 3 iterations.
    linmin: converged after 3 iterations.
    linmin: converged after 3 iterations.
    linmin: converged after 2 iterations.
    linmin: converged after 3 iterations.
    linmin: converged after 2 iterations.
    linmin: converged after 2 iterations.
    linmin: converged after 2 iterations.
Finished solving for bands 1 to 8 after 8 iterations.
tefreqs:, 31, 0.142857, 0.142857, 0, 0.164957, 0.0783204, 0.435515, 0.495657, 0.537471, 0.552188, 0.686274, 0.707486, 0.74163
elapsed time for k point: 0 seconds.
solve_kpoint (0.15873,0.15873,0):
Solving for bands 1 to 8...
    linmin: converged after 3 iterations.
    linmin: converged after 3 iterations.
    linmin: converged after 2 iterations.
    linmin: converged after 2 iterations.
    linmin: converged after 3 iterations.
    linmin: converged after 2 iterations.
    linmin: converged after 2 iterations.
Finished solving for bands 1 to 8 after 7 iterations.
tefreqs:, 32, 0.15873, 0.15873, 0, 0.183286, 0.0869216, 0.43341, 0.490506, 0.536675, 0.554631, 0.688288, 0.713264, 0.737869
elapsed time for k point: 0 seconds.
solve_kpoint (0.174603,0.174603,0):
Solving for bands 1 to 8...
    linmin: converged after 3 iterations.
    linmin: converged after 3 iterations.
    linmin: converged after 2 iterations.
    linmin: converged after 2 iterations.
    linmin: converged after 3 iterations.
    linmin: converged after 2 iterations.
    linmin: converged after 2 iterations.
Finished solving for bands 1 to 8 after 7 iterations.
tefreqs:, 33, 0.174603, 0.174603, 0, 0.201614, 0.0954868, 0.43105, 0.485301, 0.53584, 0.557256, 0.690462, 0.719175, 0.734072
elapsed time for k point: 0 seconds.
solve_kpoint (0.190476,0.190476,0):
Solving for bands 1 to 8...
    linmin: converged after 3 iterations.
    linmin: converged after 3 iterations.
    linmin: converged after 2 iterations.
    linmin: converged after 2 iterations.
    linmin: converged after 3 iterations.
    linmin: converged after 2 iterations.
    linmin: converged after 2 iterations.
Finished solving for bands 1 to 8 after 7 iterations.
tefreqs:, 34, 0.190476, 0.190476, 0, 0.219943, 0.10401, 0.428405, 0.480137, 0.534977, 0.560044, 0.692784, 0.724669, 0.73076
elapsed time for k point: 0 seconds.
solve_kpoint (0.206349,0.206349,0):
Solving for bands 1 to 8...
    linmin: converged after 3 iterations.
    linmin: converged after 3 iterations.
    linmin: converged after 2 iterations.
    linmin: converged after 2 iterations.
    linmin: converged after 3 iterations.
    linmin: converged after 2 iterations.
    linmin: converged after 2 iterations.
Finished solving for bands 1 to 8 after 7 iterations.
tefreqs:, 35, 0.206349, 0.206349, 0, 0.238272, 0.112484, 0.42544, 0.475106, 0.534096, 0.56298, 0.695241, 0.724738, 0.732917
elapsed time for k point: 0 seconds.
solve_kpoint (0.222222,0.222222,0):
Solving for bands 1 to 8...
    linmin: converged after 3 iterations.
    linmin: converged after 3 iterations.
    linmin: converged after 2 iterations.
    linmin: converged after 2 iterations.
    linmin: converged after 3 iterations.
    linmin: converged after 2 iterations.
    linmin: converged after 2 iterations.
Finished solving for bands 1 to 8 after 7 iterations.
tefreqs:, 36, 0.222222, 0.222222, 0, 0.2566, 0.120901, 0.422118, 0.470298, 0.533206, 0.566046, 0.697822, 0.720974, 0.738924
elapsed time for k point: 0 seconds.
solve_kpoint (0.238095,0.238095,0):
Solving for bands 1 to 8...
    linmin: converged after 3 iterations.
    linmin: converged after 3 iterations.
    linmin: converged after 2 iterations.
    linmin: converged after 2 iterations.
    linmin: converged after 3 iterations.
    linmin: converged after 2 iterations.
    linmin: converged after 2 iterations.
Finished solving for bands 1 to 8 after 7 iterations.
tefreqs:, 37, 0.238095, 0.238095, 0, 0.274929, 0.129252, 0.418407, 0.465792, 0.532316, 0.569229, 0.700513, 0.716846, 0.745291
elapsed time for k point: 0 seconds.
solve_kpoint (0.253968,0.253968,0):
Solving for bands 1 to 8...
    linmin: converged after 3 iterations.
    linmin: converged after 3 iterations.
    linmin: converged after 2 iterations.
    linmin: converged after 2 iterations.
    linmin: converged after 3 iterations.
    linmin: converged after 2 iterations.
    linmin: converged after 2 iterations.
    linmin: converged after 2 iterations.
Finished solving for bands 1 to 8 after 8 iterations.
tefreqs:, 38, 0.253968, 0.253968, 0, 0.293257, 0.137525, 0.414287, 0.461648, 0.531436, 0.572515, 0.703302, 0.712618, 0.751726
elapsed time for k point: 0 seconds.
solve_kpoint (0.269841,0.269841,0):
Solving for bands 1 to 8...
    linmin: converged after 3 iterations.
    linmin: converged after 3 iterations.
    linmin: converged after 2 iterations.
    linmin: converged after 3 iterations.
    linmin: converged after 3 iterations.
    linmin: converged after 2 iterations.
    linmin: converged after 2 iterations.
    linmin: converged after 2 iterations.
Finished solving for bands 1 to 8 after 8 iterations.
tefreqs:, 39, 0.269841, 0.269841, 0, 0.311586, 0.145708, 0.409763, 0.457904, 0.530572, 0.57589, 0.706177, 0.708347, 0.758149
elapsed time for k point: 0 seconds.
solve_kpoint (0.285714,0.285714,0):
Solving for bands 1 to 8...
    linmin: converged after 3 iterations.
    linmin: converged after 3 iterations.
    linmin: converged after 2 iterations.
    linmin: converged after 3 iterations.
    linmin: converged after 3 iterations.
    linmin: converged after 2 iterations.
    linmin: converged after 2 iterations.
    linmin: converged after 2 iterations.
Finished solving for bands 1 to 8 after 8 iterations.
tefreqs:, 40, 0.285714, 0.285714, 0, 0.329914, 0.153782, 0.404861, 0.454573, 0.529734, 0.579341, 0.704058, 0.709126, 0.764508
elapsed time for k point: 1 seconds.
solve_kpoint (0.301587,0.301587,0):
Solving for bands 1 to 8...
    linmin: converged after 3 iterations.
    linmin: converged after 3 iterations.
    linmin: converged after 2 iterations.
    linmin: converged after 3 iterations.
    linmin: converged after 3 iterations.
    linmin: converged after 2 iterations.
    linmin: converged after 2 iterations.
    linmin: converged after 2 iterations.
Finished solving for bands 1 to 8 after 8 iterations.
tefreqs:, 41, 0.301587, 0.301587, 0, 0.348243, 0.161729, 0.399634, 0.451641, 0.528927, 0.582854, 0.699767, 0.712134, 0.770757
elapsed time for k point: 0 seconds.
solve_kpoint (0.31746,0.31746,0):
Solving for bands 1 to 8...
    linmin: converged after 3 iterations.
    linmin: converged after 3 iterations.
    linmin: converged after 3 iterations.
    linmin: converged after 3 iterations.
    linmin: converged after 3 iterations.
    linmin: converged after 2 iterations.
    linmin: converged after 2 iterations.
    linmin: converged after 2 iterations.
Finished solving for bands 1 to 8 after 8 iterations.
tefreqs:, 42, 0.31746, 0.31746, 0, 0.366572, 0.169525, 0.394149, 0.449083, 0.528159, 0.586413, 0.695491, 0.715189, 0.776848
elapsed time for k point: 0 seconds.
solve_kpoint (0.333333,0.333333,0):
Solving for bands 1 to 8...
    linmin: converged after 3 iterations.
    linmin: converged after 3 iterations.
    linmin: converged after 3 iterations.
    linmin: converged after 3 iterations.
    linmin: converged after 3 iterations.
    linmin: converged after 2 iterations.
    linmin: converged after 2 iterations.
    linmin: converged after 2 iterations.
Finished solving for bands 1 to 8 after 8 iterations.
tefreqs:, 43, 0.333333, 0.333333, 0, 0.3849, 0.177137, 0.388488, 0.446862, 0.527435, 0.590004, 0.691247, 0.718276, 0.782729
elapsed time for k point: 0 seconds.
solve_kpoint (0.34127,0.31746,0):
Solving for bands 1 to 8...
    linmin: converged after 4 iterations.
    linmin: converged after 4 iterations.
    linmin: converged after 4 iterations.
    linmin: converged after 2 iterations.
    linmin: converged after 2 iterations.
    linmin: converged after 2 iterations.
    linmin: converged after 4 iterations.
    linmin: converged after 4 iterations.
    linmin: converged after 2 iterations.
    linmin: converged after 2 iterations.
    linmin: converged after 2 iterations.
    linmin: converged after 2 iterations.
    linmin: converged after 2 iterations.
Finished solving for bands 1 to 8 after 13 iterations.
tefreqs:, 44, 0.34127, 0.31746, 0, 0.381063, 0.175592, 0.390021, 0.4465, 0.528381, 0.588852, 0.692066, 0.717719, 0.781227
elapsed time for k point: 0 seconds.
solve_kpoint (0.349206,0.301587,0):
Solving for bands 1 to 8...
    linmin: converged after 4 iterations.
    linmin: converged after 2 iterations.
    linmin: converged after 2 iterations.
    linmin: converged after 2 iterations.
    linmin: converged after 2 iterations.
    linmin: converged after 2 iterations.
    linmin: converged after 2 iterations.
    linmin: converged after 2 iterations.
    linmin: converged after 2 iterations.
    linmin: converged after 2 iterations.
    linmin: converged after 2 iterations.
    linmin: converged after 2 iterations.
    linmin: converged after 2 iterations.
Finished solving for bands 1 to 8 after 13 iterations.
tefreqs:, 45, 0.349206, 0.301587, 0, 0.378741, 0.174723, 0.391753, 0.444486, 0.53076, 0.587205, 0.692414, 0.717584, 0.779861
elapsed time for k point: 0 seconds.
solve_kpoint (0.357143,0.285714,0):
Solving for bands 1 to 8...
    linmin: converged after 4 iterations.
    linmin: converged after 2 iterations.
    linmin: converged after 2 iterations.
    linmin: converged after 2 iterations.
    linmin: converged after 2 iterations.
    linmin: converged after 2 iterations.
    linmin: converged after 2 iterations.
    linmin: converged after 2 iterations.
    linmin: converged after 2 iterations.
    linmin: converged after 2 iterations.
    linmin: converged after 2 iterations.
    linmin: converged after 2 iterations.
    linmin: converged after 2 iterations.
Finished solving for bands 1 to 8 after 13 iterations.
tefreqs:, 46, 0.357143, 0.285714, 0, 0.377964, 0.174535, 0.393672, 0.441078, 0.534301, 0.585096, 0.692314, 0.717837, 0.778847
elapsed time for k point: 0 seconds.
solve_kpoint (0.365079,0.269841,0):
Solving for bands 1 to 8...
    linmin: converged after 4 iterations.
    linmin: converged after 2 iterations.
    linmin: converged after 2 iterations.
    linmin: converged after 2 iterations.
    linmin: converged after 2 iterations.
    linmin: converged after 2 iterations.
    linmin: converged after 2 iterations.
    linmin: converged after 2 iterations.
    linmin: converged after 2 iterations.
    linmin: converged after 2 iterations.
    linmin: converged after 2 iterations.
    linmin: converged after 2 iterations.
    linmin: converged after 2 iterations.
Finished solving for bands 1 to 8 after 13 iterations.
tefreqs:, 47, 0.365079, 0.269841, 0, 0.378741, 0.175025, 0.395758, 0.436593, 0.53867, 0.582586, 0.691796, 0.718431, 0.778272
elapsed time for k point: 0 seconds.
solve_kpoint (0.373016,0.253968,0):
Solving for bands 1 to 8...
    linmin: converged after 4 iterations.
    linmin: converged after 2 iterations.
    linmin: converged after 2 iterations.
    linmin: converged after 2 iterations.
    linmin: converged after 2 iterations.
    linmin: converged after 2 iterations.
    linmin: converged after 2 iterations.
    linmin: converged after 2 iterations.
    linmin: converged after 2 iterations.
    linmin: converged after 2 iterations.
    linmin: converged after 2 iterations.
    linmin: converged after 2 iterations.
    linmin: converged after 2 iterations.
Finished solving for bands 1 to 8 after 13 iterations.
tefreqs:, 48, 0.373016, 0.253968, 0, 0.381063, 0.176172, 0.397982, 0.431333, 0.543532, 0.579779, 0.690899, 0.719309, 0.778164
elapsed time for k point: 0 seconds.
solve_kpoint (0.380952,0.238095,0):
Solving for bands 1 to 8...
    linmin: converged after 4 iterations.
    linmin: converged after 2 iterations.
    linmin: converged after 2 iterations.
    linmin: converged after 2 iterations.
    linmin: converged after 2 iterations.
    linmin: converged after 2 iterations.
    linmin: converged after 2 iterations.
    linmin: converged after 2 iterations.
    linmin: converged after 2 iterations.
    linmin: converged after 2 iterations.
    linmin: converged after 2 iterations.
    linmin: converged after 2 iterations.
    linmin: converged after 2 iterations.
Finished solving for bands 1 to 8 after 13 iterations.
tefreqs:, 49, 0.380952, 0.238095, 0, 0.3849, 0.177947, 0.400284, 0.425575, 0.548536, 0.576858, 0.689663, 0.720413, 0.778509
elapsed time for k point: 0 seconds.
solve_kpoint (0.388889,0.222222,0):
Solving for bands 1 to 8...
    linmin: converged after 2 iterations.
    linmin: converged after 2 iterations.
    linmin: converged after 2 iterations.
    linmin: converged after 2 iterations.
    linmin: converged after 2 iterations.
    linmin: converged after 2 iterations.
    linmin: converged after 2 iterations.
    linmin: converged after 2 iterations.
    linmin: converged after 2 iterations.
    linmin: converged after 2 iterations.
    linmin: converged after 2 iterations.
    linmin: converged after 2 iterations.
    linmin: converged after 2 iterations.
Finished solving for bands 1 to 8 after 13 iterations.
tefreqs:, 50, 0.388889, 0.222222, 0, 0.390209, 0.180307, 0.402503, 0.419642, 0.553183, 0.574217, 0.688131, 0.721693, 0.779263
elapsed time for k point: 1 seconds.
solve_kpoint (0.396825,0.206349,0):
Solving for bands 1 to 8...
    linmin: converged after 2 iterations.
    linmin: converged after 2 iterations.
    linmin: converged after 2 iterations.
    linmin: converged after 2 iterations.
    linmin: converged after 2 iterations.
    linmin: converged after 2 iterations.
    linmin: converged after 2 iterations.
    linmin: converged after 2 iterations.
    linmin: converged after 2 iterations.
    linmin: converged after 2 iterations.
    linmin: converged after 2 iterations.
    linmin: converged after 2 iterations.
    linmin: converged after 2 iterations.
Finished solving for bands 1 to 8 after 13 iterations.
tefreqs:, 51, 0.396825, 0.206349, 0, 0.396931, 0.183202, 0.403978, 0.414311, 0.556457, 0.572812, 0.686342, 0.723109, 0.780345
elapsed time for k point: 0 seconds.
solve_kpoint (0.404762,0.190476,0):
Solving for bands 1 to 8...
    linmin: converged after 2 iterations.
    linmin: converged after 2 iterations.
    linmin: converged after 2 iterations.
    linmin: converged after 2 iterations.
    linmin: converged after 2 iterations.
    linmin: converged after 2 iterations.
    linmin: converged after 2 iterations.
    linmin: converged after 2 iterations.
    linmin: converged after 2 iterations.
    linmin: converged after 2 iterations.
    linmin: converged after 2 iterations.
    linmin: converged after 2 iterations.
    linmin: converged after 2 iterations.
Finished solving for bands 1 to 8 after 13 iterations.
tefreqs:, 52, 0.404762, 0.190476, 0, 0.404995, 0.18657, 0.40217, 0.412211, 0.556881, 0.574096, 0.684335, 0.724628, 0.781625
elapsed time for k point: 0 seconds.
solve_kpoint (0.412698,0.174603,0):
Solving for bands 1 to 8...
    linmin: converged after 2 iterations.
    linmin: converged after 2 iterations.
    linmin: converged after 2 iterations.
    linmin: converged after 2 iterations.
    linmin: converged after 2 iterations.
    linmin: converged after 2 iterations.
    linmin: converged after 2 iterations.
    linmin: converged after 2 iterations.
    linmin: converged after 2 iterations.
    linmin: converged after 2 iterations.
    linmin: converged after 2 iterations.
    linmin: converged after 2 iterations.
    linmin: converged after 2 iterations.
    linmin: converged after 2 iterations.
Finished solving for bands 1 to 8 after 14 iterations.
tefreqs:, 53, 0.412698, 0.174603, 0, 0.414323, 0.190341, 0.396745, 0.41374, 0.554682, 0.577834, 0.682146, 0.72623, 0.782915
elapsed time for k point: 0 seconds.
solve_kpoint (0.420635,0.15873,0):
Solving for bands 1 to 8...
    linmin: converged after 2 iterations.
    linmin: converged after 2 iterations.
    linmin: converged after 4 iterations.
    linmin: converged after 2 iterations.
    linmin: converged after 2 iterations.
    linmin: converged after 2 iterations.
    linmin: converged after 2 iterations.
    linmin: converged after 2 iterations.
    linmin: converged after 2 iterations.
    linmin: converged after 2 iterations.
    linmin: converged after 2 iterations.
    linmin: converged after 2 iterations.
    linmin: converged after 2 iterations.
    linmin: converged after 2 iterations.
Finished solving for bands 1 to 8 after 14 iterations.
tefreqs:, 54, 0.420635, 0.15873, 0, 0.424832, 0.194437, 0.390338, 0.416317, 0.551273, 0.582624, 0.679808, 0.727905, 0.783945
elapsed time for k point: 0 seconds.
solve_kpoint (0.428571,0.142857,0):
Solving for bands 1 to 8...
    linmin: converged after 2 iterations.
    linmin: converged after 2 iterations.
    linmin: converged after 4 iterations.
    linmin: converged after 4 iterations.
    linmin: converged after 4 iterations.
    linmin: converged after 4 iterations.
    linmin: converged after 4 iterations.
    linmin: converged after 2 iterations.
    linmin: converged after 2 iterations.
    linmin: converged after 2 iterations.
    linmin: converged after 2 iterations.
    linmin: converged after 2 iterations.
    linmin: converged after 2 iterations.
    linmin: converged after 2 iterations.
Finished solving for bands 1 to 8 after 14 iterations.
tefreqs:, 55, 0.428571, 0.142857, 0, 0.436436, 0.198772, 0.383764, 0.419172, 0.547421, 0.587716, 0.677355, 0.729646, 0.784389
elapsed time for k point: 0 seconds.
solve_kpoint (0.436508,0.126984,0):
Solving for bands 1 to 8...
    linmin: converged after 2 iterations.
    linmin: converged after 2 iterations.
    linmin: converged after 4 iterations.
    linmin: converged after 4 iterations.
    linmin: converged after 4 iterations.
    linmin: converged after 4 iterations.
    linmin: converged after 4 iterations.
    linmin: converged after 2 iterations.
    linmin: converged after 2 iterations.
    linmin: converged after 2 iterations.
    linmin: converged after 2 iterations.
    linmin: converged after 2 iterations.
    linmin: converged after 2 iterations.
    linmin: converged after 2 iterations.
Finished solving for bands 1 to 8 after 14 iterations.
tefreqs:, 56, 0.436508, 0.126984, 0, 0.44905, 0.203247, 0.377268, 0.422102, 0.543452, 0.592806, 0.674822, 0.731448, 0.783967
elapsed time for k point: 0 seconds.
solve_kpoint (0.444444,0.111111,0):
Solving for bands 1 to 8...
    linmin: converged after 2 iterations.
    linmin: converged after 4 iterations.
    linmin: converged after 4 iterations.
    linmin: converged after 4 iterations.
    linmin: converged after 4 iterations.
    linmin: converged after 4 iterations.
    linmin: converged after 4 iterations.
    linmin: converged after 2 iterations.
    linmin: converged after 2 iterations.
    linmin: converged after 2 iterations.
    linmin: converged after 2 iterations.
    linmin: converged after 2 iterations.
    linmin: converged after 2 iterations.
Finished solving for bands 1 to 8 after 13 iterations.
tefreqs:, 57, 0.444444, 0.111111, 0, 0.462592, 0.207754, 0.370998, 0.425003, 0.539544, 0.597744, 0.672245, 0.733305, 0.782629
elapsed time for k point: 0 seconds.
solve_kpoint (0.452381,0.0952381,0):
Solving for bands 1 to 8...
    linmin: converged after 2 iterations.
    linmin: converged after 4 iterations.
    linmin: converged after 4 iterations.
    linmin: converged after 4 iterations.
    linmin: converged after 4 iterations.
    linmin: converged after 4 iterations.
    linmin: converged after 2 iterations.
    linmin: converged after 2 iterations.
    linmin: converged after 2 iterations.
    linmin: converged after 2 iterations.
    linmin: converged after 2 iterations.
    linmin: converged after 2 iterations.
    linmin: converged after 2 iterations.
Finished solving for bands 1 to 8 after 13 iterations.
tefreqs:, 58, 0.452381, 0.0952381, 0, 0.476983, 0.212167, 0.365081, 0.427793, 0.535825, 0.602427, 0.669672, 0.735201, 0.780582
elapsed time for k point: 0 seconds.
solve_kpoint (0.460317,0.0793651,0):
Solving for bands 1 to 8...
    linmin: converged after 2 iterations.
    linmin: converged after 2 iterations.
    linmin: converged after 4 iterations.
    linmin: converged after 4 iterations.
    linmin: converged after 2 iterations.
    linmin: converged after 2 iterations.
    linmin: converged after 2 iterations.
    linmin: converged after 2 iterations.
    linmin: converged after 2 iterations.
    linmin: converged after 2 iterations.
    linmin: converged after 2 iterations.
    linmin: converged after 2 iterations.
Finished solving for bands 1 to 8 after 12 iterations.
tefreqs:, 59, 0.460317, 0.0793651, 0, 0.492149, 0.216344, 0.359653, 0.430388, 0.532406, 0.606762, 0.667162, 0.737106, 0.778135
elapsed time for k point: 1 seconds.
solve_kpoint (0.468254,0.0634921,0):
Solving for bands 1 to 8...
    linmin: converged after 2 iterations.
    linmin: converged after 2 iterations.
    linmin: converged after 4 iterations.
    linmin: converged after 2 iterations.
    linmin: converged after 2 iterations.
    linmin: converged after 2 iterations.
    linmin: converged after 2 iterations.
    linmin: converged after 2 iterations.
    linmin: converged after 2 iterations.
    linmin: converged after 2 iterations.
    linmin: converged after 2 iterations.
    linmin: converged after 2 iterations.
Finished solving for bands 1 to 8 after 12 iterations.
tefreqs:, 60, 0.468254, 0.0634921, 0, 0.508019, 0.220125, 0.354866, 0.432701, 0.529397, 0.610645, 0.664798, 0.738966, 0.775582
elapsed time for k point: 0 seconds.
solve_kpoint (0.47619,0.047619,0):
Solving for bands 1 to 8...
    linmin: converged after 2 iterations.
    linmin: converged after 2 iterations.
    linmin: converged after 2 iterations.
    linmin: converged after 2 iterations.
    linmin: converged after 2 iterations.
    linmin: converged after 2 iterations.
    linmin: converged after 2 iterations.
    linmin: converged after 2 iterations.
    linmin: converged after 2 iterations.
    linmin: converged after 2 iterations.
    linmin: converged after 2 iterations.
Finished solving for bands 1 to 8 after 11 iterations.
tefreqs:, 61, 0.47619, 0.047619, 0, 0.524531, 0.223335, 0.350885, 0.434637, 0.526906, 0.613946, 0.662692, 0.740692, 0.773182
elapsed time for k point: 0 seconds.
solve_kpoint (0.484127,0.031746,0):
Solving for bands 1 to 8...
    linmin: converged after 2 iterations.
    linmin: converged after 2 iterations.
    linmin: converged after 2 iterations.
    linmin: converged after 2 iterations.
    linmin: converged after 2 iterations.
    linmin: converged after 2 iterations.
    linmin: converged after 2 iterations.
    linmin: converged after 2 iterations.
    linmin: converged after 2 iterations.
    linmin: converged after 2 iterations.
    linmin: converged after 2 iterations.
Finished solving for bands 1 to 8 after 11 iterations.
tefreqs:, 62, 0.484127, 0.031746, 0, 0.541624, 0.225797, 0.347878, 0.436105, 0.525035, 0.616506, 0.660994, 0.742146, 0.771183
elapsed time for k point: 0 seconds.
solve_kpoint (0.492063,0.015873,0):
Solving for bands 1 to 8...
    linmin: converged after 2 iterations.
    linmin: converged after 2 iterations.
    linmin: converged after 2 iterations.
    linmin: converged after 2 iterations.
    linmin: converged after 2 iterations.
    linmin: converged after 2 iterations.
    linmin: converged after 2 iterations.
    linmin: converged after 2 iterations.
    linmin: converged after 2 iterations.
    linmin: converged after 2 iterations.
    linmin: converged after 2 iterations.
Finished solving for bands 1 to 8 after 11 iterations.
tefreqs:, 63, 0.492063, 0.015873, 0, 0.559247, 0.227351, 0.346, 0.437024, 0.523872, 0.618146, 0.659874, 0.743143, 0.769835
elapsed time for k point: 0 seconds.
solve_kpoint (0.5,0,0):
Solving for bands 1 to 8...
    linmin: converged after 2 iterations.
    linmin: converged after 2 iterations.
    linmin: converged after 2 iterations.
    linmin: converged after 2 iterations.
    linmin: converged after 2 iterations.
    linmin: converged after 2 iterations.
    linmin: converged after 2 iterations.
    linmin: converged after 2 iterations.
    linmin: converged after 2 iterations.
    linmin: converged after 2 iterations.
Finished solving for bands 1 to 8 after 10 iterations.
tefreqs:, 64, 0.5, 0, 0, 0.57735, 0.227883, 0.345361, 0.437337, 0.523477, 0.618713, 0.65948, 0.743502, 0.769355
elapsed time for k point: 0 seconds.
Band 1 range: 0.0 at #(0.0 0.0 0.0) to 0.22788305395589564 at #(0.5 0.0 0.0)
Band 2 range: 0.3453608151473065 at #(0.5 0.0 0.0) to 0.4445551762962259 at #(0.0 0.0 0.0)
Band 3 range: 0.4122110914724552 at #(0.40476190476190443 0.19047619047619047 0.0) to 0.5235213296953147 at #(0.0 0.0 0.0)
Band 4 range: 0.5234771002547224 at #(0.5 0.0 0.0) to 0.5568812108282664 at #(0.40476190476190443 0.19047619047619047 0.0)
Band 5 range: 0.5413676531085161 at #(0.0 0.0 0.0) to 0.6187130804564984 at #(0.5 0.0 0.0)
Band 6 range: 0.6594800504363934 at #(0.5 0.0 0.0) to 0.7061772747106255 at #(0.2698412698412698 0.2698412698412698 0.0)
Band 7 range: 0.6771262423327565 at #(0.0 0.0 0.0) to 0.7435023227040528 at #(0.5 0.0 0.0)
Band 8 range: 0.7307599646550906 at #(0.19047619047619047 0.19047619047619047 0.0) to 0.7954526722044188 at #(0.30952380952380953 0.0 0.0)
Gap from band 1 (0.22788305395589564) to band 2 (0.3453608151473065), 40.98701007485563%
Gap from band 5 (0.6187130804564984) to band 6 (0.6594800504363934), 6.378843540086441%
total elapsed time for run: 6 seconds.
done.
init-params: initializing eigensolver data
Computing 8 bands with 1.000000e-07 tolerance.
Working in 2 dimensions.
Grid size is 64 x 64 x 1.
Solving for 8 bands at a time.
Creating Maxwell data...
Mesh size is 3.
Lattice vectors:
     (1, 0, 0)
     (0.5, 0.866025, 0)
     (0, 0, 1)
Cell volume = 0.866025
Reciprocal lattice vectors (/ 2 pi):
     (1, -0.57735, 0)
     (-0, 1.1547, -0)
     (0, -0, 1)
Geometric objects:
     block, center = (0,0,0)
          size (1e+20,1e+20,1e+20)
          axes (1,0,0), (0,1,0), (0,0,1)
          epsilon = 9.61, mu = 1
     cylinder, center = (0.333333,0.333333,0)
          radius 0.1, height 1e+20, axis (0, 0, 1)
          epsilon = 1, mu = 1
     cylinder, center = (0.666667,0.666667,0)
          radius 0.34, height 1e+20, axis (0, 0, 1)
          epsilon = 1, mu = 1
Geometric object tree has depth 3 and 32 object nodes (vs. 3 actual objects)
Initializing epsilon function...
64 k-points:
     (0.5,0,0)
     (0.47619,0,0)
     (0.452381,0,0)
     (0.428571,0,0)
     (0.404762,0,0)
     (0.380952,0,0)
     (0.357143,0,0)
     (0.333333,0,0)
     (0.309524,0,0)
     (0.285714,0,0)
     (0.261905,0,0)
     (0.238095,0,0)
     (0.214286,0,0)
     (0.190476,0,0)
     (0.166667,0,0)
     (0.142857,0,0)
     (0.119048,0,0)
     (0.0952381,0,0)
     (0.0714286,0,0)
     (0.047619,0,0)
     (0.0238095,0,0)
     (0,0,0)
     (0.015873,0.015873,0)
     (0.031746,0.031746,0)
     (0.047619,0.047619,0)
     (0.0634921,0.0634921,0)
     (0.0793651,0.0793651,0)
     (0.0952381,0.0952381,0)
     (0.111111,0.111111,0)
     (0.126984,0.126984,0)
     (0.142857,0.142857,0)
     (0.15873,0.15873,0)
     (0.174603,0.174603,0)
     (0.190476,0.190476,0)
     (0.206349,0.206349,0)
     (0.222222,0.222222,0)
     (0.238095,0.238095,0)
     (0.253968,0.253968,0)
     (0.269841,0.269841,0)
     (0.285714,0.285714,0)
     (0.301587,0.301587,0)
     (0.31746,0.31746,0)
     (0.333333,0.333333,0)
     (0.34127,0.31746,0)
     (0.349206,0.301587,0)
     (0.357143,0.285714,0)
     (0.365079,0.269841,0)
     (0.373016,0.253968,0)
     (0.380952,0.238095,0)
     (0.388889,0.222222,0)
     (0.396825,0.206349,0)
     (0.404762,0.190476,0)
     (0.412698,0.174603,0)
     (0.420635,0.15873,0)
     (0.428571,0.142857,0)
     (0.436508,0.126984,0)
     (0.444444,0.111111,0)
     (0.452381,0.0952381,0)
     (0.460317,0.0793651,0)
     (0.468254,0.0634921,0)
     (0.47619,0.047619,0)
     (0.484127,0.031746,0)
     (0.492063,0.015873,0)
     (0.5,0,0)
Solving for band polarization: tm.
Initializing fields to random numbers...
elapsed time for initialization: 0 seconds.
epsilon: 1-9.61, mean 5.68706, harm. mean 2.00913, 57.5195% > 1, 54.4374% "fill"
Outputting simulation_InP_optimized-epsilon...
solve_kpoint (0.5,0,0):
tmfreqs:, k index, k1, k2, k3, kmag/2pi, tm band 1, tm band 2, tm band 3, tm band 4, tm band 5, tm band 6, tm band 7, tm band 8
Solving for bands 1 to 8...
    linmin: converged after 11 iterations.
    linmin: converged after 9 iterations.
    linmin: converged after 5 iterations.
    linmin: converged after 5 iterations.
    linmin: converged after 4 iterations.
    linmin: converged after 4 iterations.
    linmin: converged after 4 iterations.
    linmin: converged after 2 iterations.
    linmin: converged after 2 iterations.
    linmin: converged after 2 iterations.
    linmin: converged after 2 iterations.
Finished solving for bands 1 to 8 after 11 iterations.
tmfreqs:, 1, 0.5, 0, 0, 0.57735, 0.214331, 0.253859, 0.387545, 0.454769, 0.571004, 0.594788, 0.6085, 0.630324
elapsed time for k point: 0 seconds.
solve_kpoint (0.47619,0,0):
Solving for bands 1 to 8...
    linmin: converged after 4 iterations.
    linmin: converged after 2 iterations.
    linmin: converged after 2 iterations.
    linmin: converged after 2 iterations.
    linmin: converged after 2 iterations.
Finished solving for bands 1 to 8 after 5 iterations.
tmfreqs:, 2, 0.47619, 0, 0, 0.549857, 0.21184, 0.256192, 0.387641, 0.45487, 0.569677, 0.593743, 0.609932, 0.63144
elapsed time for k point: 0 seconds.
solve_kpoint (0.452381,0,0):
Solving for bands 1 to 8...
    linmin: converged after 4 iterations.
    linmin: converged after 2 iterations.
    linmin: converged after 2 iterations.
    linmin: converged after 2 iterations.
    linmin: converged after 2 iterations.
Finished solving for bands 1 to 8 after 5 iterations.
tmfreqs:, 3, 0.452381, 0, 0, 0.522365, 0.205584, 0.261973, 0.387926, 0.455168, 0.566187, 0.590935, 0.613742, 0.634464
elapsed time for k point: 0 seconds.
solve_kpoint (0.428571,0,0):
Solving for bands 1 to 8...
    linmin: converged after 4 iterations.
    linmin: converged after 2 iterations.
    linmin: converged after 2 iterations.
    linmin: converged after 2 iterations.
    linmin: converged after 2 iterations.
Finished solving for bands 1 to 8 after 5 iterations.
tmfreqs:, 4, 0.428571, 0, 0, 0.494872, 0.197339, 0.269427, 0.388398, 0.455639, 0.561428, 0.58699, 0.619049, 0.638772
elapsed time for k point: 0 seconds.
solve_kpoint (0.404762,0,0):
Solving for bands 1 to 8...
    linmin: converged after 4 iterations.
    linmin: converged after 2 iterations.
    linmin: converged after 2 iterations.
    linmin: converged after 2 iterations.
    linmin: converged after 2 iterations.
Finished solving for bands 1 to 8 after 5 iterations.
tmfreqs:, 5, 0.404762, 0, 0, 0.467379, 0.188079, 0.277585, 0.38905, 0.456245, 0.556063, 0.582413, 0.625213, 0.643863
elapsed time for k point: 0 seconds.
solve_kpoint (0.380952,0,0):
Solving for bands 1 to 8...
    linmin: converged after 2 iterations.
    linmin: converged after 2 iterations.
    linmin: converged after 2 iterations.
    linmin: converged after 2 iterations.
    linmin: converged after 2 iterations.
Finished solving for bands 1 to 8 after 5 iterations.
tmfreqs:, 6, 0.380952, 0, 0, 0.439886, 0.178238, 0.286016, 0.389875, 0.45693, 0.55049, 0.577516, 0.631873, 0.649433
elapsed time for k point: 1 seconds.
solve_kpoint (0.357143,0,0):
Solving for bands 1 to 8...
    linmin: converged after 3 iterations.
    linmin: converged after 2 iterations.
    linmin: converged after 2 iterations.
    linmin: converged after 2 iterations.
    linmin: converged after 2 iterations.
Finished solving for bands 1 to 8 after 5 iterations.
tmfreqs:, 7, 0.357143, 0, 0, 0.412393, 0.168025, 0.294518, 0.390861, 0.457615, 0.544957, 0.57248, 0.638829, 0.655309
elapsed time for k point: 0 seconds.
solve_kpoint (0.333333,0,0):
Solving for bands 1 to 8...
    linmin: converged after 3 iterations.
    linmin: converged after 2 iterations.
    linmin: converged after 2 iterations.
    linmin: converged after 2 iterations.
    linmin: converged after 2 iterations.
Finished solving for bands 1 to 8 after 5 iterations.
tmfreqs:, 8, 0.333333, 0, 0, 0.3849, 0.157549, 0.302989, 0.391996, 0.458196, 0.539648, 0.567418, 0.645966, 0.661388
elapsed time for k point: 0 seconds.
solve_kpoint (0.309524,0,0):
Solving for bands 1 to 8...
    linmin: converged after 3 iterations.
    linmin: converged after 2 iterations.
    linmin: converged after 2 iterations.
    linmin: converged after 2 iterations.
    linmin: converged after 2 iterations.
Finished solving for bands 1 to 8 after 5 iterations.
tmfreqs:, 9, 0.309524, 0, 0, 0.357407, 0.146873, 0.311375, 0.393262, 0.458544, 0.534723, 0.562406, 0.653208, 0.667609
elapsed time for k point: 0 seconds.
solve_kpoint (0.285714,0,0):
Solving for bands 1 to 8...
    linmin: converged after 3 iterations.
    linmin: converged after 2 iterations.
    linmin: converged after 2 iterations.
    linmin: converged after 2 iterations.
    linmin: converged after 2 iterations.
    linmin: converged after 2 iterations.
Finished solving for bands 1 to 8 after 6 iterations.
tmfreqs:, 10, 0.285714, 0, 0, 0.329914, 0.136038, 0.319646, 0.39464, 0.458505, 0.530334, 0.5575, 0.660501, 0.67393
elapsed time for k point: 0 seconds.
solve_kpoint (0.261905,0,0):
Solving for bands 1 to 8...
    linmin: converged after 3 iterations.
    linmin: converged after 2 iterations.
    linmin: converged after 2 iterations.
    linmin: converged after 2 iterations.
    linmin: converged after 2 iterations.
    linmin: converged after 2 iterations.
Finished solving for bands 1 to 8 after 6 iterations.
tmfreqs:, 11, 0.261905, 0, 0, 0.302422, 0.125073, 0.327785, 0.396107, 0.457917, 0.526626, 0.552747, 0.6678, 0.680322
elapsed time for k point: 0 seconds.
solve_kpoint (0.238095,0,0):
Solving for bands 1 to 8...
    linmin: converged after 3 iterations.
    linmin: converged after 2 iterations.
    linmin: converged after 2 iterations.
    linmin: converged after 2 iterations.
    linmin: converged after 2 iterations.
    linmin: converged after 2 iterations.
Finished solving for bands 1 to 8 after 6 iterations.
tmfreqs:, 12, 0.238095, 0, 0, 0.274929, 0.113998, 0.335784, 0.397638, 0.45663, 0.523713, 0.54819, 0.675059, 0.686763
elapsed time for k point: 0 seconds.
solve_kpoint (0.214286,0,0):
Solving for bands 1 to 8...
    linmin: converged after 3 iterations.
    linmin: converged after 4 iterations.
    linmin: converged after 2 iterations.
    linmin: converged after 2 iterations.
    linmin: converged after 2 iterations.
    linmin: converged after 2 iterations.
    linmin: converged after 2 iterations.
Finished solving for bands 1 to 8 after 7 iterations.
tmfreqs:, 13, 0.214286, 0, 0, 0.247436, 0.102832, 0.343641, 0.399202, 0.454541, 0.521652, 0.54387, 0.682229, 0.693233
elapsed time for k point: 0 seconds.
solve_kpoint (0.190476,0,0):
Solving for bands 1 to 8...
    linmin: converged after 3 iterations.
    linmin: converged after 4 iterations.
    linmin: converged after 2 iterations.
    linmin: converged after 2 iterations.
    linmin: converged after 2 iterations.
    linmin: converged after 2 iterations.
    linmin: converged after 2 iterations.
Finished solving for bands 1 to 8 after 7 iterations.
tmfreqs:, 14, 0.190476, 0, 0, 0.219943, 0.0915861, 0.351358, 0.400765, 0.45162, 0.520417, 0.539829, 0.689248, 0.699716
elapsed time for k point: 0 seconds.
solve_kpoint (0.166667,0,0):
Solving for bands 1 to 8...
    linmin: converged after 3 iterations.
    linmin: converged after 4 iterations.
    linmin: converged after 4 iterations.
    linmin: converged after 2 iterations.
    linmin: converged after 2 iterations.
    linmin: converged after 2 iterations.
    linmin: converged after 2 iterations.
    linmin: converged after 2 iterations.
Finished solving for bands 1 to 8 after 8 iterations.
tmfreqs:, 15, 0.166667, 0, 0, 0.19245, 0.0802738, 0.358938, 0.40229, 0.447912, 0.519903, 0.536109, 0.696026, 0.70619
elapsed time for k point: 0 seconds.
solve_kpoint (0.142857,0,0):
Solving for bands 1 to 8...
    linmin: converged after 3 iterations.
    linmin: converged after 4 iterations.
    linmin: converged after 4 iterations.
    linmin: converged after 4 iterations.
    linmin: converged after 2 iterations.
    linmin: converged after 2 iterations.
    linmin: converged after 2 iterations.
    linmin: converged after 2 iterations.
    linmin: converged after 2 iterations.
Finished solving for bands 1 to 8 after 9 iterations.
tmfreqs:, 16, 0.142857, 0, 0, 0.164957, 0.0689053, 0.366384, 0.403737, 0.443513, 0.519946, 0.532755, 0.702424, 0.712631
elapsed time for k point: 0 seconds.
solve_kpoint (0.119048,0,0):
Solving for bands 1 to 8...
    linmin: converged after 4 iterations.
    linmin: converged after 4 iterations.
    linmin: converged after 4 iterations.
    linmin: converged after 4 iterations.
    linmin: converged after 4 iterations.
    linmin: converged after 2 iterations.
    linmin: converged after 2 iterations.
    linmin: converged after 2 iterations.
    linmin: converged after 2 iterations.
Finished solving for bands 1 to 8 after 9 iterations.
tmfreqs:, 17, 0.119048, 0, 0, 0.137464, 0.0574899, 0.373702, 0.405062, 0.43854, 0.520361, 0.529812, 0.708214, 0.719004
elapsed time for k point: 0 seconds.
solve_kpoint (0.0952381,0,0):
Solving for bands 1 to 8...
    linmin: converged after 4 iterations.
    linmin: converged after 3 iterations.
    linmin: converged after 4 iterations.
    linmin: converged after 3 iterations.
    linmin: converged after 4 iterations.
    linmin: converged after 2 iterations.
    linmin: converged after 2 iterations.
    linmin: converged after 2 iterations.
    linmin: converged after 2 iterations.
    linmin: converged after 2 iterations.
Finished solving for bands 1 to 8 after 10 iterations.
tmfreqs:, 18, 0.0952381, 0, 0, 0.109971, 0.0460365, 0.380895, 0.406224, 0.433106, 0.520968, 0.527325, 0.713031, 0.72525
elapsed time for k point: 0 seconds.
solve_kpoint (0.0714286,0,0):
Solving for bands 1 to 8...
    linmin: converged after 5 iterations.
    linmin: converged after 3 iterations.
    linmin: converged after 3 iterations.
    linmin: converged after 3 iterations.
    linmin: converged after 3 iterations.
    linmin: converged after 3 iterations.
    linmin: converged after 2 iterations.
    linmin: converged after 2 iterations.
    linmin: converged after 2 iterations.
    linmin: converged after 2 iterations.
Finished solving for bands 1 to 8 after 10 iterations.
tmfreqs:, 19, 0.0714286, 0, 0, 0.0824786, 0.0345531, 0.387964, 0.40718, 0.427307, 0.521609, 0.525338, 0.716449, 0.731261
elapsed time for k point: 0 seconds.
solve_kpoint (0.047619,0,0):
Solving for bands 1 to 8...
    linmin: converged after 6 iterations.
    linmin: converged after 4 iterations.
    linmin: converged after 4 iterations.
    linmin: converged after 3 iterations.
    linmin: converged after 3 iterations.
    linmin: converged after 3 iterations.
    linmin: converged after 2 iterations.
    linmin: converged after 2 iterations.
    linmin: converged after 2 iterations.
    linmin: converged after 2 iterations.
Finished solving for bands 1 to 8 after 10 iterations.
tmfreqs:, 20, 0.047619, 0, 0, 0.0549857, 0.0230475, 0.394908, 0.407893, 0.42122, 0.522159, 0.523888, 0.718362, 0.736813
elapsed time for k point: 0 seconds.
solve_kpoint (0.0238095,0,0):
Solving for bands 1 to 8...
    linmin: converged after 7 iterations.
    linmin: converged after 4 iterations.
    linmin: converged after 4 iterations.
    linmin: converged after 3 iterations.
    linmin: converged after 3 iterations.
    linmin: converged after 3 iterations.
    linmin: converged after 3 iterations.
    linmin: converged after 3 iterations.
    linmin: converged after 3 iterations.
    linmin: converged after 2 iterations.
    linmin: converged after 2 iterations.
    linmin: converged after 2 iterations.
    linmin: converged after 2 iterations.
    linmin: converged after 2 iterations.
    linmin: converged after 2 iterations.
    linmin: converged after 2 iterations.
    linmin: converged after 2 iterations.
    linmin: converged after 2 iterations.
    linmin: converged after 2 iterations.
    linmin: converged after 2 iterations.
    linmin: converged after 2 iterations.
Finished solving for bands 1 to 8 after 21 iterations.
tmfreqs:, 21, 0.0238095, 0, 0, 0.0274929, 0.0115274, 0.401721, 0.408333, 0.414902, 0.522524, 0.523007, 0.719183, 0.741343
elapsed time for k point: 1 seconds.
solve_kpoint (0,0,0):
Solving for bands 2 to 8...
    linmin: converged after 4 iterations.
    linmin: converged after 2 iterations.
    linmin: converged after 3 iterations.
    linmin: converged after 4 iterations.
    linmin: converged after 4 iterations.
    linmin: converged after 3 iterations.
    linmin: converged after 4 iterations.
    linmin: converged after 4 iterations.
    linmin: converged after 4 iterations.
    linmin: converged after 2 iterations.
    linmin: converged after 2 iterations.
    linmin: converged after 2 iterations.
    linmin: converged after 2 iterations.
    linmin: converged after 2 iterations.
    linmin: converged after 2 iterations.
    linmin: converged after 2 iterations.
    linmin: converged after 2 iterations.
Finished solving for bands 2 to 8 after 17 iterations.
tmfreqs:, 22, 0, 0, 0, 0, 0, 0.408301, 0.408482, 0.408483, 0.522631, 0.522732, 0.719395, 0.743352
elapsed time for k point: 0 seconds.
solve_kpoint (0.015873,0.015873,0):
Solving for bands 1 to 8...
    linmin: converged after 7 iterations.
    linmin: converged after 5 iterations.
    linmin: converged after 5 iterations.
    linmin: converged after 3 iterations.
    linmin: converged after 3 iterations.
    linmin: converged after 3 iterations.
    linmin: converged after 3 iterations.
    linmin: converged after 3 iterations.
    linmin: converged after 3 iterations.
    linmin: converged after 3 iterations.
    linmin: converged after 3 iterations.
    linmin: converged after 3 iterations.
    linmin: converged after 3 iterations.
    linmin: converged after 3 iterations.
    linmin: converged after 3 iterations.
    linmin: converged after 2 iterations.
    linmin: converged after 2 iterations.
    linmin: converged after 2 iterations.
    linmin: converged after 2 iterations.
    linmin: converged after 2 iterations.
    linmin: converged after 2 iterations.
    linmin: converged after 4 iterations.
    linmin: converged after 2 iterations.
    linmin: converged after 2 iterations.
    linmin: converged after 2 iterations.
    linmin: converged after 2 iterations.
    linmin: converged after 2 iterations.
    linmin: converged after 2 iterations.
    linmin: converged after 2 iterations.
    linmin: converged after 2 iterations.
    linmin: converged after 2 iterations.
    linmin: converged after 2 iterations.
    linmin: converged after 2 iterations.
    linmin: converged after 2 iterations.
    linmin: converged after 2 iterations.
    linmin: converged after 2 iterations.
    linmin: converged after 2 iterations.
    linmin: converged after 2 iterations.
    linmin: converged after 2 iterations.
    linmin: converged after 2 iterations.
    linmin: converged after 4 iterations.
    linmin: converged after 4 iterations.
    linmin: converged after 4 iterations.
    linmin: converged after 4 iterations.
    linmin: converged after 4 iterations.
    linmin: converged after 2 iterations.
    linmin: converged after 2 iterations.
    linmin: converged after 2 iterations.
    linmin: converged after 4 iterations.
    linmin: converged after 4 iterations.
    linmin: converged after 2 iterations.
    linmin: converged after 2 iterations.
    linmin: converged after 2 iterations.
    linmin: converged after 2 iterations.
    linmin: converged after 4 iterations.
    linmin: converged after 4 iterations.
    linmin: converged after 4 iterations.
    linmin: converged after 4 iterations.
    linmin: converged after 4 iterations.
    linmin: converged after 4 iterations.
    linmin: converged after 4 iterations.
    linmin: converged after 4 iterations.
    linmin: converged after 4 iterations.
    linmin: converged after 4 iterations.
    linmin: converged after 4 iterations.
    linmin: converged after 3 iterations.
    linmin: converged after 3 iterations.
    linmin: converged after 3 iterations.
    linmin: converged after 3 iterations.
    linmin: converged after 2 iterations.
    linmin: converged after 2 iterations.
    linmin: converged after 2 iterations.
    linmin: converged after 2 iterations.
    linmin: converged after 2 iterations.
    linmin: converged after 2 iterations.
    linmin: converged after 2 iterations.
    linmin: converged after 2 iterations.
    linmin: converged after 2 iterations.
    linmin: converged after 2 iterations.
    linmin: converged after 2 iterations.
    linmin: converged after 2 iterations.
    linmin: converged after 3 iterations.
    linmin: converged after 4 iterations.
    linmin: converged after 4 iterations.
    linmin: converged after 4 iterations.
    linmin: converged after 2 iterations.
    linmin: converged after 2 iterations.
    linmin: converged after 2 iterations.
    linmin: converged after 2 iterations.
Finished solving for bands 1 to 8 after 89 iterations.
tmfreqs:, 23, 0.015873, 0.015873, 0, 0.0183286, 0.00768537, 0.403959, 0.408417, 0.412753, 0.522674, 0.522763, 0.719304, 0.742348
elapsed time for k point: 0 seconds.
solve_kpoint (0.031746,0.031746,0):
Solving for bands 1 to 8...
    linmin: converged after 5 iterations.
    linmin: converged after 4 iterations.
    linmin: converged after 4 iterations.
    linmin: converged after 3 iterations.
    linmin: converged after 3 iterations.
    linmin: converged after 3 iterations.
    linmin: converged after 2 iterations.
    linmin: converged after 2 iterations.
    linmin: converged after 2 iterations.
    linmin: converged after 2 iterations.
    linmin: converged after 2 iterations.
    linmin: converged after 2 iterations.
    linmin: converged after 2 iterations.
Finished solving for bands 1 to 8 after 13 iterations.
tmfreqs:, 24, 0.031746, 0.031746, 0, 0.0366572, 0.0153686, 0.399462, 0.408219, 0.417033, 0.522504, 0.523158, 0.718993, 0.739932
elapsed time for k point: 1 seconds.
solve_kpoint (0.047619,0.047619,0):
Solving for bands 1 to 8...
    linmin: converged after 5 iterations.
    linmin: converged after 3 iterations.
    linmin: converged after 3 iterations.
    linmin: converged after 3 iterations.
    linmin: converged after 3 iterations.
    linmin: converged after 3 iterations.
    linmin: converged after 2 iterations.
    linmin: converged after 2 iterations.
    linmin: converged after 2 iterations.
    linmin: converged after 2 iterations.
Finished solving for bands 1 to 8 after 10 iterations.
tmfreqs:, 25, 0.047619, 0.047619, 0, 0.0549857, 0.0230475, 0.394905, 0.407893, 0.421224, 0.522234, 0.523811, 0.718355, 0.736718
elapsed time for k point: 0 seconds.
solve_kpoint (0.0634921,0.0634921,0):
Solving for bands 1 to 8...
    linmin: converged after 4 iterations.
    linmin: converged after 3 iterations.
    linmin: converged after 3 iterations.
    linmin: converged after 3 iterations.
    linmin: converged after 3 iterations.
    linmin: converged after 3 iterations.
    linmin: converged after 2 iterations.
    linmin: converged after 2 iterations.
    linmin: converged after 2 iterations.
    linmin: converged after 2 iterations.
Finished solving for bands 1 to 8 after 10 iterations.
tmfreqs:, 26, 0.0634921, 0.0634921, 0, 0.0733143, 0.0307199, 0.390288, 0.407446, 0.425313, 0.52188, 0.524717, 0.717232, 0.733075
elapsed time for k point: 0 seconds.
solve_kpoint (0.0793651,0.0793651,0):
Solving for bands 1 to 8...
    linmin: converged after 4 iterations.
    linmin: converged after 3 iterations.
    linmin: converged after 3 iterations.
    linmin: converged after 3 iterations.
    linmin: converged after 4 iterations.
    linmin: converged after 2 iterations.
    linmin: converged after 2 iterations.
    linmin: converged after 2 iterations.
    linmin: converged after 2 iterations.
    linmin: converged after 2 iterations.
Finished solving for bands 1 to 8 after 10 iterations.
tmfreqs:, 27, 0.0793651, 0.0793651, 0, 0.0916429, 0.0383837, 0.385616, 0.406886, 0.429284, 0.52147, 0.525867, 0.71547, 0.729182
elapsed time for k point: 0 seconds.
solve_kpoint (0.0952381,0.0952381,0):
Solving for bands 1 to 8...
    linmin: converged after 3 iterations.
    linmin: converged after 4 iterations.
    linmin: converged after 4 iterations.
    linmin: converged after 3 iterations.
    linmin: converged after 4 iterations.
    linmin: converged after 2 iterations.
    linmin: converged after 2 iterations.
    linmin: converged after 2 iterations.
    linmin: converged after 2 iterations.
Finished solving for bands 1 to 8 after 9 iterations.
tmfreqs:, 28, 0.0952381, 0.0952381, 0, 0.109971, 0.0460364, 0.380889, 0.406224, 0.433117, 0.521035, 0.52725, 0.713016, 0.725134
elapsed time for k point: 0 seconds.
solve_kpoint (0.111111,0.111111,0):
Solving for bands 1 to 8...
    linmin: converged after 3 iterations.
    linmin: converged after 4 iterations.
    linmin: converged after 4 iterations.
    linmin: converged after 4 iterations.
    linmin: converged after 4 iterations.
    linmin: converged after 2 iterations.
    linmin: converged after 2 iterations.
    linmin: converged after 2 iterations.
    linmin: converged after 2 iterations.
Finished solving for bands 1 to 8 after 9 iterations.
tmfreqs:, 29, 0.111111, 0.111111, 0, 0.1283, 0.0536759, 0.376107, 0.405469, 0.436789, 0.520614, 0.528855, 0.709934, 0.720986
elapsed time for k point: 0 seconds.
solve_kpoint (0.126984,0.126984,0):
Solving for bands 1 to 8...
    linmin: converged after 3 iterations.
    linmin: converged after 4 iterations.
    linmin: converged after 4 iterations.
    linmin: converged after 4 iterations.
    linmin: converged after 2 iterations.
    linmin: converged after 2 iterations.
    linmin: converged after 2 iterations.
    linmin: converged after 2 iterations.
    linmin: converged after 2 iterations.
Finished solving for bands 1 to 8 after 9 iterations.
tmfreqs:, 30, 0.126984, 0.126984, 0, 0.146629, 0.0612997, 0.37127, 0.404636, 0.440272, 0.520253, 0.530669, 0.706355, 0.716772
elapsed time for k point: 0 seconds.
solve_kpoint (0.142857,0.142857,0):
Solving for bands 1 to 8...
    linmin: converged after 3 iterations.
    linmin: converged after 4 iterations.
    linmin: converged after 4 iterations.
    linmin: converged after 2 iterations.
    linmin: converged after 2 iterations.
    linmin: converged after 2 iterations.
    linmin: converged after 2 iterations.
    linmin: converged after 2 iterations.
Finished solving for bands 1 to 8 after 8 iterations.
tmfreqs:, 31, 0.142857, 0.142857, 0, 0.164957, 0.0689053, 0.366377, 0.403736, 0.443535, 0.520002, 0.532679, 0.702408, 0.712512
elapsed time for k point: 0 seconds.
solve_kpoint (0.15873,0.15873,0):
Solving for bands 1 to 8...
    linmin: converged after 3 iterations.
    linmin: converged after 4 iterations.
    linmin: converged after 4 iterations.
    linmin: converged after 2 iterations.
    linmin: converged after 2 iterations.
    linmin: converged after 2 iterations.
    linmin: converged after 2 iterations.
    linmin: converged after 2 iterations.
Finished solving for bands 1 to 8 after 8 iterations.
tmfreqs:, 32, 0.15873, 0.15873, 0, 0.183286, 0.0764901, 0.361426, 0.402782, 0.446543, 0.519916, 0.534872, 0.698193, 0.708223
elapsed time for k point: 0 seconds.
solve_kpoint (0.174603,0.174603,0):
Solving for bands 1 to 8...
    linmin: converged after 3 iterations.
    linmin: converged after 4 iterations.
    linmin: converged after 2 iterations.
    linmin: converged after 2 iterations.
    linmin: converged after 2 iterations.
    linmin: converged after 2 iterations.
    linmin: converged after 2 iterations.
Finished solving for bands 1 to 8 after 7 iterations.
tmfreqs:, 33, 0.174603, 0.174603, 0, 0.201614, 0.0840513, 0.356418, 0.401787, 0.449261, 0.52005, 0.537235, 0.693783, 0.703916
elapsed time for k point: 0 seconds.
solve_kpoint (0.190476,0.190476,0):
Solving for bands 1 to 8...
    linmin: converged after 3 iterations.
    linmin: converged after 2 iterations.
    linmin: converged after 2 iterations.
    linmin: converged after 2 iterations.
    linmin: converged after 2 iterations.
    linmin: converged after 2 iterations.
    linmin: converged after 2 iterations.
Finished solving for bands 1 to 8 after 7 iterations.
tmfreqs:, 34, 0.190476, 0.190476, 0, 0.219943, 0.0915861, 0.35135, 0.400763, 0.451656, 0.520458, 0.539753, 0.68923, 0.699598
elapsed time for k point: 0 seconds.
solve_kpoint (0.206349,0.206349,0):
Solving for bands 1 to 8...
    linmin: converged after 3 iterations.
    linmin: converged after 2 iterations.
    linmin: converged after 2 iterations.
    linmin: converged after 2 iterations.
    linmin: converged after 2 iterations.
    linmin: converged after 2 iterations.
    linmin: converged after 2 iterations.
Finished solving for bands 1 to 8 after 7 iterations.
tmfreqs:, 35, 0.206349, 0.206349, 0, 0.238272, 0.0990912, 0.346221, 0.399722, 0.4537, 0.521188, 0.542414, 0.684571, 0.695277
elapsed time for k point: 0 seconds.
solve_kpoint (0.222222,0.222222,0):
Solving for bands 1 to 8...
    linmin: converged after 3 iterations.
    linmin: converged after 2 iterations.
    linmin: converged after 2 iterations.
    linmin: converged after 2 iterations.
    linmin: converged after 2 iterations.
    linmin: converged after 2 iterations.
Finished solving for bands 1 to 8 after 6 iterations.
tmfreqs:, 36, 0.222222, 0.222222, 0, 0.2566, 0.106563, 0.341029, 0.398676, 0.455376, 0.522274, 0.545204, 0.679833, 0.690958
elapsed time for k point: 1 seconds.
solve_kpoint (0.238095,0.238095,0):
Solving for bands 1 to 8...
    linmin: converged after 3 iterations.
    linmin: converged after 2 iterations.
    linmin: converged after 2 iterations.
    linmin: converged after 2 iterations.
    linmin: converged after 2 iterations.
    linmin: converged after 2 iterations.
Finished solving for bands 1 to 8 after 6 iterations.
tmfreqs:, 37, 0.238095, 0.238095, 0, 0.274929, 0.113999, 0.335775, 0.397635, 0.456681, 0.523738, 0.548113, 0.675038, 0.686648
elapsed time for k point: 0 seconds.
solve_kpoint (0.253968,0.253968,0):
Solving for bands 1 to 8...
    linmin: converged after 3 iterations.
    linmin: converged after 2 iterations.
    linmin: converged after 2 iterations.
    linmin: converged after 2 iterations.
    linmin: converged after 2 iterations.
    linmin: converged after 2 iterations.
Finished solving for bands 1 to 8 after 6 iterations.
tmfreqs:, 38, 0.253968, 0.253968, 0, 0.293257, 0.121393, 0.330458, 0.396609, 0.457627, 0.525583, 0.551126, 0.670204, 0.682351
elapsed time for k point: 0 seconds.
solve_kpoint (0.269841,0.269841,0):
Solving for bands 1 to 8...
    linmin: converged after 2 iterations.
    linmin: converged after 2 iterations.
    linmin: converged after 2 iterations.
    linmin: converged after 2 iterations.
    linmin: converged after 2 iterations.
Finished solving for bands 1 to 8 after 5 iterations.
tmfreqs:, 39, 0.269841, 0.269841, 0, 0.311586, 0.128741, 0.325078, 0.395607, 0.458243, 0.527795, 0.554233, 0.665346, 0.678072
elapsed time for k point: 0 seconds.
solve_kpoint (0.285714,0.285714,0):
Solving for bands 1 to 8...
    linmin: converged after 2 iterations.
    linmin: converged after 2 iterations.
    linmin: converged after 2 iterations.
    linmin: converged after 2 iterations.
    linmin: converged after 2 iterations.
Finished solving for bands 1 to 8 after 5 iterations.
tmfreqs:, 40, 0.285714, 0.285714, 0, 0.329914, 0.136038, 0.319637, 0.394637, 0.458568, 0.530348, 0.557421, 0.660477, 0.673819
elapsed time for k point: 0 seconds.
solve_kpoint (0.301587,0.301587,0):
Solving for bands 1 to 8...
    linmin: converged after 4 iterations.
    linmin: converged after 2 iterations.
    linmin: converged after 2 iterations.
    linmin: converged after 2 iterations.
    linmin: converged after 2 iterations.
Finished solving for bands 1 to 8 after 5 iterations.
tmfreqs:, 41, 0.301587, 0.301587, 0, 0.348243, 0.143278, 0.314137, 0.393706, 0.458647, 0.533204, 0.560677, 0.65561, 0.669597
elapsed time for k point: 0 seconds.
solve_kpoint (0.31746,0.31746,0):
Solving for bands 1 to 8...
    linmin: converged after 4 iterations.
    linmin: converged after 2 iterations.
    linmin: converged after 2 iterations.
    linmin: converged after 2 iterations.
    linmin: converged after 2 iterations.
Finished solving for bands 1 to 8 after 5 iterations.
tmfreqs:, 42, 0.31746, 0.31746, 0, 0.366572, 0.150451, 0.308582, 0.392823, 0.45853, 0.536322, 0.563987, 0.650758, 0.665414
elapsed time for k point: 0 seconds.
solve_kpoint (0.333333,0.333333,0):
Solving for bands 1 to 8...
    linmin: converged after 4 iterations.
    linmin: converged after 2 iterations.
    linmin: converged after 2 iterations.
    linmin: converged after 2 iterations.
    linmin: converged after 2 iterations.
Finished solving for bands 1 to 8 after 5 iterations.
tmfreqs:, 43, 0.333333, 0.333333, 0, 0.3849, 0.15755, 0.30298, 0.391992, 0.458265, 0.539657, 0.567337, 0.645936, 0.661281
elapsed time for k point: 0 seconds.
solve_kpoint (0.34127,0.31746,0):
Solving for bands 1 to 8...
    linmin: converged after 4 iterations.
    linmin: converged after 2 iterations.
    linmin: converged after 2 iterations.
    linmin: converged after 2 iterations.
    linmin: converged after 2 iterations.
    linmin: converged after 2 iterations.
Finished solving for bands 1 to 8 after 6 iterations.
tmfreqs:, 44, 0.34127, 0.31746, 0, 0.381063, 0.156071, 0.304368, 0.391509, 0.459089, 0.538323, 0.566955, 0.646275, 0.663126
elapsed time for k point: 0 seconds.
solve_kpoint (0.349206,0.301587,0):
Solving for bands 1 to 8...
    linmin: converged after 4 iterations.
    linmin: converged after 2 iterations.
    linmin: converged after 2 iterations.
    linmin: converged after 2 iterations.
    linmin: converged after 2 iterations.
    linmin: converged after 2 iterations.
Finished solving for bands 1 to 8 after 6 iterations.
tmfreqs:, 45, 0.349206, 0.301587, 0, 0.378741, 0.155178, 0.30569, 0.389797, 0.461265, 0.536152, 0.56739, 0.645276, 0.666217
elapsed time for k point: 0 seconds.
solve_kpoint (0.357143,0.285714,0):
Solving for bands 1 to 8...
    linmin: converged after 4 iterations.
    linmin: converged after 2 iterations.
    linmin: converged after 2 iterations.
    linmin: converged after 2 iterations.
    linmin: converged after 2 iterations.
    linmin: converged after 2 iterations.
Finished solving for bands 1 to 8 after 6 iterations.
tmfreqs:, 46, 0.357143, 0.285714, 0, 0.377964, 0.154883, 0.306888, 0.387173, 0.46449, 0.533401, 0.568423, 0.643557, 0.669922
elapsed time for k point: 0 seconds.
solve_kpoint (0.365079,0.269841,0):
Solving for bands 1 to 8...
    linmin: converged after 4 iterations.
    linmin: converged after 2 iterations.
    linmin: converged after 2 iterations.
    linmin: converged after 2 iterations.
    linmin: converged after 2 iterations.
    linmin: converged after 2 iterations.
    linmin: converged after 2 iterations.
Finished solving for bands 1 to 8 after 7 iterations.
tmfreqs:, 47, 0.365079, 0.269841, 0, 0.378741, 0.15519, 0.307873, 0.384011, 0.468398, 0.530351, 0.569843, 0.641486, 0.673839
elapsed time for k point: 0 seconds.
solve_kpoint (0.373016,0.253968,0):
Solving for bands 1 to 8...
    linmin: converged after 4 iterations.
    linmin: converged after 2 iterations.
    linmin: converged after 2 iterations.
    linmin: converged after 2 iterations.
    linmin: converged after 2 iterations.
    linmin: converged after 2 iterations.
    linmin: converged after 2 iterations.
Finished solving for bands 1 to 8 after 7 iterations.
tmfreqs:, 48, 0.373016, 0.253968, 0, 0.381063, 0.156094, 0.308532, 0.380669, 0.472617, 0.527281, 0.57149, 0.639241, 0.677725
elapsed time for k point: 0 seconds.
solve_kpoint (0.380952,0.238095,0):
Solving for bands 1 to 8...
    linmin: converged after 4 iterations.
    linmin: converged after 2 iterations.
    linmin: converged after 2 iterations.
    linmin: converged after 4 iterations.
    linmin: converged after 2 iterations.
    linmin: converged after 2 iterations.
    linmin: converged after 2 iterations.
    linmin: converged after 2 iterations.
Finished solving for bands 1 to 8 after 8 iterations.
tmfreqs:, 49, 0.380952, 0.238095, 0, 0.3849, 0.157583, 0.308725, 0.377473, 0.476756, 0.524499, 0.573259, 0.636908, 0.681337
elapsed time for k point: 0 seconds.
solve_kpoint (0.388889,0.222222,0):
Solving for bands 1 to 8...
    linmin: converged after 4 iterations.
    linmin: converged after 2 iterations.
    linmin: converged after 3 iterations.
    linmin: converged after 4 iterations.
    linmin: converged after 2 iterations.
    linmin: converged after 2 iterations.
    linmin: converged after 2 iterations.
    linmin: converged after 2 iterations.
Finished solving for bands 1 to 8 after 8 iterations.
tmfreqs:, 50, 0.388889, 0.222222, 0, 0.390209, 0.159634, 0.3083, 0.374706, 0.480361, 0.522393, 0.575083, 0.634538, 0.684251
elapsed time for k point: 0 seconds.
solve_kpoint (0.396825,0.206349,0):
Solving for bands 1 to 8...
    linmin: converged after 4 iterations.
    linmin: converged after 3 iterations.
    linmin: converged after 3 iterations.
    linmin: converged after 4 iterations.
    linmin: converged after 2 iterations.
    linmin: converged after 2 iterations.
    linmin: converged after 2 iterations.
    linmin: converged after 2 iterations.
Finished solving for bands 1 to 8 after 8 iterations.
tmfreqs:, 51, 0.396825, 0.206349, 0, 0.396931, 0.162218, 0.307114, 0.372597, 0.482901, 0.521449, 0.57692, 0.63216, 0.68558
elapsed time for k point: 0 seconds.
solve_kpoint (0.404762,0.190476,0):
Solving for bands 1 to 8...
    linmin: converged after 4 iterations.
    linmin: converged after 3 iterations.
    linmin: converged after 4 iterations.
    linmin: converged after 4 iterations.
    linmin: converged after 2 iterations.
    linmin: converged after 2 iterations.
    linmin: converged after 2 iterations.
    linmin: converged after 2 iterations.
Finished solving for bands 1 to 8 after 8 iterations.
tmfreqs:, 52, 0.404762, 0.190476, 0, 0.404995, 0.1653, 0.305075, 0.371296, 0.483908, 0.522104, 0.578743, 0.629795, 0.684199
elapsed time for k point: 0 seconds.
solve_kpoint (0.412698,0.174603,0):
Solving for bands 1 to 8...
    linmin: converged after 4 iterations.
    linmin: converged after 3 iterations.
    linmin: converged after 4 iterations.
    linmin: converged after 4 iterations.
    linmin: converged after 2 iterations.
    linmin: converged after 2 iterations.
    linmin: converged after 2 iterations.
    linmin: converged after 2 iterations.
Finished solving for bands 1 to 8 after 8 iterations.
tmfreqs:, 53, 0.412698, 0.174603, 0, 0.414323, 0.168839, 0.302169, 0.370855, 0.483266, 0.524457, 0.580538, 0.627459, 0.680332
elapsed time for k point: 1 seconds.
solve_kpoint (0.420635,0.15873,0):
Solving for bands 1 to 8...
    linmin: converged after 4 iterations.
    linmin: converged after 3 iterations.
    linmin: converged after 4 iterations.
    linmin: converged after 2 iterations.
    linmin: converged after 2 iterations.
    linmin: converged after 2 iterations.
    linmin: converged after 2 iterations.
Finished solving for bands 1 to 8 after 7 iterations.
tmfreqs:, 54, 0.420635, 0.15873, 0, 0.424832, 0.172788, 0.29846, 0.371228, 0.48128, 0.528194, 0.582293, 0.625163, 0.67517
elapsed time for k point: 0 seconds.
solve_kpoint (0.428571,0.142857,0):
Solving for bands 1 to 8...
    linmin: converged after 4 iterations.
    linmin: converged after 2 iterations.
    linmin: converged after 4 iterations.
    linmin: converged after 2 iterations.
    linmin: converged after 2 iterations.
    linmin: converged after 2 iterations.
    linmin: converged after 2 iterations.
Finished solving for bands 1 to 8 after 7 iterations.
tmfreqs:, 55, 0.428571, 0.142857, 0, 0.436436, 0.177098, 0.294075, 0.3723, 0.478405, 0.532856, 0.584002, 0.622919, 0.669474
elapsed time for k point: 0 seconds.
solve_kpoint (0.436508,0.126984,0):
Solving for bands 1 to 8...
    linmin: converged after 4 iterations.
    linmin: converged after 2 iterations.
    linmin: converged after 2 iterations.
    linmin: converged after 2 iterations.
    linmin: converged after 2 iterations.
    linmin: converged after 2 iterations.
    linmin: converged after 2 iterations.
Finished solving for bands 1 to 8 after 7 iterations.
tmfreqs:, 56, 0.436508, 0.126984, 0, 0.44905, 0.18171, 0.289163, 0.373919, 0.47503, 0.538057, 0.585662, 0.620736, 0.66359
elapsed time for k point: 0 seconds.
solve_kpoint (0.444444,0.111111,0):
Solving for bands 1 to 8...
    linmin: converged after 4 iterations.
    linmin: converged after 2 iterations.
    linmin: converged after 2 iterations.
    linmin: converged after 2 iterations.
    linmin: converged after 2 iterations.
    linmin: converged after 2 iterations.
Finished solving for bands 1 to 8 after 6 iterations.
tmfreqs:, 57, 0.444444, 0.111111, 0, 0.462592, 0.186562, 0.283882, 0.375926, 0.471437, 0.543521, 0.587265, 0.618624, 0.657702
elapsed time for k point: 0 seconds.
solve_kpoint (0.452381,0.0952381,0):
Solving for bands 1 to 8...
    linmin: converged after 4 iterations.
    linmin: converged after 2 iterations.
    linmin: converged after 2 iterations.
    linmin: converged after 2 iterations.
    linmin: converged after 2 iterations.
    linmin: converged after 2 iterations.
Finished solving for bands 1 to 8 after 6 iterations.
tmfreqs:, 58, 0.452381, 0.0952381, 0, 0.476983, 0.191575, 0.278386, 0.378159, 0.467831, 0.549039, 0.588804, 0.616596, 0.651943
elapsed time for k point: 0 seconds.
solve_kpoint (0.460317,0.0793651,0):
Solving for bands 1 to 8...
    linmin: converged after 4 iterations.
    linmin: converged after 2 iterations.
    linmin: converged after 2 iterations.
    linmin: converged after 2 iterations.
    linmin: converged after 2 iterations.
    linmin: converged after 2 iterations.
Finished solving for bands 1 to 8 after 6 iterations.
tmfreqs:, 59, 0.460317, 0.0793651, 0, 0.492149, 0.196649, 0.272832, 0.380462, 0.464381, 0.554434, 0.590265, 0.614666, 0.646445
elapsed time for k point: 0 seconds.
solve_kpoint (0.468254,0.0634921,0):
Solving for bands 1 to 8...
    linmin: converged after 4 iterations.
    linmin: converged after 2 iterations.
    linmin: converged after 2 iterations.
    linmin: converged after 2 iterations.
    linmin: converged after 2 iterations.
Finished solving for bands 1 to 8 after 5 iterations.
tmfreqs:, 60, 0.468254, 0.0634921, 0, 0.508019, 0.201643, 0.267403, 0.382676, 0.461243, 0.559512, 0.591622, 0.612859, 0.641372
elapsed time for k point: 0 seconds.
solve_kpoint (0.47619,0.047619,0):
Solving for bands 1 to 8...
    linmin: converged after 4 iterations.
    linmin: converged after 2 iterations.
    linmin: converged after 2 iterations.
    linmin: converged after 2 iterations.
    linmin: converged after 2 iterations.
Finished solving for bands 1 to 8 after 5 iterations.
tmfreqs:, 61, 0.47619, 0.047619, 0, 0.524531, 0.20634, 0.262343, 0.38464, 0.45857, 0.564039, 0.592837, 0.611219, 0.636936
elapsed time for k point: 0 seconds.
solve_kpoint (0.484127,0.031746,0):
Solving for bands 1 to 8...
    linmin: converged after 4 iterations.
    linmin: converged after 2 iterations.
    linmin: converged after 2 iterations.
    linmin: converged after 2 iterations.
    linmin: converged after 2 iterations.
Finished solving for bands 1 to 8 after 5 iterations.
tmfreqs:, 62, 0.484127, 0.031746, 0, 0.541624, 0.210393, 0.25802, 0.386196, 0.456515, 0.567707, 0.593843, 0.609833, 0.633416
elapsed time for k point: 0 seconds.
solve_kpoint (0.492063,0.015873,0):
Solving for bands 1 to 8...
    linmin: converged after 4 iterations.
    linmin: converged after 2 iterations.
    linmin: converged after 2 iterations.
    linmin: converged after 2 iterations.
    linmin: converged after 2 iterations.
Finished solving for bands 1 to 8 after 5 iterations.
tmfreqs:, 63, 0.492063, 0.015873, 0, 0.559247, 0.213268, 0.254979, 0.387198, 0.455215, 0.570143, 0.594535, 0.608859, 0.631123
elapsed time for k point: 0 seconds.
solve_kpoint (0.5,0,0):
Solving for bands 1 to 8...
    linmin: converged after 4 iterations.
    linmin: converged after 2 iterations.
    linmin: converged after 2 iterations.
    linmin: converged after 2 iterations.
    linmin: converged after 2 iterations.
Finished solving for bands 1 to 8 after 5 iterations.
tmfreqs:, 64, 0.5, 0, 0, 0.57735, 0.214331, 0.253859, 0.387545, 0.454769, 0.571004, 0.594788, 0.6085, 0.630324
elapsed time for k point: 0 seconds.
Band 1 range: 0.0 at #(0.0 0.0 0.0) to 0.21433138006114585 at #(0.5 0.0 0.0)
Band 2 range: 0.25385926579817264 at #(0.5 0.0 0.0) to 0.40830098465090037 at #(0.0 0.0 0.0)
Band 3 range: 0.3708553619562865 at #(0.4126984126984124 0.1746031746031746 0.0) to 0.4084822483188113 at #(0.0 0.0 0.0)
Band 4 range: 0.408482931150879 at #(0.0 0.0 0.0) to 0.4839083383567348 at #(0.40476190476190443 0.19047619047619047 0.0)
Band 5 range: 0.519902992340123 at #(0.16666666666666666 0.0 0.0) to 0.5710042510261939 at #(0.5 0.0 0.0)
Band 6 range: 0.5227317697250113 at #(0.0 0.0 0.0) to 0.5947877129491198 at #(0.5 0.0 0.0)
Band 7 range: 0.608499976042996 at #(0.5 0.0 0.0) to 0.719395215821643 at #(0.0 0.0 0.0)
Band 8 range: 0.6303235730099899 at #(0.5 0.0 0.0) to 0.7433520011085097 at #(0.0 0.0 0.0)
Gap from band 1 (0.21433138006114585) to band 2 (0.25385926579817264), 16.88538038365854%
Gap from band 3 (0.4084822483188113) to band 4 (0.408482931150879), 1.6716307741913034e-4%
Gap from band 4 (0.4839083383567348) to band 5 (0.519902992340123), 7.1715974671057605%
Gap from band 6 (0.5947877129491198) to band 7 (0.608499976042996), 2.279132948723459%
total elapsed time for run: 5 seconds.
done.
