init-params: initializing eigensolver data
Computing 8 bands with 1.000000e-07 tolerance.
Working in 2 dimensions.
Grid size is 32 x 32 x 1.
Solving for 8 bands at a time.
Creating Maxwell data...
Mesh size is 3.
Lattice vectors:
     (1, 0, 0)
     (0, 1, 0)
     (0, 0, 1)
Cell volume = 1
Reciprocal lattice vectors (/ 2 pi):
     (1, -0, 0)
     (-0, 1, -0)
     (0, -0, 1)
Geometric objects:
     block, center = (0,0,0)
          size (1e+20,1e+20,1e+20)
          axes (1,0,0), (0,1,0), (0,0,1)
          epsilon = 9.61, mu = 1
     cylinder, center = (0,0,0)
          radius 0.2, height 1e+20, axis (0, 0, 1)
          epsilon = 1, mu = 1
Geometric object tree has depth 1 and 10 object nodes (vs. 2 actual objects)
Initializing epsilon function...
Allocating fields...
23 k-points:
     (0.2,0,0)
     (0.181818,0,0)
     (0.163636,0,0)
     (0.145455,0,0)
     (0.127273,0,0)
     (0.109091,0,0)
     (0.0909091,0,0)
     (0.0727273,0,0)
     (0.0545455,0,0)
     (0.0363636,0,0)
     (0.0181818,0,0)
     (0,0,0)
     (0,0.0181818,0)
     (0,0.0363636,0)
     (0,0.0545455,0)
     (0,0.0727273,0)
     (0,0.0909091,0)
     (0,0.109091,0)
     (0,0.127273,0)
     (0,0.145455,0)
     (0,0.163636,0)
     (0,0.181818,0)
     (0,0.2,0)
Solving for band polarization: te.
Initializing fields to random numbers...
elapsed time for initialization: 0 seconds.
epsilon: 1-9.61, mean 8.52804, harm. mean 4.90386, 90.1367% > 1, 87.4337% "fill"
Outputting InP_2D_square_lattice-epsilon...
solve_kpoint (0.2,0,0):
tefreqs:, k index, k1, k2, k3, kmag/2pi, te band 1, te band 2, te band 3, te band 4, te band 5, te band 6, te band 7, te band 8
Solving for bands 1 to 8...
    linmin: converged after 10 iterations.
    linmin: converged after 8 iterations.
    linmin: converged after 4 iterations.
    linmin: converged after 4 iterations.
    linmin: converged after 3 iterations.
    linmin: converged after 4 iterations.
    linmin: converged after 4 iterations.
    linmin: converged after 4 iterations.
    linmin: converged after 4 iterations.
    linmin: converged after 4 iterations.
    linmin: converged after 4 iterations.
    linmin: converged after 4 iterations.
    linmin: converged after 4 iterations.
    linmin: converged after 4 iterations.
    linmin: converged after 3 iterations.
    linmin: converged after 5 iterations.
    linmin: converged after 4 iterations.
    linmin: converged after 3 iterations.
    linmin: converged after 3 iterations.
    linmin: converged after 3 iterations.
    linmin: converged after 2 iterations.
    linmin: converged after 2 iterations.
    linmin: converged after 2 iterations.
    linmin: converged after 2 iterations.
    linmin: converged after 2 iterations.
    linmin: converged after 2 iterations.
    linmin: converged after 2 iterations.
    linmin: converged after 2 iterations.
    linmin: converged after 2 iterations.
    linmin: converged after 2 iterations.
    linmin: converged after 2 iterations.
    linmin: converged after 2 iterations.
    linmin: converged after 2 iterations.
Finished solving for bands 1 to 8 after 33 iterations.
tefreqs:, 1, 0.2, 0, 0, 0.2, 0.0712852, 0.28249, 0.345524, 0.368575, 0.411678, 0.452901, 0.474557, 0.558552
elapsed time for k point: 0 seconds.
solve_kpoint (0.181818,0,0):
Solving for bands 1 to 8...
    linmin: converged after 3 iterations.
    linmin: converged after 3 iterations.
    linmin: converged after 2 iterations.
    linmin: converged after 2 iterations.
    linmin: converged after 2 iterations.
    linmin: converged after 2 iterations.
Finished solving for bands 1 to 8 after 6 iterations.
tefreqs:, 2, 0.181818, 0, 0, 0.181818, 0.0648381, 0.288392, 0.344252, 0.368097, 0.40764, 0.455058, 0.476883, 0.555053
elapsed time for k point: 0 seconds.
solve_kpoint (0.163636,0,0):
Solving for bands 1 to 8...
    linmin: converged after 3 iterations.
    linmin: converged after 3 iterations.
    linmin: converged after 2 iterations.
    linmin: converged after 2 iterations.
    linmin: converged after 2 iterations.
    linmin: converged after 2 iterations.
Finished solving for bands 1 to 8 after 6 iterations.
tefreqs:, 3, 0.163636, 0, 0, 0.163636, 0.0583807, 0.294238, 0.343108, 0.367651, 0.403122, 0.457666, 0.47923, 0.551656
elapsed time for k point: 0 seconds.
solve_kpoint (0.145455,0,0):
Solving for bands 1 to 8...
    linmin: converged after 3 iterations.
    linmin: converged after 3 iterations.
    linmin: converged after 3 iterations.
    linmin: converged after 2 iterations.
    linmin: converged after 2 iterations.
    linmin: converged after 2 iterations.
Finished solving for bands 1 to 8 after 6 iterations.
tefreqs:, 4, 0.145455, 0, 0, 0.145455, 0.0519144, 0.300011, 0.342098, 0.367242, 0.398309, 0.460522, 0.481572, 0.548384
elapsed time for k point: 0 seconds.
solve_kpoint (0.127273,0,0):
Solving for bands 1 to 8...
    linmin: converged after 3 iterations.
    linmin: converged after 3 iterations.
    linmin: converged after 3 iterations.
    linmin: converged after 2 iterations.
    linmin: converged after 2 iterations.
    linmin: converged after 2 iterations.
    linmin: converged after 2 iterations.
Finished solving for bands 1 to 8 after 7 iterations.
tefreqs:, 5, 0.127273, 0, 0, 0.127273, 0.0454404, 0.305683, 0.341232, 0.366872, 0.39333, 0.463479, 0.48388, 0.545263
elapsed time for k point: 0 seconds.
solve_kpoint (0.109091,0,0):
Solving for bands 1 to 8...
    linmin: converged after 3 iterations.
    linmin: converged after 3 iterations.
    linmin: converged after 3 iterations.
    linmin: converged after 2 iterations.
    linmin: converged after 2 iterations.
    linmin: converged after 2 iterations.
    linmin: converged after 2 iterations.
Finished solving for bands 1 to 8 after 7 iterations.
tefreqs:, 6, 0.109091, 0, 0, 0.109091, 0.0389602, 0.311212, 0.340524, 0.366546, 0.38828, 0.466418, 0.486114, 0.542329
elapsed time for k point: 0 seconds.
solve_kpoint (0.0909091,0,0):
Solving for bands 1 to 8...
    linmin: converged after 3 iterations.
    linmin: converged after 3 iterations.
    linmin: converged after 3 iterations.
    linmin: converged after 2 iterations.
    linmin: converged after 2 iterations.
    linmin: converged after 2 iterations.
    linmin: converged after 2 iterations.
Finished solving for bands 1 to 8 after 7 iterations.
tefreqs:, 7, 0.0909091, 0, 0, 0.0909091, 0.0324746, 0.316525, 0.340001, 0.366266, 0.38325, 0.469229, 0.488224, 0.53963
elapsed time for k point: 0 seconds.
solve_kpoint (0.0727273,0,0):
Solving for bands 1 to 8...
    linmin: converged after 4 iterations.
    linmin: converged after 3 iterations.
    linmin: converged after 3 iterations.
    linmin: converged after 2 iterations.
    linmin: converged after 2 iterations.
    linmin: converged after 2 iterations.
    linmin: converged after 2 iterations.
Finished solving for bands 1 to 8 after 7 iterations.
tefreqs:, 8, 0.0727273, 0, 0, 0.0727273, 0.0259847, 0.321492, 0.339714, 0.366033, 0.378346, 0.471799, 0.490146, 0.537229
elapsed time for k point: 0 seconds.
solve_kpoint (0.0545455,0,0):
Solving for bands 1 to 8...
    linmin: converged after 4 iterations.
    linmin: converged after 3 iterations.
    linmin: converged after 3 iterations.
    linmin: converged after 2 iterations.
    linmin: converged after 2 iterations.
    linmin: converged after 2 iterations.
    linmin: converged after 2 iterations.
Finished solving for bands 1 to 8 after 7 iterations.
tefreqs:, 9, 0.0545455, 0, 0, 0.0545455, 0.0194915, 0.325875, 0.339757, 0.365851, 0.37373, 0.474007, 0.491797, 0.535206
elapsed time for k point: 0 seconds.
solve_kpoint (0.0363636,0,0):
Solving for bands 1 to 8...
    linmin: converged after 5 iterations.
    linmin: converged after 3 iterations.
    linmin: converged after 4 iterations.
    linmin: converged after 3 iterations.
    linmin: converged after 3 iterations.
    linmin: converged after 2 iterations.
    linmin: converged after 2 iterations.
Finished solving for bands 1 to 8 after 7 iterations.
tefreqs:, 10, 0.0363636, 0, 0, 0.0363636, 0.0129957, 0.329281, 0.340249, 0.36572, 0.369689, 0.475719, 0.493083, 0.533656
elapsed time for k point: 0 seconds.
solve_kpoint (0.0181818,0,0):
Solving for bands 1 to 8...
    linmin: converged after 6 iterations.
    linmin: converged after 5 iterations.
    linmin: converged after 7 iterations.
    linmin: converged after 3 iterations.
    linmin: converged after 2 iterations.
    linmin: converged after 2 iterations.
    linmin: converged after 3 iterations.
Finished solving for bands 1 to 8 after 10 iterations.
tefreqs:, 11, 0.0181818, 0, 0, 0.0181818, 0.00649829, 0.331318, 0.341075, 0.36564, 0.366737, 0.476811, 0.493906, 0.532675
elapsed time for k point: 0 seconds.
solve_kpoint (0,0,0):
Solving for bands 2 to 8...
    linmin: converged after 2 iterations.
    linmin: converged after 4 iterations.
    linmin: converged after 4 iterations.
    linmin: converged after 2 iterations.
    linmin: converged after 2 iterations.
    linmin: converged after 2 iterations.
    linmin: converged after 2 iterations.
Finished solving for bands 2 to 8 after 7 iterations.
tefreqs:, 12, 0, 0, 0, 0, 0, 0.331956, 0.34153, 0.365613, 0.365615, 0.477185, 0.49419, 0.532338
elapsed time for k point: 0 seconds.
solve_kpoint (0,0.0181818,0):
Solving for bands 1 to 8...
    linmin: converged after 6 iterations.
    linmin: converged after 7 iterations.
Finished solving for bands 1 to 8 after 13 iterations.
tefreqs:, 13, 0, 0.0181818, 0, 0.0181818, 0.00649844, 0.331318, 0.341075, 0.36564, 0.366737, 0.47681, 0.493906, 0.532756
elapsed time for k point: 0 seconds.
solve_kpoint (0,0.0363636,0):
Solving for bands 1 to 8...
    linmin: converged after 3 iterations.
    linmin: converged after 4 iterations.
    linmin: converged after 3 iterations.
    linmin: converged after 3 iterations.
    linmin: converged after 3 iterations.
    linmin: converged after 2 iterations.
    linmin: converged after 2 iterations.
    linmin: converged after 2 iterations.
Finished solving for bands 1 to 8 after 8 iterations.
tefreqs:, 14, 0, 0.0363636, 0, 0.0363636, 0.0129957, 0.329281, 0.340249, 0.36572, 0.369688, 0.475719, 0.493083, 0.533978
elapsed time for k point: 0 seconds.
solve_kpoint (0,0.0545455,0):
Solving for bands 1 to 8...
    linmin: converged after 3 iterations.
    linmin: converged after 3 iterations.
    linmin: converged after 3 iterations.
    linmin: converged after 3 iterations.
    linmin: converged after 3 iterations.
    linmin: converged after 2 iterations.
    linmin: converged after 2 iterations.
    linmin: converged after 2 iterations.
Finished solving for bands 1 to 8 after 8 iterations.
tefreqs:, 15, 0, 0.0545455, 0, 0.0545455, 0.0194915, 0.325875, 0.339757, 0.365851, 0.37373, 0.474006, 0.491797, 0.535911
elapsed time for k point: 0 seconds.
solve_kpoint (0,0.0727273,0):
Solving for bands 1 to 8...
    linmin: converged after 3 iterations.
    linmin: converged after 3 iterations.
    linmin: converged after 3 iterations.
    linmin: converged after 3 iterations.
    linmin: converged after 3 iterations.
    linmin: converged after 2 iterations.
    linmin: converged after 2 iterations.
    linmin: converged after 2 iterations.
Finished solving for bands 1 to 8 after 8 iterations.
tefreqs:, 16, 0, 0.0727273, 0, 0.0727273, 0.0259847, 0.321491, 0.339714, 0.366034, 0.378346, 0.471799, 0.490146, 0.538432
elapsed time for k point: 0 seconds.
solve_kpoint (0,0.0909091,0):
Solving for bands 1 to 8...
    linmin: converged after 3 iterations.
    linmin: converged after 3 iterations.
    linmin: converged after 2 iterations.
    linmin: converged after 2 iterations.
    linmin: converged after 2 iterations.
    linmin: converged after 2 iterations.
    linmin: converged after 2 iterations.
    linmin: converged after 2 iterations.
Finished solving for bands 1 to 8 after 8 iterations.
tefreqs:, 17, 0, 0.0909091, 0, 0.0909091, 0.0324746, 0.316524, 0.340001, 0.366266, 0.38325, 0.469229, 0.488224, 0.541418
elapsed time for k point: 0 seconds.
solve_kpoint (0,0.109091,0):
Solving for bands 1 to 8...
    linmin: converged after 3 iterations.
    linmin: converged after 3 iterations.
    linmin: converged after 3 iterations.
    linmin: converged after 2 iterations.
    linmin: converged after 2 iterations.
    linmin: converged after 2 iterations.
    linmin: converged after 2 iterations.
    linmin: converged after 2 iterations.
Finished solving for bands 1 to 8 after 8 iterations.
tefreqs:, 18, 0, 0.109091, 0, 0.109091, 0.0389601, 0.311212, 0.340524, 0.366546, 0.38828, 0.466418, 0.486114, 0.544755
elapsed time for k point: 0 seconds.
solve_kpoint (0,0.127273,0):
Solving for bands 1 to 8...
    linmin: converged after 3 iterations.
    linmin: converged after 2 iterations.
    linmin: converged after 3 iterations.
    linmin: converged after 2 iterations.
    linmin: converged after 2 iterations.
    linmin: converged after 2 iterations.
    linmin: converged after 2 iterations.
    linmin: converged after 2 iterations.
Finished solving for bands 1 to 8 after 8 iterations.
tefreqs:, 19, 0, 0.127273, 0, 0.127273, 0.0454404, 0.305683, 0.341232, 0.366872, 0.39333, 0.463479, 0.48388, 0.548347
elapsed time for k point: 0 seconds.
solve_kpoint (0,0.145455,0):
Solving for bands 1 to 8...
    linmin: converged after 3 iterations.
    linmin: converged after 2 iterations.
    linmin: converged after 3 iterations.
    linmin: converged after 2 iterations.
    linmin: converged after 2 iterations.
    linmin: converged after 2 iterations.
    linmin: converged after 2 iterations.
Finished solving for bands 1 to 8 after 7 iterations.
tefreqs:, 20, 0, 0.145455, 0, 0.145455, 0.0519143, 0.300011, 0.342098, 0.367242, 0.398309, 0.460522, 0.481572, 0.552114
elapsed time for k point: 0 seconds.
solve_kpoint (0,0.163636,0):
Solving for bands 1 to 8...
    linmin: converged after 3 iterations.
    linmin: converged after 4 iterations.
    linmin: converged after 3 iterations.
    linmin: converged after 2 iterations.
    linmin: converged after 2 iterations.
    linmin: converged after 2 iterations.
    linmin: converged after 2 iterations.
    linmin: converged after 2 iterations.
Finished solving for bands 1 to 8 after 8 iterations.
tefreqs:, 21, 0, 0.163636, 0, 0.163636, 0.0583806, 0.294238, 0.343108, 0.367651, 0.403122, 0.457666, 0.47923, 0.55598
elapsed time for k point: 0 seconds.
solve_kpoint (0,0.181818,0):
Solving for bands 1 to 8...
    linmin: converged after 3 iterations.
    linmin: converged after 4 iterations.
    linmin: converged after 3 iterations.
    linmin: converged after 2 iterations.
    linmin: converged after 2 iterations.
    linmin: converged after 3 iterations.
    linmin: converged after 2 iterations.
    linmin: converged after 2 iterations.
    linmin: converged after 2 iterations.
Finished solving for bands 1 to 8 after 9 iterations.
tefreqs:, 22, 0, 0.181818, 0, 0.181818, 0.0648381, 0.288391, 0.344252, 0.368097, 0.40764, 0.455058, 0.476884, 0.559869
elapsed time for k point: 0 seconds.
solve_kpoint (0,0.2,0):
Solving for bands 1 to 8...
    linmin: converged after 3 iterations.
    linmin: converged after 4 iterations.
    linmin: converged after 3 iterations.
    linmin: converged after 2 iterations.
    linmin: converged after 2 iterations.
    linmin: converged after 3 iterations.
    linmin: converged after 2 iterations.
    linmin: converged after 2 iterations.
    linmin: converged after 2 iterations.
    linmin: converged after 2 iterations.
Finished solving for bands 1 to 8 after 10 iterations.
tefreqs:, 23, 0, 0.2, 0, 0.2, 0.0712852, 0.28249, 0.345525, 0.368575, 0.411678, 0.452901, 0.474557, 0.563692
elapsed time for k point: 0 seconds.
Band 1 range: 0.0 at #(0.0 0.0 0.0) to 0.07128523236375675 at #(0.2 0.0 0.0)
Band 2 range: 0.2824896748207174 at #(0.0 0.2 0.0) to 0.3319564509778402 at #(0.0 0.0 0.0)
Band 3 range: 0.3397135152575294 at #(0.07272727272727274 0.0 0.0) to 0.34552454855175446 at #(0.0 0.2 0.0)
Band 4 range: 0.3656130711687434 at #(0.0 0.0 0.0) to 0.368575029723641 at #(0.0 0.2 0.0)
Band 5 range: 0.3656148014875994 at #(0.0 0.0 0.0) to 0.4116778169070313 at #(0.2 0.0 0.0)
Band 6 range: 0.452901422838644 at #(0.0 0.2 0.0) to 0.477185292619091 at #(0.0 0.0 0.0)
Band 7 range: 0.4745568870633482 at #(0.2 0.0 0.0) to 0.49419002160382447 at #(0.0 0.0 0.0)
Band 8 range: 0.5323384167166665 at #(0.0 0.0 0.0) to 0.5636920308202772 at #(0.0 0.2 0.0)
Gap from band 1 (0.07128523236375675) to band 2 (0.2824896748207174), 119.40046519287428%
Gap from band 2 (0.3319564509778402) to band 3 (0.3397135152575294), 2.309784468454536%
Gap from band 3 (0.34552454855175446) to band 4 (0.3656130711687434), 5.649686378533722%
Gap from band 5 (0.4116778169070313) to band 6 (0.452901422838644), 9.5361082099864%
Gap from band 7 (0.49419002160382447) to band 8 (0.5323384167166665), 7.432506239234215%
total elapsed time for run: 2 seconds.
done.
init-params: initializing eigensolver data
Computing 8 bands with 1.000000e-07 tolerance.
Working in 2 dimensions.
Grid size is 32 x 32 x 1.
Solving for 8 bands at a time.
Creating Maxwell data...
Mesh size is 3.
Lattice vectors:
     (1, 0, 0)
     (0, 1, 0)
     (0, 0, 1)
Cell volume = 1
Reciprocal lattice vectors (/ 2 pi):
     (1, -0, 0)
     (-0, 1, -0)
     (0, -0, 1)
Geometric objects:
     block, center = (0,0,0)
          size (1e+20,1e+20,1e+20)
          axes (1,0,0), (0,1,0), (0,0,1)
          epsilon = 9.61, mu = 1
     cylinder, center = (0,0,0)
          radius 0.2, height 1e+20, axis (0, 0, 1)
          epsilon = 1, mu = 1
Geometric object tree has depth 1 and 10 object nodes (vs. 2 actual objects)
Initializing epsilon function...
23 k-points:
     (0.2,0,0)
     (0.181818,0,0)
     (0.163636,0,0)
     (0.145455,0,0)
     (0.127273,0,0)
     (0.109091,0,0)
     (0.0909091,0,0)
     (0.0727273,0,0)
     (0.0545455,0,0)
     (0.0363636,0,0)
     (0.0181818,0,0)
     (0,0,0)
     (0,0.0181818,0)
     (0,0.0363636,0)
     (0,0.0545455,0)
     (0,0.0727273,0)
     (0,0.0909091,0)
     (0,0.109091,0)
     (0,0.127273,0)
     (0,0.145455,0)
     (0,0.163636,0)
     (0,0.181818,0)
     (0,0.2,0)
Solving for band polarization: tm.
Initializing fields to random numbers...
elapsed time for initialization: 0 seconds.
epsilon: 1-9.61, mean 8.52804, harm. mean 4.90386, 90.1367% > 1, 87.4337% "fill"
Outputting InP_2D_square_lattice-epsilon...
solve_kpoint (0.2,0,0):
tmfreqs:, k index, k1, k2, k3, kmag/2pi, tm band 1, tm band 2, tm band 3, tm band 4, tm band 5, tm band 6, tm band 7, tm band 8
Solving for bands 1 to 8...
    linmin: converged after 13 iterations.
    linmin: converged after 8 iterations.
    linmin: converged after 4 iterations.
    linmin: converged after 4 iterations.
    linmin: converged after 5 iterations.
    linmin: converged after 4 iterations.
    linmin: converged after 4 iterations.
    linmin: converged after 4 iterations.
    linmin: converged after 4 iterations.
    linmin: converged after 2 iterations.
    linmin: converged after 2 iterations.
    linmin: converged after 2 iterations.
Finished solving for bands 1 to 8 after 12 iterations.
tmfreqs:, 1, 0.2, 0, 0, 0.2, 0.0683978, 0.270082, 0.338199, 0.349098, 0.405518, 0.425774, 0.458132, 0.517972
elapsed time for k point: 0 seconds.
solve_kpoint (0.181818,0,0):
Solving for bands 1 to 8...
    linmin: converged after 3 iterations.
    linmin: converged after 2 iterations.
    linmin: converged after 2 iterations.
    linmin: converged after 2 iterations.
Finished solving for bands 1 to 8 after 4 iterations.
tmfreqs:, 2, 0.181818, 0, 0, 0.181818, 0.0621945, 0.275851, 0.33712, 0.347952, 0.40094, 0.429408, 0.460213, 0.513537
elapsed time for k point: 0 seconds.
solve_kpoint (0.163636,0,0):
Solving for bands 1 to 8...
    linmin: converged after 3 iterations.
    linmin: converged after 4 iterations.
    linmin: converged after 2 iterations.
    linmin: converged after 2 iterations.
    linmin: converged after 2 iterations.
Finished solving for bands 1 to 8 after 5 iterations.
tmfreqs:, 3, 0.163636, 0, 0, 0.163636, 0.0559867, 0.28157, 0.336139, 0.346811, 0.396264, 0.433084, 0.46245, 0.509141
elapsed time for k point: 0 seconds.
solve_kpoint (0.145455,0,0):
Solving for bands 1 to 8...
    linmin: converged after 3 iterations.
    linmin: converged after 4 iterations.
    linmin: converged after 2 iterations.
    linmin: converged after 2 iterations.
    linmin: converged after 2 iterations.
Finished solving for bands 1 to 8 after 5 iterations.
tmfreqs:, 4, 0.145455, 0, 0, 0.145455, 0.0497751, 0.287226, 0.335256, 0.345655, 0.391583, 0.436795, 0.464753, 0.504788
elapsed time for k point: 0 seconds.
solve_kpoint (0.127273,0,0):
Solving for bands 1 to 8...
    linmin: converged after 3 iterations.
    linmin: converged after 4 iterations.
    linmin: converged after 2 iterations.
    linmin: converged after 2 iterations.
    linmin: converged after 2 iterations.
Finished solving for bands 1 to 8 after 5 iterations.
tmfreqs:, 5, 0.127273, 0, 0, 0.127273, 0.0435602, 0.292806, 0.334474, 0.344454, 0.386986, 0.440533, 0.467046, 0.500486
elapsed time for k point: 0 seconds.
solve_kpoint (0.109091,0,0):
Solving for bands 1 to 8...
    linmin: converged after 3 iterations.
    linmin: converged after 4 iterations.
    linmin: converged after 2 iterations.
    linmin: converged after 2 iterations.
    linmin: converged after 2 iterations.
Finished solving for bands 1 to 8 after 5 iterations.
tmfreqs:, 6, 0.109091, 0, 0, 0.109091, 0.0373424, 0.298287, 0.333793, 0.343162, 0.382567, 0.444285, 0.469259, 0.496248
elapsed time for k point: 0 seconds.
solve_kpoint (0.0909091,0,0):
Solving for bands 1 to 8...
    linmin: converged after 3 iterations.
    linmin: converged after 4 iterations.
    linmin: converged after 2 iterations.
    linmin: converged after 2 iterations.
    linmin: converged after 2 iterations.
Finished solving for bands 1 to 8 after 5 iterations.
tmfreqs:, 7, 0.0909091, 0, 0, 0.0909091, 0.0311223, 0.303641, 0.333216, 0.341716, 0.37844, 0.44803, 0.471322, 0.492092
elapsed time for k point: 0 seconds.
solve_kpoint (0.0727273,0,0):
Solving for bands 1 to 8...
    linmin: converged after 4 iterations.
    linmin: converged after 3 iterations.
    linmin: converged after 3 iterations.
    linmin: converged after 2 iterations.
    linmin: converged after 2 iterations.
Finished solving for bands 1 to 8 after 5 iterations.
tmfreqs:, 8, 0.0727273, 0, 0, 0.0727273, 0.0249001, 0.308823, 0.332742, 0.340036, 0.374741, 0.451731, 0.473162, 0.488055
elapsed time for k point: 0 seconds.
solve_kpoint (0.0545455,0,0):
Solving for bands 1 to 8...
    linmin: converged after 4 iterations.
    linmin: converged after 3 iterations.
    linmin: converged after 3 iterations.
    linmin: converged after 2 iterations.
    linmin: converged after 2 iterations.
Finished solving for bands 1 to 8 after 5 iterations.
tmfreqs:, 9, 0.0545455, 0, 0, 0.0545455, 0.0186764, 0.313764, 0.332372, 0.338045, 0.371631, 0.455317, 0.474703, 0.484209
elapsed time for k point: 0 seconds.
solve_kpoint (0.0363636,0,0):
Solving for bands 1 to 8...
    linmin: converged after 6 iterations.
    linmin: converged after 4 iterations.
    linmin: converged after 3 iterations.
    linmin: converged after 2 iterations.
    linmin: converged after 2 iterations.
Finished solving for bands 1 to 8 after 5 iterations.
tmfreqs:, 10, 0.0363636, 0, 0, 0.0363636, 0.0124517, 0.318331, 0.332108, 0.335719, 0.36927, 0.458623, 0.475871, 0.480717
elapsed time for k point: 0 seconds.
solve_kpoint (0.0181818,0,0):
Solving for bands 1 to 8...
    linmin: converged after 7 iterations.
Finished solving for bands 1 to 8 after 10 iterations.
tmfreqs:, 11, 0.0181818, 0, 0, 0.0181818, 0.00622603, 0.322177, 0.33195, 0.333272, 0.367797, 0.461248, 0.476603, 0.477981
elapsed time for k point: 0 seconds.
solve_kpoint (0,0,0):
Solving for bands 2 to 8...
    linmin: converged after 4 iterations.
    linmin: converged after 4 iterations.
    linmin: converged after 2 iterations.
    linmin: converged after 2 iterations.
    linmin: converged after 2 iterations.
    linmin: converged after 2 iterations.
Finished solving for bands 2 to 8 after 6 iterations.
tmfreqs:, 12, 0, 0, 0, 0, 0, 0.324028, 0.331897, 0.331897, 0.367297, 0.46234, 0.476851, 0.476852
elapsed time for k point: 0 seconds.
solve_kpoint (0,0.0181818,0):
Solving for bands 1 to 8...
    linmin: converged after 7 iterations.
    linmin: converged after 6 iterations.
    linmin: converged after 3 iterations.
    linmin: converged after 2 iterations.
    linmin: converged after 2 iterations.
Finished solving for bands 1 to 8 after 5 iterations.
tmfreqs:, 13, 0, 0.0181818, 0, 0.0181818, 0.00622608, 0.322177, 0.33195, 0.333272, 0.367797, 0.461248, 0.476602, 0.477981
elapsed time for k point: 0 seconds.
solve_kpoint (0,0.0363636,0):
Solving for bands 1 to 8...
    linmin: converged after 6 iterations.
    linmin: converged after 4 iterations.
    linmin: converged after 3 iterations.
    linmin: converged after 2 iterations.
    linmin: converged after 2 iterations.
Finished solving for bands 1 to 8 after 5 iterations.
tmfreqs:, 14, 0, 0.0363636, 0, 0.0363636, 0.0124517, 0.318331, 0.332108, 0.335719, 0.36927, 0.458623, 0.475871, 0.480717
elapsed time for k point: 0 seconds.
solve_kpoint (0,0.0545455,0):
Solving for bands 1 to 8...
    linmin: converged after 4 iterations.
    linmin: converged after 3 iterations.
    linmin: converged after 3 iterations.
    linmin: converged after 2 iterations.
    linmin: converged after 2 iterations.
Finished solving for bands 1 to 8 after 5 iterations.
tmfreqs:, 15, 0, 0.0545455, 0, 0.0545455, 0.0186765, 0.313764, 0.332373, 0.338045, 0.371631, 0.455317, 0.474703, 0.484209
elapsed time for k point: 0 seconds.
solve_kpoint (0,0.0727273,0):
Solving for bands 1 to 8...
    linmin: converged after 4 iterations.
    linmin: converged after 3 iterations.
    linmin: converged after 2 iterations.
    linmin: converged after 2 iterations.
    linmin: converged after 2 iterations.
Finished solving for bands 1 to 8 after 5 iterations.
tmfreqs:, 16, 0, 0.0727273, 0, 0.0727273, 0.0249001, 0.308823, 0.332742, 0.340036, 0.374741, 0.451731, 0.473162, 0.488055
elapsed time for k point: 0 seconds.
solve_kpoint (0,0.0909091,0):
Solving for bands 1 to 8...
    linmin: converged after 3 iterations.
    linmin: converged after 3 iterations.
    linmin: converged after 2 iterations.
    linmin: converged after 2 iterations.
    linmin: converged after 2 iterations.
Finished solving for bands 1 to 8 after 5 iterations.
tmfreqs:, 17, 0, 0.0909091, 0, 0.0909091, 0.0311223, 0.303641, 0.333216, 0.341716, 0.37844, 0.44803, 0.471322, 0.492092
elapsed time for k point: 0 seconds.
solve_kpoint (0,0.109091,0):
Solving for bands 1 to 8...
    linmin: converged after 3 iterations.
    linmin: converged after 4 iterations.
    linmin: converged after 2 iterations.
    linmin: converged after 2 iterations.
    linmin: converged after 2 iterations.
Finished solving for bands 1 to 8 after 5 iterations.
tmfreqs:, 18, 0, 0.109091, 0, 0.109091, 0.0373424, 0.298287, 0.333793, 0.343162, 0.382567, 0.444285, 0.469259, 0.496248
elapsed time for k point: 0 seconds.
solve_kpoint (0,0.127273,0):
Solving for bands 1 to 8...
    linmin: converged after 3 iterations.
    linmin: converged after 4 iterations.
    linmin: converged after 2 iterations.
    linmin: converged after 2 iterations.
    linmin: converged after 2 iterations.
Finished solving for bands 1 to 8 after 5 iterations.
tmfreqs:, 19, 0, 0.127273, 0, 0.127273, 0.0435602, 0.292806, 0.334474, 0.344454, 0.386986, 0.440533, 0.467046, 0.500487
elapsed time for k point: 0 seconds.
solve_kpoint (0,0.145455,0):
Solving for bands 1 to 8...
    linmin: converged after 3 iterations.
    linmin: converged after 4 iterations.
    linmin: converged after 2 iterations.
    linmin: converged after 2 iterations.
    linmin: converged after 2 iterations.
Finished solving for bands 1 to 8 after 5 iterations.
tmfreqs:, 20, 0, 0.145455, 0, 0.145455, 0.0497751, 0.287226, 0.335256, 0.345655, 0.391583, 0.436795, 0.464753, 0.504788
elapsed time for k point: 0 seconds.
solve_kpoint (0,0.163636,0):
Solving for bands 1 to 8...
    linmin: converged after 3 iterations.
    linmin: converged after 4 iterations.
    linmin: converged after 2 iterations.
    linmin: converged after 2 iterations.
    linmin: converged after 2 iterations.
Finished solving for bands 1 to 8 after 5 iterations.
tmfreqs:, 21, 0, 0.163636, 0, 0.163636, 0.0559867, 0.28157, 0.336139, 0.346811, 0.396264, 0.433084, 0.46245, 0.509141
elapsed time for k point: 0 seconds.
solve_kpoint (0,0.181818,0):
Solving for bands 1 to 8...
    linmin: converged after 3 iterations.
    linmin: converged after 4 iterations.
    linmin: converged after 2 iterations.
    linmin: converged after 2 iterations.
Finished solving for bands 1 to 8 after 4 iterations.
tmfreqs:, 22, 0, 0.181818, 0, 0.181818, 0.0621945, 0.275851, 0.337121, 0.347952, 0.40094, 0.429408, 0.460213, 0.513538
elapsed time for k point: 0 seconds.
solve_kpoint (0,0.2,0):
Solving for bands 1 to 8...
    linmin: converged after 3 iterations.
    linmin: converged after 2 iterations.
    linmin: converged after 2 iterations.
    linmin: converged after 2 iterations.
Finished solving for bands 1 to 8 after 4 iterations.
tmfreqs:, 23, 0, 0.2, 0, 0.2, 0.0683978, 0.270082, 0.338199, 0.349098, 0.405518, 0.425774, 0.458132, 0.517972
elapsed time for k point: 0 seconds.
Band 1 range: 0.0 at #(0.0 0.0 0.0) to 0.06839777229730115 at #(0.0 0.2 0.0)
Band 2 range: 0.2700822118958817 at #(0.2 0.0 0.0) to 0.3240276422330083 at #(0.0 0.0 0.0)
Band 3 range: 0.3318966810528153 at #(0.0 0.0 0.0) to 0.33819919032455337 at #(0.0 0.2 0.0)
Band 4 range: 0.3318967735740252 at #(0.0 0.0 0.0) to 0.3490984487080264 at #(0.2 0.0 0.0)
Band 5 range: 0.3672970580291877 at #(0.0 0.0 0.0) to 0.40551848935990004 at #(0.2 0.0 0.0)
Band 6 range: 0.4257743123062329 at #(0.2 0.0 0.0) to 0.46234025512764815 at #(0.0 0.0 0.0)
Band 7 range: 0.4581315642613189 at #(0.0 0.2 0.0) to 0.4768514133867633 at #(0.0 0.0 0.0)
Band 8 range: 0.47685172301544654 at #(0.0 0.0 0.0) to 0.5179717160459122 at #(0.0 0.2 0.0)
Gap from band 1 (0.06839777229730115) to band 2 (0.2700822118958817), 119.17067420061795%
Gap from band 2 (0.3240276422330083) to band 3 (0.3318966810528153), 2.399373994971675%
Gap from band 4 (0.3490984487080264) to band 5 (0.3672970580291877), 5.0806039820227%
Gap from band 5 (0.40551848935990004) to band 6 (0.4257743123062329), 4.873330529443969%
Gap from band 7 (0.4768514133867633) to band 8 (0.47685172301544654), 6.493187899461008e-5%
total elapsed time for run: 2 seconds.
done.

------------------------------------------------------------
Sender: LSF System <lsfadmin@hpc.dtu.dk>
Subject: Job 24011011: <InP_2D_square_lattice> in cluster <dcc> Done

Job <InP_2D_square_lattice> was submitted from host <gbarlogin2> by user <s232699> in cluster <dcc> at Mon Feb 10 19:44:08 2025
Job was executed on host(s) <4*n-62-12-80>, in queue <fotonano>, as user <s232699> in cluster <dcc> at Mon Feb 10 19:44:08 2025
</zhome/2f/7/202918> was used as the home directory.
</zhome/2f/7/202918/phc_nzi/sources/InP_2D_square_lattice> was used as the working directory.
Started at Mon Feb 10 19:44:08 2025
Terminated at Mon Feb 10 19:44:19 2025
Results reported at Mon Feb 10 19:44:19 2025

Your job looked like:

------------------------------------------------------------
# LSBATCH: User input
source /dtu/sw/dcc/dcc-sw.bash && module load mpb/1.11.1 && mpirun -np $LSB_DJOB_NUMPROC mpb-mpi  InP_2D_square_lattice.ctl
------------------------------------------------------------

Successfully completed.

Resource usage summary:

    CPU time :                                   8.91 sec.
    Max Memory :                                 -
    Average Memory :                             -
    Total Requested Memory :                     16384.00 MB
    Delta Memory :                               -
    Max Swap :                                   -
    Max Processes :                              -
    Max Threads :                                -
    Run time :                                   30 sec.
    Turnaround time :                            11 sec.

The output (if any) is above this job summary.



PS:

Read file <InP_2D_square_lattice.err> for stderr output of this job.

