command-line param: r=0.35
init-params: initializing eigensolver data
Computing 8 bands with 1.000000e-07 tolerance.
Working in 3 dimensions.
Grid size is 32 x 32 x 96.
Solving for 8 bands at a time.
Creating Maxwell data...
Mesh size is 3.
Lattice vectors:
     (1, 0, 0)
     (0.5, 0.866025, 0)
     (0, 0, 3)
Cell volume = 2.59808
Reciprocal lattice vectors (/ 2 pi):
     (1, -0.57735, 0)
     (-0, 1.1547, -0)
     (0, -0, 0.333333)
Geometric objects:
     block, center = (0,0,0)
          size (1e+20,1e+20,0.4)
          axes (1,0,0), (0,1,0), (0,0,1)
          epsilon = 20, mu = 1
     cylinder, center = (0,0,0)
          radius 0.35, height 0.4, axis (0, 0, 1)
          epsilon = 1, mu = 1
Geometric object tree has depth 1 and 10 object nodes (vs. 2 actual objects)
Initializing epsilon function...
Allocating fields...
7 k-points:
     (0,0,0)
     (0.00833333,0.00416667,0)
     (0.0166667,0.00833333,0)
     (0.025,0.0125,0)
     (0.0333333,0.0166667,0)
     (0.0416667,0.0208333,0)
     (0.05,0.025,0)
Solving for band polarization: zeven.
Initializing fields to random numbers...
elapsed time for initialization: 0 seconds.
epsilon: 1-20, mean 2.41379, harm. mean 1.08128, 8.16752% > 1, 7.44099% "fill"
Outputting slab_field_analysis-epsilon...
solve_kpoint (0,0,0):
zevenfreqs:, k index, k1, k2, k3, kmag/2pi, zeven band 1, zeven band 2, zeven band 3, zeven band 4, zeven band 5, zeven band 6, zeven band 7, zeven band 8
Solving for bands 2 to 8...
    linmin: converged after 8 iterations.
    linmin: converged after 9 iterations.
    linmin: converged after 5 iterations.
    linmin: converged after 5 iterations.
    linmin: converged after 5 iterations.
    linmin: converged after 4 iterations.
    linmin: converged after 3 iterations.
    linmin: converged after 4 iterations.
    linmin: converged after 3 iterations.
    linmin: converged after 4 iterations.
    linmin: converged after 4 iterations.
    linmin: converged after 4 iterations.
    linmin: converged after 4 iterations.
    linmin: converged after 4 iterations.
    linmin: converged after 2 iterations.
    linmin: converged after 2 iterations.
    linmin: converged after 2 iterations.
    linmin: converged after 2 iterations.
    linmin: converged after 2 iterations.
    linmin: converged after 2 iterations.
    linmin: converged after 2 iterations.
    linmin: converged after 2 iterations.
    linmin: converged after 2 iterations.
Finished solving for bands 2 to 8 after 23 iterations.
zevenfreqs:, 1, 0, 0, 0, 0, 0, 0.220788, 0.220842, 0.377659, 0.435842, 0.445935, 0.446418, 0.494369
elapsed time for k point: 1 seconds.
Fixing e-field (band 1) phase by 1 + -0i; max ampl. = 0
Fixing e-field (band 2) phase by 0.482477 + -0.875909i; max ampl. = 0.742036
Fixing e-field (band 3) phase by 0.999854 + 0.0170951i; max ampl. = 0.75514
Fixing e-field (band 4) phase by 0.868263 + 0.496104i; max ampl. = 0.901322
Fixing e-field (band 5) phase by 0.813341 + -0.581787i; max ampl. = 0.904293
Fixing e-field (band 6) phase by -0.924851 + -0.380329i; max ampl. = 1.4944
Fixing e-field (band 7) phase by -0.819507 + -0.57307i; max ampl. = 1.3434
Fixing e-field (band 8) phase by 0.994033 + -0.109082i; max ampl. = 0.813628
Outputting fields to slab_field_analysis-e.v.k01.b01.z.zeven...
Outputting fields to slab_field_analysis-e.v.k01.b02.z.zeven...
Outputting fields to slab_field_analysis-e.v.k01.b03.z.zeven...
Outputting fields to slab_field_analysis-e.v.k01.b04.z.zeven...
Outputting fields to slab_field_analysis-e.v.k01.b05.z.zeven...
Outputting fields to slab_field_analysis-e.v.k01.b06.z.zeven...
Outputting fields to slab_field_analysis-e.v.k01.b07.z.zeven...
Outputting fields to slab_field_analysis-e.v.k01.b08.z.zeven...
Outputting fields to slab_field_analysis-h.v.k01.b01.y.zeven...
Outputting fields to slab_field_analysis-h.v.k01.b02.y.zeven...
Outputting fields to slab_field_analysis-h.v.k01.b03.y.zeven...
Outputting fields to slab_field_analysis-h.v.k01.b04.y.zeven...
Outputting fields to slab_field_analysis-h.v.k01.b05.y.zeven...
Outputting fields to slab_field_analysis-h.v.k01.b06.y.zeven...
Outputting fields to slab_field_analysis-h.v.k01.b07.y.zeven...
Outputting fields to slab_field_analysis-h.v.k01.b08.y.zeven...
solve_kpoint (0.00833333,0.00416667,0):
Solving for bands 1 to 8...
    linmin: converged after 3 iterations.
    linmin: converged after 3 iterations.
    linmin: converged after 3 iterations.
    linmin: converged after 2 iterations.
    linmin: converged after 3 iterations.
    linmin: converged after 2 iterations.
    linmin: converged after 3 iterations.
    linmin: converged after 2 iterations.
    linmin: converged after 2 iterations.
Finished solving for bands 1 to 8 after 9 iterations.
zevenfreqs:, 2, 0.00833333, 0.00416667, 0, 0.00833333, 0.00586479, 0.220898, 0.220976, 0.377652, 0.4358, 0.445935, 0.446415, 0.494428
elapsed time for k point: 0 seconds.
Fixing e-field (band 1) phase by -1 + -0.000111458i; max ampl. = 0.866917
Fixing e-field (band 2) phase by -0.999939 + -0.0110179i; max ampl. = 0.789122
Fixing e-field (band 3) phase by 0.990041 + -0.140777i; max ampl. = 0.80203
Fixing e-field (band 4) phase by -0.990432 + -0.138001i; max ampl. = 0.901699
Fixing e-field (band 5) phase by -0.910598 + 0.413292i; max ampl. = 0.903312
Fixing e-field (band 6) phase by 0.99903 + -0.0440351i; max ampl. = 1.49721
Fixing e-field (band 7) phase by 0.214333 + -0.976761i; max ampl. = 1.3319
Fixing e-field (band 8) phase by 0.98915 + -0.146911i; max ampl. = 0.826388
Outputting fields to slab_field_analysis-e.v.k02.b01.z.zeven...
Outputting fields to slab_field_analysis-e.v.k02.b02.z.zeven...
Outputting fields to slab_field_analysis-e.v.k02.b03.z.zeven...
Outputting fields to slab_field_analysis-e.v.k02.b04.z.zeven...
Outputting fields to slab_field_analysis-e.v.k02.b05.z.zeven...
Outputting fields to slab_field_analysis-e.v.k02.b06.z.zeven...
Outputting fields to slab_field_analysis-e.v.k02.b07.z.zeven...
Outputting fields to slab_field_analysis-e.v.k02.b08.z.zeven...
Outputting fields to slab_field_analysis-h.v.k02.b01.y.zeven...
Outputting fields to slab_field_analysis-h.v.k02.b02.y.zeven...
Outputting fields to slab_field_analysis-h.v.k02.b03.y.zeven...
Outputting fields to slab_field_analysis-h.v.k02.b04.y.zeven...
Outputting fields to slab_field_analysis-h.v.k02.b05.y.zeven...
Outputting fields to slab_field_analysis-h.v.k02.b06.y.zeven...
Outputting fields to slab_field_analysis-h.v.k02.b07.y.zeven...
Outputting fields to slab_field_analysis-h.v.k02.b08.y.zeven...
solve_kpoint (0.0166667,0.00833333,0):
Solving for bands 1 to 8...
    linmin: converged after 3 iterations.
    linmin: converged after 3 iterations.
    linmin: converged after 2 iterations.
    linmin: converged after 2 iterations.
    linmin: converged after 2 iterations.
    linmin: converged after 2 iterations.
    linmin: converged after 2 iterations.
    linmin: converged after 2 iterations.
    linmin: converged after 2 iterations.
Finished solving for bands 1 to 8 after 9 iterations.
zevenfreqs:, 3, 0.0166667, 0.00833333, 0, 0.0166667, 0.011721, 0.221222, 0.221384, 0.377632, 0.435673, 0.445937, 0.446406, 0.494606
elapsed time for k point: 0 seconds.
Fixing e-field (band 1) phase by 1 + -1.11987e-05i; max ampl. = 0.877184
Fixing e-field (band 2) phase by -1 + 0.000174316i; max ampl. = 0.816962
Fixing e-field (band 3) phase by 0.998309 + -0.0581312i; max ampl. = 0.827689
Fixing e-field (band 4) phase by 0.999984 + 0.00568552i; max ampl. = 0.902117
Fixing e-field (band 5) phase by -0.447345 + 0.894362i; max ampl. = 0.900424
Fixing e-field (band 6) phase by 0.948224 + -0.317602i; max ampl. = 1.50547
Fixing e-field (band 7) phase by -0.487769 + 0.872973i; max ampl. = 1.32498
Fixing e-field (band 8) phase by 0.987648 + -0.156687i; max ampl. = 0.837025
Outputting fields to slab_field_analysis-e.v.k03.b01.z.zeven...
Outputting fields to slab_field_analysis-e.v.k03.b02.z.zeven...
Outputting fields to slab_field_analysis-e.v.k03.b03.z.zeven...
Outputting fields to slab_field_analysis-e.v.k03.b04.z.zeven...
Outputting fields to slab_field_analysis-e.v.k03.b05.z.zeven...
Outputting fields to slab_field_analysis-e.v.k03.b06.z.zeven...
Outputting fields to slab_field_analysis-e.v.k03.b07.z.zeven...
Outputting fields to slab_field_analysis-e.v.k03.b08.z.zeven...
Outputting fields to slab_field_analysis-h.v.k03.b01.y.zeven...
Outputting fields to slab_field_analysis-h.v.k03.b02.y.zeven...
Outputting fields to slab_field_analysis-h.v.k03.b03.y.zeven...
Outputting fields to slab_field_analysis-h.v.k03.b04.y.zeven...
Outputting fields to slab_field_analysis-h.v.k03.b05.y.zeven...
Outputting fields to slab_field_analysis-h.v.k03.b06.y.zeven...
Outputting fields to slab_field_analysis-h.v.k03.b07.y.zeven...
Outputting fields to slab_field_analysis-h.v.k03.b08.y.zeven...
solve_kpoint (0.025,0.0125,0):
Solving for bands 1 to 8...
    linmin: converged after 3 iterations.
    linmin: converged after 3 iterations.
    linmin: converged after 2 iterations.
    linmin: converged after 2 iterations.
    linmin: converged after 2 iterations.
    linmin: converged after 2 iterations.
    linmin: converged after 2 iterations.
    linmin: converged after 2 iterations.
    linmin: converged after 2 iterations.
Finished solving for bands 1 to 8 after 9 iterations.
zevenfreqs:, 4, 0.025, 0.0125, 0, 0.025, 0.0175613, 0.221756, 0.222067, 0.377598, 0.43546, 0.44594, 0.446396, 0.494901
elapsed time for k point: 0 seconds.
Fixing e-field (band 1) phase by 1 + -8.43974e-06i; max ampl. = 0.878467
Fixing e-field (band 2) phase by -0.999999 + 0.00159382i; max ampl. = 0.823194
Fixing e-field (band 3) phase by 0.985844 + 0.167667i; max ampl. = 0.829936
Fixing e-field (band 4) phase by 0.999938 + 0.0111101i; max ampl. = 0.902637
Fixing e-field (band 5) phase by -0.382409 + 0.923993i; max ampl. = 0.895701
Fixing e-field (band 6) phase by 0.907907 + -0.419171i; max ampl. = 1.51562
Fixing e-field (band 7) phase by 0.51752 + -0.855671i; max ampl. = 1.34393
Fixing e-field (band 8) phase by 0.985427 + -0.170101i; max ampl. = 0.844717
Outputting fields to slab_field_analysis-e.v.k04.b01.z.zeven...
Outputting fields to slab_field_analysis-e.v.k04.b02.z.zeven...
Outputting fields to slab_field_analysis-e.v.k04.b03.z.zeven...
Outputting fields to slab_field_analysis-e.v.k04.b04.z.zeven...
Outputting fields to slab_field_analysis-e.v.k04.b05.z.zeven...
Outputting fields to slab_field_analysis-e.v.k04.b06.z.zeven...
Outputting fields to slab_field_analysis-e.v.k04.b07.z.zeven...
Outputting fields to slab_field_analysis-e.v.k04.b08.z.zeven...
Outputting fields to slab_field_analysis-h.v.k04.b01.y.zeven...
Outputting fields to slab_field_analysis-h.v.k04.b02.y.zeven...
Outputting fields to slab_field_analysis-h.v.k04.b03.y.zeven...
Outputting fields to slab_field_analysis-h.v.k04.b04.y.zeven...
Outputting fields to slab_field_analysis-h.v.k04.b05.y.zeven...
Outputting fields to slab_field_analysis-h.v.k04.b06.y.zeven...
Outputting fields to slab_field_analysis-h.v.k04.b07.y.zeven...
Outputting fields to slab_field_analysis-h.v.k04.b08.y.zeven...
solve_kpoint (0.0333333,0.0166667,0):
Solving for bands 1 to 8...
    linmin: converged after 3 iterations.
    linmin: converged after 2 iterations.
    linmin: converged after 2 iterations.
    linmin: converged after 2 iterations.
    linmin: converged after 2 iterations.
    linmin: converged after 2 iterations.
    linmin: converged after 2 iterations.
    linmin: converged after 2 iterations.
    linmin: converged after 2 iterations.
    linmin: converged after 3 iterations.
    linmin: converged after 3 iterations.
    linmin: converged after 3 iterations.
    linmin: converged after 3 iterations.
    linmin: converged after 3 iterations.
    linmin: converged after 4 iterations.
    linmin: converged after 3 iterations.
    linmin: converged after 4 iterations.
    linmin: converged after 4 iterations.
    linmin: converged after 4 iterations.
    linmin: converged after 4 iterations.
    linmin: converged after 4 iterations.
    linmin: converged after 3 iterations.
    linmin: converged after 3 iterations.
    linmin: converged after 3 iterations.
    linmin: converged after 3 iterations.
    linmin: converged after 3 iterations.
    linmin: converged after 3 iterations.
    linmin: converged after 3 iterations.
    linmin: converged after 3 iterations.
    linmin: converged after 3 iterations.
    linmin: converged after 3 iterations.
    linmin: converged after 3 iterations.
    linmin: converged after 3 iterations.
    linmin: converged after 3 iterations.
    linmin: converged after 2 iterations.
    linmin: converged after 2 iterations.
    linmin: converged after 2 iterations.
    linmin: converged after 2 iterations.
    linmin: converged after 2 iterations.
    linmin: converged after 2 iterations.
    linmin: converged after 2 iterations.
    linmin: converged after 2 iterations.
    linmin: converged after 2 iterations.
    linmin: converged after 2 iterations.
Finished solving for bands 1 to 8 after 44 iterations.
zevenfreqs:, 5, 0.0333333, 0.0166667, 0, 0.0333333, 0.0233776, 0.222504, 0.223021, 0.377551, 0.435163, 0.445941, 0.44639, 0.495183
elapsed time for k point: 2 seconds.
Fixing e-field (band 1) phase by 1 + -0.000415599i; max ampl. = 0.879984
Fixing e-field (band 2) phase by -0.999859 + 0.0167664i; max ampl. = 0.825738
Fixing e-field (band 3) phase by -0.824739 + 0.565513i; max ampl. = 0.826646
Fixing e-field (band 4) phase by -0.999988 + 0.00494116i; max ampl. = 0.902836
Fixing e-field (band 5) phase by -0.981733 + 0.190264i; max ampl. = 0.889367
Fixing e-field (band 6) phase by -0.990155 + 0.139973i; max ampl. = 1.5221
Fixing e-field (band 7) phase by 0.947627 + -0.319379i; max ampl. = 1.36227
Fixing e-field (band 8) phase by 0.205933 + -0.978566i; max ampl. = 0.996238
Outputting fields to slab_field_analysis-e.v.k05.b01.z.zeven...
Outputting fields to slab_field_analysis-e.v.k05.b02.z.zeven...
Outputting fields to slab_field_analysis-e.v.k05.b03.z.zeven...
Outputting fields to slab_field_analysis-e.v.k05.b04.z.zeven...
Outputting fields to slab_field_analysis-e.v.k05.b05.z.zeven...
Outputting fields to slab_field_analysis-e.v.k05.b06.z.zeven...
Outputting fields to slab_field_analysis-e.v.k05.b07.z.zeven...
Outputting fields to slab_field_analysis-e.v.k05.b08.z.zeven...
Outputting fields to slab_field_analysis-h.v.k05.b01.y.zeven...
Outputting fields to slab_field_analysis-h.v.k05.b02.y.zeven...
Outputting fields to slab_field_analysis-h.v.k05.b03.y.zeven...
Outputting fields to slab_field_analysis-h.v.k05.b04.y.zeven...
Outputting fields to slab_field_analysis-h.v.k05.b05.y.zeven...
Outputting fields to slab_field_analysis-h.v.k05.b06.y.zeven...
Outputting fields to slab_field_analysis-h.v.k05.b07.y.zeven...
Outputting fields to slab_field_analysis-h.v.k05.b08.y.zeven...
solve_kpoint (0.0416667,0.0208333,0):
Solving for bands 1 to 8...
    linmin: converged after 3 iterations.
    linmin: converged after 2 iterations.
    linmin: converged after 2 iterations.
    linmin: converged after 2 iterations.
    linmin: converged after 2 iterations.
    linmin: converged after 2 iterations.
    linmin: converged after 2 iterations.
    linmin: converged after 2 iterations.
    linmin: converged after 2 iterations.
    linmin: converged after 2 iterations.
    linmin: converged after 3 iterations.
    linmin: converged after 2 iterations.
    linmin: converged after 2 iterations.
Finished solving for bands 1 to 8 after 13 iterations.
zevenfreqs:, 6, 0.0416667, 0.0208333, 0, 0.0416667, 0.0291613, 0.223466, 0.224241, 0.37749, 0.434779, 0.44594, 0.446394, 0.495544
elapsed time for k point: 1 seconds.
Fixing e-field (band 1) phase by -1 + -6.95814e-07i; max ampl. = 0.885642
Fixing e-field (band 2) phase by -0.999993 + 0.00363589i; max ampl. = 0.827757
Fixing e-field (band 3) phase by 0.733723 + -0.679449i; max ampl. = 0.821748
Fixing e-field (band 4) phase by -0.99997 + -0.00774831i; max ampl. = 0.903711
Fixing e-field (band 5) phase by -0.660668 + 0.750678i; max ampl. = 0.881345
Fixing e-field (band 6) phase by -0.966992 + 0.254807i; max ampl. = 1.51889
Fixing e-field (band 7) phase by 0.755032 + -0.655688i; max ampl. = 1.37124
Fixing e-field (band 8) phase by 0.86706 + -0.498204i; max ampl. = 0.99701
Outputting fields to slab_field_analysis-e.v.k06.b01.z.zeven...
Outputting fields to slab_field_analysis-e.v.k06.b02.z.zeven...
Outputting fields to slab_field_analysis-e.v.k06.b03.z.zeven...
Outputting fields to slab_field_analysis-e.v.k06.b04.z.zeven...
Outputting fields to slab_field_analysis-e.v.k06.b05.z.zeven...
Outputting fields to slab_field_analysis-e.v.k06.b06.z.zeven...
Outputting fields to slab_field_analysis-e.v.k06.b07.z.zeven...
Outputting fields to slab_field_analysis-e.v.k06.b08.z.zeven...
Outputting fields to slab_field_analysis-h.v.k06.b01.y.zeven...
Outputting fields to slab_field_analysis-h.v.k06.b02.y.zeven...
Outputting fields to slab_field_analysis-h.v.k06.b03.y.zeven...
Outputting fields to slab_field_analysis-h.v.k06.b04.y.zeven...
Outputting fields to slab_field_analysis-h.v.k06.b05.y.zeven...
Outputting fields to slab_field_analysis-h.v.k06.b06.y.zeven...
Outputting fields to slab_field_analysis-h.v.k06.b07.y.zeven...
Outputting fields to slab_field_analysis-h.v.k06.b08.y.zeven...
solve_kpoint (0.05,0.025,0):
Solving for bands 1 to 8...
    linmin: converged after 3 iterations.
    linmin: converged after 2 iterations.
    linmin: converged after 2 iterations.
    linmin: converged after 2 iterations.
    linmin: converged after 2 iterations.
    linmin: converged after 2 iterations.
    linmin: converged after 2 iterations.
    linmin: converged after 2 iterations.
    linmin: converged after 2 iterations.
    linmin: converged after 3 iterations.
    linmin: converged after 3 iterations.
    linmin: converged after 3 iterations.
    linmin: converged after 3 iterations.
    linmin: converged after 3 iterations.
    linmin: converged after 3 iterations.
    linmin: converged after 3 iterations.
    linmin: converged after 3 iterations.
    linmin: converged after 3 iterations.
    linmin: converged after 3 iterations.
    linmin: converged after 3 iterations.
    linmin: converged after 3 iterations.
    linmin: converged after 3 iterations.
    linmin: converged after 3 iterations.
    linmin: converged after 3 iterations.
    linmin: converged after 3 iterations.
    linmin: converged after 3 iterations.
    linmin: converged after 3 iterations.
    linmin: converged after 3 iterations.
    linmin: converged after 3 iterations.
    linmin: converged after 3 iterations.
    linmin: converged after 3 iterations.
    linmin: converged after 3 iterations.
    linmin: converged after 3 iterations.
    linmin: converged after 3 iterations.
Finished solving for bands 1 to 8 after 34 iterations.
zevenfreqs:, 7, 0.05, 0.025, 0, 0.05, 0.0349051, 0.224642, 0.225723, 0.377415, 0.434311, 0.445936, 0.446414, 0.495972
elapsed time for k point: 1 seconds.
Fixing e-field (band 1) phase by 1 + 1.89048e-05i; max ampl. = 0.886198
Fixing e-field (band 2) phase by -0.99985 + 0.0173292i; max ampl. = 0.829876
Fixing e-field (band 3) phase by 0.956344 + -0.292242i; max ampl. = 0.815525
Fixing e-field (band 4) phase by 0.999998 + 0.00187035i; max ampl. = 0.904331
Fixing e-field (band 5) phase by -0.944358 + 0.32892i; max ampl. = 0.883186
Fixing e-field (band 6) phase by -0.985632 + 0.168908i; max ampl. = 1.50296
Fixing e-field (band 7) phase by -0.777308 + 0.629121i; max ampl. = 1.36737
Fixing e-field (band 8) phase by -0.881432 + 0.472312i; max ampl. = 1.00589
Outputting fields to slab_field_analysis-e.v.k07.b01.z.zeven...
Outputting fields to slab_field_analysis-e.v.k07.b02.z.zeven...
Outputting fields to slab_field_analysis-e.v.k07.b03.z.zeven...
Outputting fields to slab_field_analysis-e.v.k07.b04.z.zeven...
Outputting fields to slab_field_analysis-e.v.k07.b05.z.zeven...
Outputting fields to slab_field_analysis-e.v.k07.b06.z.zeven...
Outputting fields to slab_field_analysis-e.v.k07.b07.z.zeven...
Outputting fields to slab_field_analysis-e.v.k07.b08.z.zeven...
Outputting fields to slab_field_analysis-h.v.k07.b01.y.zeven...
Outputting fields to slab_field_analysis-h.v.k07.b02.y.zeven...
Outputting fields to slab_field_analysis-h.v.k07.b03.y.zeven...
Outputting fields to slab_field_analysis-h.v.k07.b04.y.zeven...
Outputting fields to slab_field_analysis-h.v.k07.b05.y.zeven...
Outputting fields to slab_field_analysis-h.v.k07.b06.y.zeven...
Outputting fields to slab_field_analysis-h.v.k07.b07.y.zeven...
Outputting fields to slab_field_analysis-h.v.k07.b08.y.zeven...
Band 1 range: 0.0 at #(0.0 0.0 0.0) to 0.03490510930111967 at #(0.05 0.02500000000000001 0.0)
Band 2 range: 0.22078761001185307 at #(0.0 0.0 0.0) to 0.2246417596974152 at #(0.05 0.02500000000000001 0.0)
Band 3 range: 0.2208423772106209 at #(0.0 0.0 0.0) to 0.22572286914754686 at #(0.05 0.02500000000000001 0.0)
Band 4 range: 0.37741520305051596 at #(0.05 0.02500000000000001 0.0) to 0.37765890252346984 at #(0.0 0.0 0.0)
Band 5 range: 0.43431126310008 at #(0.05 0.02500000000000001 0.0) to 0.43584227310471935 at #(0.0 0.0 0.0)
Band 6 range: 0.4459348214520807 at #(0.0 0.0 0.0) to 0.44594126148448593 at #(0.03333333333333334 0.016666666666666677 0.0)
Band 7 range: 0.44639015804727417 at #(0.03333333333333334 0.016666666666666677 0.0) to 0.44641848099753995 at #(0.0 0.0 0.0)
Band 8 range: 0.4943693777611102 at #(0.0 0.0 0.0) to 0.49597171390246453 at #(0.05 0.02500000000000001 0.0)
Gap from band 1 (0.03490510930111967) to band 2 (0.22078761001185307), 145.3952237749951%
Gap from band 3 (0.22572286914754686) to band 4 (0.37741520305051596), 50.301030856879905%
Gap from band 4 (0.37765890252346984) to band 5 (0.43431126310008), 13.954296099809076%
Gap from band 5 (0.43584227310471935) to band 6 (0.4459348214520807), 2.2891382435907053%
Gap from band 6 (0.44594126148448593) to band 7 (0.44639015804727417), 0.10061207147088685%
Gap from band 7 (0.44641848099753995) to band 8 (0.4943693777611102), 10.19377457248235%
total elapsed time for run: 1 minute, 16 seconds.
done.
init-params: initializing eigensolver data
Computing 8 bands with 1.000000e-07 tolerance.
Working in 3 dimensions.
Grid size is 32 x 32 x 96.
Solving for 8 bands at a time.
Creating Maxwell data...
Mesh size is 3.
Lattice vectors:
     (1, 0, 0)
     (0.5, 0.866025, 0)
     (0, 0, 3)
Cell volume = 2.59808
Reciprocal lattice vectors (/ 2 pi):
     (1, -0.57735, 0)
     (-0, 1.1547, -0)
     (0, -0, 0.333333)
Geometric objects:
     block, center = (0,0,0)
          size (1e+20,1e+20,0.4)
          axes (1,0,0), (0,1,0), (0,0,1)
          epsilon = 20, mu = 1
     cylinder, center = (0,0,0)
          radius 0.35, height 0.4, axis (0, 0, 1)
          epsilon = 1, mu = 1
Geometric object tree has depth 1 and 10 object nodes (vs. 2 actual objects)
Initializing epsilon function...
7 k-points:
     (0,0,0)
     (0.00833333,0.00416667,0)
     (0.0166667,0.00833333,0)
     (0.025,0.0125,0)
     (0.0333333,0.0166667,0)
     (0.0416667,0.0208333,0)
     (0.05,0.025,0)
Solving for band polarization: zodd.
Initializing fields to random numbers...
elapsed time for initialization: 0 seconds.
epsilon: 1-20, mean 2.41379, harm. mean 1.08128, 8.16752% > 1, 7.44099% "fill"
Outputting slab_field_analysis-epsilon...
solve_kpoint (0,0,0):
zoddfreqs:, k index, k1, k2, k3, kmag/2pi, zodd band 1, zodd band 2, zodd band 3, zodd band 4, zodd band 5, zodd band 6, zodd band 7, zodd band 8
Solving for bands 2 to 8...
    linmin: converged after 7 iterations.
    linmin: converged after 12 iterations.
    linmin: converged after 5 iterations.
    linmin: converged after 5 iterations.
    linmin: converged after 5 iterations.
    linmin: converged after 3 iterations.
    linmin: converged after 5 iterations.
    linmin: converged after 4 iterations.
    linmin: converged after 3 iterations.
    linmin: converged after 3 iterations.
    linmin: converged after 3 iterations.
    linmin: converged after 4 iterations.
    linmin: converged after 4 iterations.
    linmin: converged after 4 iterations.
    linmin: converged after 4 iterations.
    linmin: converged after 4 iterations.
    linmin: converged after 4 iterations.
    linmin: converged after 2 iterations.
    linmin: converged after 2 iterations.
    linmin: converged after 2 iterations.
    linmin: converged after 2 iterations.
    linmin: converged after 2 iterations.
    linmin: converged after 2 iterations.
    linmin: converged after 2 iterations.
    linmin: converged after 2 iterations.
    linmin: converged after 2 iterations.
Finished solving for bands 2 to 8 after 26 iterations.
zoddfreqs:, 1, 0, 0, 0, 0, 0, 0.295241, 0.295311, 0.401916, 0.411342, 0.411658, 0.431434, 0.431494
elapsed time for k point: 1 seconds.
Fixing e-field (band 1) phase by 1 + -0i; max ampl. = 0
Fixing e-field (band 2) phase by 0.926367 + 0.376621i; max ampl. = 0.666525
Fixing e-field (band 3) phase by 0.971036 + 0.238934i; max ampl. = 0.685395
Fixing e-field (band 4) phase by -0.677971 + -0.735088i; max ampl. = 0.847619
Fixing e-field (band 5) phase by -0.233112 + -0.97245i; max ampl. = 0.980735
Fixing e-field (band 6) phase by 0.499749 + 0.86617i; max ampl. = 0.850243
Fixing e-field (band 7) phase by 0.444184 + 0.895936i; max ampl. = 0.569919
Fixing e-field (band 8) phase by -0.233896 + -0.972262i; max ampl. = 0.569472
Outputting fields to slab_field_analysis-e.v.k01.b01.z.zodd...
Outputting fields to slab_field_analysis-e.v.k01.b02.z.zodd...
Outputting fields to slab_field_analysis-e.v.k01.b03.z.zodd...
Outputting fields to slab_field_analysis-e.v.k01.b04.z.zodd...
Outputting fields to slab_field_analysis-e.v.k01.b05.z.zodd...
Outputting fields to slab_field_analysis-e.v.k01.b06.z.zodd...
Outputting fields to slab_field_analysis-e.v.k01.b07.z.zodd...
Outputting fields to slab_field_analysis-e.v.k01.b08.z.zodd...
Outputting fields to slab_field_analysis-h.v.k01.b01.y.zodd...
Outputting fields to slab_field_analysis-h.v.k01.b02.y.zodd...
Outputting fields to slab_field_analysis-h.v.k01.b03.y.zodd...
Outputting fields to slab_field_analysis-h.v.k01.b04.y.zodd...
Outputting fields to slab_field_analysis-h.v.k01.b05.y.zodd...
Outputting fields to slab_field_analysis-h.v.k01.b06.y.zodd...
Outputting fields to slab_field_analysis-h.v.k01.b07.y.zodd...
Outputting fields to slab_field_analysis-h.v.k01.b08.y.zodd...
solve_kpoint (0.00833333,0.00416667,0):
Solving for bands 1 to 8...
    linmin: converged after 4 iterations.
    linmin: converged after 3 iterations.
    linmin: converged after 2 iterations.
    linmin: converged after 2 iterations.
    linmin: converged after 2 iterations.
    linmin: converged after 2 iterations.
    linmin: converged after 2 iterations.
    linmin: converged after 2 iterations.
    linmin: converged after 2 iterations.
Finished solving for bands 1 to 8 after 9 iterations.
zoddfreqs:, 2, 0.00833333, 0.00416667, 0, 0.00833333, 0.00787693, 0.2953, 0.295379, 0.401859, 0.411378, 0.411665, 0.431481, 0.431538
elapsed time for k point: 0 seconds.
Fixing e-field (band 1) phase by -1 + 1.15096e-05i; max ampl. = 0.908467
Fixing e-field (band 2) phase by -0.0200097 + -0.9998i; max ampl. = 0.71329
Fixing e-field (band 3) phase by -0.0055205 + 0.999985i; max ampl. = 0.712747
Fixing e-field (band 4) phase by -0.0309304 + 0.999522i; max ampl. = 0.844702
Fixing e-field (band 5) phase by 0.964689 + 0.263392i; max ampl. = 0.975653
Fixing e-field (band 6) phase by 0.96392 + 0.266193i; max ampl. = 0.877968
Fixing e-field (band 7) phase by 0.100269 + 0.99496i; max ampl. = 0.537312
Fixing e-field (band 8) phase by 0.043656 + 0.999047i; max ampl. = 0.537088
Outputting fields to slab_field_analysis-e.v.k02.b01.z.zodd...
Outputting fields to slab_field_analysis-e.v.k02.b02.z.zodd...
Outputting fields to slab_field_analysis-e.v.k02.b03.z.zodd...
Outputting fields to slab_field_analysis-e.v.k02.b04.z.zodd...
Outputting fields to slab_field_analysis-e.v.k02.b05.z.zodd...
Outputting fields to slab_field_analysis-e.v.k02.b06.z.zodd...
Outputting fields to slab_field_analysis-e.v.k02.b07.z.zodd...
Outputting fields to slab_field_analysis-e.v.k02.b08.z.zodd...
Outputting fields to slab_field_analysis-h.v.k02.b01.y.zodd...
Outputting fields to slab_field_analysis-h.v.k02.b02.y.zodd...
Outputting fields to slab_field_analysis-h.v.k02.b03.y.zodd...
Outputting fields to slab_field_analysis-h.v.k02.b04.y.zodd...
Outputting fields to slab_field_analysis-h.v.k02.b05.y.zodd...
Outputting fields to slab_field_analysis-h.v.k02.b06.y.zodd...
Outputting fields to slab_field_analysis-h.v.k02.b07.y.zodd...
Outputting fields to slab_field_analysis-h.v.k02.b08.y.zodd...
solve_kpoint (0.0166667,0.00833333,0):
Solving for bands 1 to 8...
    linmin: converged after 3 iterations.
    linmin: converged after 3 iterations.
    linmin: converged after 3 iterations.
    linmin: converged after 2 iterations.
    linmin: converged after 2 iterations.
    linmin: converged after 2 iterations.
    linmin: converged after 2 iterations.
    linmin: converged after 2 iterations.
    linmin: converged after 2 iterations.
Finished solving for bands 1 to 8 after 9 iterations.
zoddfreqs:, 3, 0.0166667, 0.00833333, 0, 0.0166667, 0.0157526, 0.295468, 0.295592, 0.401691, 0.411448, 0.411724, 0.431616, 0.431674
elapsed time for k point: 0 seconds.
Fixing e-field (band 1) phase by 1 + -1.23282e-05i; max ampl. = 0.905414
Fixing e-field (band 2) phase by -0.0205907 + -0.999788i; max ampl. = 0.763935
Fixing e-field (band 3) phase by -0.0319034 + 0.999491i; max ampl. = 0.731252
Fixing e-field (band 4) phase by 0.0929665 + -0.995669i; max ampl. = 0.836646
Fixing e-field (band 5) phase by 0.982435 + 0.186603i; max ampl. = 0.893175
Fixing e-field (band 6) phase by -0.998431 + 0.0559882i; max ampl. = 0.960481
Fixing e-field (band 7) phase by 0.145469 + 0.989363i; max ampl. = 0.551004
Fixing e-field (band 8) phase by -0.0677578 + -0.997702i; max ampl. = 0.549598
Outputting fields to slab_field_analysis-e.v.k03.b01.z.zodd...
Outputting fields to slab_field_analysis-e.v.k03.b02.z.zodd...
Outputting fields to slab_field_analysis-e.v.k03.b03.z.zodd...
Outputting fields to slab_field_analysis-e.v.k03.b04.z.zodd...
Outputting fields to slab_field_analysis-e.v.k03.b05.z.zodd...
Outputting fields to slab_field_analysis-e.v.k03.b06.z.zodd...
Outputting fields to slab_field_analysis-e.v.k03.b07.z.zodd...
Outputting fields to slab_field_analysis-e.v.k03.b08.z.zodd...
Outputting fields to slab_field_analysis-h.v.k03.b01.y.zodd...
Outputting fields to slab_field_analysis-h.v.k03.b02.y.zodd...
Outputting fields to slab_field_analysis-h.v.k03.b03.y.zodd...
Outputting fields to slab_field_analysis-h.v.k03.b04.y.zodd...
Outputting fields to slab_field_analysis-h.v.k03.b05.y.zodd...
Outputting fields to slab_field_analysis-h.v.k03.b06.y.zodd...
Outputting fields to slab_field_analysis-h.v.k03.b07.y.zodd...
Outputting fields to slab_field_analysis-h.v.k03.b08.y.zodd...
solve_kpoint (0.025,0.0125,0):
Solving for bands 1 to 8...
    linmin: converged after 3 iterations.
    linmin: converged after 2 iterations.
    linmin: converged after 3 iterations.
    linmin: converged after 2 iterations.
    linmin: converged after 2 iterations.
    linmin: converged after 2 iterations.
    linmin: converged after 2 iterations.
    linmin: converged after 2 iterations.
    linmin: converged after 2 iterations.
Finished solving for bands 1 to 8 after 9 iterations.
zoddfreqs:, 4, 0.025, 0.0125, 0, 0.025, 0.0236258, 0.295735, 0.295957, 0.401423, 0.411459, 0.411916, 0.431827, 0.431914
elapsed time for k point: 1 seconds.
Fixing e-field (band 1) phase by 1 + -1.30029e-05i; max ampl. = 0.905301
Fixing e-field (band 2) phase by -0.0219978 + -0.999758i; max ampl. = 0.775107
Fixing e-field (band 3) phase by -0.0758854 + 0.997117i; max ampl. = 0.726492
Fixing e-field (band 4) phase by -0.131775 + 0.99128i; max ampl. = 0.824612
Fixing e-field (band 5) phase by 0.989163 + 0.146823i; max ampl. = 0.929309
Fixing e-field (band 6) phase by 0.864267 + -0.503033i; max ampl. = 0.93109
Fixing e-field (band 7) phase by 0.21698 + 0.976176i; max ampl. = 0.644844
Fixing e-field (band 8) phase by 0.0780615 + 0.996949i; max ampl. = 0.643001
Outputting fields to slab_field_analysis-e.v.k04.b01.z.zodd...
Outputting fields to slab_field_analysis-e.v.k04.b02.z.zodd...
Outputting fields to slab_field_analysis-e.v.k04.b03.z.zodd...
Outputting fields to slab_field_analysis-e.v.k04.b04.z.zodd...
Outputting fields to slab_field_analysis-e.v.k04.b05.z.zodd...
Outputting fields to slab_field_analysis-e.v.k04.b06.z.zodd...
Outputting fields to slab_field_analysis-e.v.k04.b07.z.zodd...
Outputting fields to slab_field_analysis-e.v.k04.b08.z.zodd...
Outputting fields to slab_field_analysis-h.v.k04.b01.y.zodd...
Outputting fields to slab_field_analysis-h.v.k04.b02.y.zodd...
Outputting fields to slab_field_analysis-h.v.k04.b03.y.zodd...
Outputting fields to slab_field_analysis-h.v.k04.b04.y.zodd...
Outputting fields to slab_field_analysis-h.v.k04.b05.y.zodd...
Outputting fields to slab_field_analysis-h.v.k04.b06.y.zodd...
Outputting fields to slab_field_analysis-h.v.k04.b07.y.zodd...
Outputting fields to slab_field_analysis-h.v.k04.b08.y.zodd...
solve_kpoint (0.0333333,0.0166667,0):
Solving for bands 1 to 8...
    linmin: converged after 3 iterations.
    linmin: converged after 2 iterations.
    linmin: converged after 3 iterations.
    linmin: converged after 2 iterations.
    linmin: converged after 2 iterations.
    linmin: converged after 2 iterations.
    linmin: converged after 2 iterations.
    linmin: converged after 2 iterations.
    linmin: converged after 2 iterations.
Finished solving for bands 1 to 8 after 9 iterations.
zoddfreqs:, 5, 0.0333333, 0.0166667, 0, 0.0333333, 0.0314952, 0.296104, 0.296471, 0.401068, 0.411416, 0.412225, 0.432113, 0.43226
elapsed time for k point: 0 seconds.
Fixing e-field (band 1) phase by 1 + -1.37058e-05i; max ampl. = 0.905795
Fixing e-field (band 2) phase by -0.0215297 + -0.999768i; max ampl. = 0.775971
Fixing e-field (band 3) phase by -0.125867 + 0.992047i; max ampl. = 0.720139
Fixing e-field (band 4) phase by -0.186726 + 0.982412i; max ampl. = 0.810083
Fixing e-field (band 5) phase by -0.991945 + -0.126669i; max ampl. = 0.959916
Fixing e-field (band 6) phase by 0.346546 + -0.938033i; max ampl. = 0.877299
Fixing e-field (band 7) phase by 0.297021 + 0.954871i; max ampl. = 0.673765
Fixing e-field (band 8) phase by -0.0818466 + -0.996645i; max ampl. = 0.671001
Outputting fields to slab_field_analysis-e.v.k05.b01.z.zodd...
Outputting fields to slab_field_analysis-e.v.k05.b02.z.zodd...
Outputting fields to slab_field_analysis-e.v.k05.b03.z.zodd...
Outputting fields to slab_field_analysis-e.v.k05.b04.z.zodd...
Outputting fields to slab_field_analysis-e.v.k05.b05.z.zodd...
Outputting fields to slab_field_analysis-e.v.k05.b06.z.zodd...
Outputting fields to slab_field_analysis-e.v.k05.b07.z.zodd...
Outputting fields to slab_field_analysis-e.v.k05.b08.z.zodd...
Outputting fields to slab_field_analysis-h.v.k05.b01.y.zodd...
Outputting fields to slab_field_analysis-h.v.k05.b02.y.zodd...
Outputting fields to slab_field_analysis-h.v.k05.b03.y.zodd...
Outputting fields to slab_field_analysis-h.v.k05.b04.y.zodd...
Outputting fields to slab_field_analysis-h.v.k05.b05.y.zodd...
Outputting fields to slab_field_analysis-h.v.k05.b06.y.zodd...
Outputting fields to slab_field_analysis-h.v.k05.b07.y.zodd...
Outputting fields to slab_field_analysis-h.v.k05.b08.y.zodd...
solve_kpoint (0.0416667,0.0208333,0):
Solving for bands 1 to 8...
    linmin: converged after 3 iterations.
    linmin: converged after 2 iterations.
    linmin: converged after 3 iterations.
    linmin: converged after 2 iterations.
    linmin: converged after 2 iterations.
    linmin: converged after 2 iterations.
    linmin: converged after 2 iterations.
    linmin: converged after 2 iterations.
    linmin: converged after 2 iterations.
Finished solving for bands 1 to 8 after 9 iterations.
zoddfreqs:, 6, 0.0416667, 0.0208333, 0, 0.0416667, 0.0393597, 0.296575, 0.297129, 0.400641, 0.411343, 0.412611, 0.432477, 0.432708
elapsed time for k point: 0 seconds.
Fixing e-field (band 1) phase by 1 + -1.4412e-05i; max ampl. = 0.906685
Fixing e-field (band 2) phase by -0.0214267 + -0.99977i; max ampl. = 0.775637
Fixing e-field (band 3) phase by -0.190747 + 0.981639i; max ampl. = 0.721965
Fixing e-field (band 4) phase by -0.239965 + 0.970781i; max ampl. = 0.794376
Fixing e-field (band 5) phase by -0.993178 + -0.116612i; max ampl. = 0.966217
Fixing e-field (band 6) phase by -0.0127286 + 0.999919i; max ampl. = 0.840049
Fixing e-field (band 7) phase by -0.372297 + -0.928114i; max ampl. = 0.68259
Fixing e-field (band 8) phase by -0.0832987 + -0.996525i; max ampl. = 0.678495
Outputting fields to slab_field_analysis-e.v.k06.b01.z.zodd...
Outputting fields to slab_field_analysis-e.v.k06.b02.z.zodd...
Outputting fields to slab_field_analysis-e.v.k06.b03.z.zodd...
Outputting fields to slab_field_analysis-e.v.k06.b04.z.zodd...
Outputting fields to slab_field_analysis-e.v.k06.b05.z.zodd...
Outputting fields to slab_field_analysis-e.v.k06.b06.z.zodd...
Outputting fields to slab_field_analysis-e.v.k06.b07.z.zodd...
Outputting fields to slab_field_analysis-e.v.k06.b08.z.zodd...
Outputting fields to slab_field_analysis-h.v.k06.b01.y.zodd...
Outputting fields to slab_field_analysis-h.v.k06.b02.y.zodd...
Outputting fields to slab_field_analysis-h.v.k06.b03.y.zodd...
Outputting fields to slab_field_analysis-h.v.k06.b04.y.zodd...
Outputting fields to slab_field_analysis-h.v.k06.b05.y.zodd...
Outputting fields to slab_field_analysis-h.v.k06.b06.y.zodd...
Outputting fields to slab_field_analysis-h.v.k06.b07.y.zodd...
Outputting fields to slab_field_analysis-h.v.k06.b08.y.zodd...
solve_kpoint (0.05,0.025,0):
Solving for bands 1 to 8...
    linmin: converged after 3 iterations.
    linmin: converged after 2 iterations.
    linmin: converged after 3 iterations.
    linmin: converged after 2 iterations.
    linmin: converged after 2 iterations.
    linmin: converged after 2 iterations.
    linmin: converged after 2 iterations.
    linmin: converged after 2 iterations.
    linmin: converged after 2 iterations.
Finished solving for bands 1 to 8 after 9 iterations.
zoddfreqs:, 7, 0.05, 0.025, 0, 0.05, 0.0472177, 0.297148, 0.297929, 0.400156, 0.411249, 0.413053, 0.432921, 0.433256
elapsed time for k point: 0 seconds.
Fixing e-field (band 1) phase by 1 + -1.51021e-05i; max ampl. = 0.907885
Fixing e-field (band 2) phase by -0.02033 + -0.999793i; max ampl. = 0.775444
Fixing e-field (band 3) phase by -0.249678 + 0.968329i; max ampl. = 0.723559
Fixing e-field (band 4) phase by 0.299124 + -0.954214i; max ampl. = 0.778454
Fixing e-field (band 5) phase by 0.993873 + 0.110526i; max ampl. = 0.967167
Fixing e-field (band 6) phase by 0.124902 + 0.992169i; max ampl. = 0.81284
Fixing e-field (band 7) phase by -0.435442 + -0.900217i; max ampl. = 0.686475
Fixing e-field (band 8) phase by 0.0831685 + 0.996536i; max ampl. = 0.680694
Outputting fields to slab_field_analysis-e.v.k07.b01.z.zodd...
Outputting fields to slab_field_analysis-e.v.k07.b02.z.zodd...
Outputting fields to slab_field_analysis-e.v.k07.b03.z.zodd...
Outputting fields to slab_field_analysis-e.v.k07.b04.z.zodd...
Outputting fields to slab_field_analysis-e.v.k07.b05.z.zodd...
Outputting fields to slab_field_analysis-e.v.k07.b06.z.zodd...
Outputting fields to slab_field_analysis-e.v.k07.b07.z.zodd...
Outputting fields to slab_field_analysis-e.v.k07.b08.z.zodd...
Outputting fields to slab_field_analysis-h.v.k07.b01.y.zodd...
Outputting fields to slab_field_analysis-h.v.k07.b02.y.zodd...
Outputting fields to slab_field_analysis-h.v.k07.b03.y.zodd...
Outputting fields to slab_field_analysis-h.v.k07.b04.y.zodd...
Outputting fields to slab_field_analysis-h.v.k07.b05.y.zodd...
Outputting fields to slab_field_analysis-h.v.k07.b06.y.zodd...
Outputting fields to slab_field_analysis-h.v.k07.b07.y.zodd...
Outputting fields to slab_field_analysis-h.v.k07.b08.y.zodd...
Band 1 range: 0.0 at #(0.0 0.0 0.0) to 0.04721772908340205 at #(0.05 0.02500000000000001 0.0)
Band 2 range: 0.2952412370416931 at #(0.0 0.0 0.0) to 0.29714797724999276 at #(0.05 0.02500000000000001 0.0)
Band 3 range: 0.2953114865747852 at #(0.0 0.0 0.0) to 0.29792890517773046 at #(0.05 0.02500000000000001 0.0)
Band 4 range: 0.4001555328983789 at #(0.05 0.02500000000000001 0.0) to 0.40191585483476844 at #(0.0 0.0 0.0)
Band 5 range: 0.41124898036102153 at #(0.05 0.02500000000000001 0.0) to 0.41145933538085055 at #(0.02500000000000001 0.01250000000000001 0.0)
Band 6 range: 0.4116575708857102 at #(0.0 0.0 0.0) to 0.41305307454636764 at #(0.05 0.02500000000000001 0.0)
Band 7 range: 0.43143402482240883 at #(0.0 0.0 0.0) to 0.43292073698873174 at #(0.05 0.02500000000000001 0.0)
Band 8 range: 0.43149444165860823 at #(0.0 0.0 0.0) to 0.4332564604609608 at #(0.05 0.02500000000000001 0.0)
Gap from band 1 (0.04721772908340205) to band 2 (0.2952412370416931), 144.84859938968088%
Gap from band 3 (0.29792890517773046) to band 4 (0.4001555328983789), 29.287754358879745%
Gap from band 4 (0.40191585483476844) to band 5 (0.41124898036102153), 2.295506426813429%
Gap from band 5 (0.41145933538085055) to band 6 (0.4116575708857102), 0.04816703516850082%
Gap from band 6 (0.41305307454636764) to band 7 (0.43143402482240883), 4.353163071355452%
total elapsed time for run: 1 minute, 12 seconds.
done.

------------------------------------------------------------
Sender: LSF System <lsfadmin@hpc.dtu.dk>
Subject: Job 24264461: <slab_field_analysis> in cluster <dcc> Done

Job <slab_field_analysis> was submitted from host <gbarlogin2> by user <s232699> in cluster <dcc> at Tue Mar  4 12:11:50 2025
Job was executed on host(s) <25*n-62-13-12>, in queue <fotonano>, as user <s232699> in cluster <dcc> at Tue Mar  4 12:11:52 2025
</zhome/2f/7/202918> was used as the home directory.
</zhome/2f/7/202918/phc_nzi/sources/slab_field_analysis> was used as the working directory.
Started at Tue Mar  4 12:11:52 2025
Terminated at Tue Mar  4 12:14:35 2025
Results reported at Tue Mar  4 12:14:35 2025

Your job looked like:

------------------------------------------------------------
# LSBATCH: User input
#!/bin/bash
#BSUB -J slab_field_analysis
#BSUB -q fotonano
#BSUB -n 25
#BSUB -W 24:00
#BSUB -R "rusage[mem=4GB]"
#BSUB -R "span[hosts=1]"
#BSUB -oo slab_field_analysis.out
#BSUB -eo slab_field_analysis.err

source /dtu/sw/dcc/dcc-sw.bash && module load mpb/1.11.1 && mpirun -np $LSB_DJOB_NUMPROC mpb-mpi r=0.35 slab_field_analysis.ctl
------------------------------------------------------------

Successfully completed.

Resource usage summary:

    CPU time :                                   1163.59 sec.
    Max Memory :                                 3654 MB
    Average Memory :                             3083.00 MB
    Total Requested Memory :                     102400.00 MB
    Delta Memory :                               98746.00 MB
    Max Swap :                                   -
    Max Processes :                              29
    Max Threads :                                508
    Run time :                                   172 sec.
    Turnaround time :                            165 sec.

The output (if any) is above this job summary.



PS:

Read file <slab_field_analysis.err> for stderr output of this job.

